Archive member included to satisfy reference by file (symbol)

/opt/st/stm32cubeide_1.5.0/plugins/com.st.stm32cube.ide.mcu.externaltools.gnu-tools-for-stm32.7-2018-q2-update.linux64_1.5.0.202011040924/tools/bin/../lib/gcc/arm-none-eabi/7.3.1/../../../../arm-none-eabi/lib/thumb/v7e-m/fpv4-sp/hard/libc.a(lib_a-errno.o)
                              Core/Src/syscalls.o (__errno)
/opt/st/stm32cubeide_1.5.0/plugins/com.st.stm32cube.ide.mcu.externaltools.gnu-tools-for-stm32.7-2018-q2-update.linux64_1.5.0.202011040924/tools/bin/../lib/gcc/arm-none-eabi/7.3.1/../../../../arm-none-eabi/lib/thumb/v7e-m/fpv4-sp/hard/libc.a(lib_a-exit.o)
                              /opt/st/stm32cubeide_1.5.0/plugins/com.st.stm32cube.ide.mcu.externaltools.gnu-tools-for-stm32.7-2018-q2-update.linux64_1.5.0.202011040924/tools/bin/../lib/gcc/arm-none-eabi/7.3.1/../../../../arm-none-eabi/lib/thumb/v7e-m/fpv4-sp/hard/crt0.o (exit)
/opt/st/stm32cubeide_1.5.0/plugins/com.st.stm32cube.ide.mcu.externaltools.gnu-tools-for-stm32.7-2018-q2-update.linux64_1.5.0.202011040924/tools/bin/../lib/gcc/arm-none-eabi/7.3.1/../../../../arm-none-eabi/lib/thumb/v7e-m/fpv4-sp/hard/libc.a(lib_a-impure.o)
                              /opt/st/stm32cubeide_1.5.0/plugins/com.st.stm32cube.ide.mcu.externaltools.gnu-tools-for-stm32.7-2018-q2-update.linux64_1.5.0.202011040924/tools/bin/../lib/gcc/arm-none-eabi/7.3.1/../../../../arm-none-eabi/lib/thumb/v7e-m/fpv4-sp/hard/libc.a(lib_a-exit.o) (_global_impure_ptr)
/opt/st/stm32cubeide_1.5.0/plugins/com.st.stm32cube.ide.mcu.externaltools.gnu-tools-for-stm32.7-2018-q2-update.linux64_1.5.0.202011040924/tools/bin/../lib/gcc/arm-none-eabi/7.3.1/../../../../arm-none-eabi/lib/thumb/v7e-m/fpv4-sp/hard/libc.a(lib_a-init.o)
                              /opt/st/stm32cubeide_1.5.0/plugins/com.st.stm32cube.ide.mcu.externaltools.gnu-tools-for-stm32.7-2018-q2-update.linux64_1.5.0.202011040924/tools/bin/../lib/gcc/arm-none-eabi/7.3.1/../../../../arm-none-eabi/lib/thumb/v7e-m/fpv4-sp/hard/crt0.o (__libc_init_array)
/opt/st/stm32cubeide_1.5.0/plugins/com.st.stm32cube.ide.mcu.externaltools.gnu-tools-for-stm32.7-2018-q2-update.linux64_1.5.0.202011040924/tools/bin/../lib/gcc/arm-none-eabi/7.3.1/../../../../arm-none-eabi/lib/thumb/v7e-m/fpv4-sp/hard/libc.a(lib_a-memcpy-stub.o)
                              Middlewares/Third_Party/FreeRTOS/Source/CMSIS_RTOS_V2/cmsis_os2.o (memcpy)
/opt/st/stm32cubeide_1.5.0/plugins/com.st.stm32cube.ide.mcu.externaltools.gnu-tools-for-stm32.7-2018-q2-update.linux64_1.5.0.202011040924/tools/bin/../lib/gcc/arm-none-eabi/7.3.1/../../../../arm-none-eabi/lib/thumb/v7e-m/fpv4-sp/hard/libc.a(lib_a-memset.o)
                              /opt/st/stm32cubeide_1.5.0/plugins/com.st.stm32cube.ide.mcu.externaltools.gnu-tools-for-stm32.7-2018-q2-update.linux64_1.5.0.202011040924/tools/bin/../lib/gcc/arm-none-eabi/7.3.1/../../../../arm-none-eabi/lib/thumb/v7e-m/fpv4-sp/hard/crt0.o (memset)
/opt/st/stm32cubeide_1.5.0/plugins/com.st.stm32cube.ide.mcu.externaltools.gnu-tools-for-stm32.7-2018-q2-update.linux64_1.5.0.202011040924/tools/bin/../lib/gcc/arm-none-eabi/7.3.1/../../../../arm-none-eabi/lib/thumb/v7e-m/fpv4-sp/hard/libc.a(lib_a-reent.o)
                              Middlewares/Third_Party/FreeRTOS/Source/tasks.o (_reclaim_reent)
/opt/st/stm32cubeide_1.5.0/plugins/com.st.stm32cube.ide.mcu.externaltools.gnu-tools-for-stm32.7-2018-q2-update.linux64_1.5.0.202011040924/tools/bin/../lib/gcc/arm-none-eabi/7.3.1/../../../../arm-none-eabi/lib/thumb/v7e-m/fpv4-sp/hard/libc.a(lib_a-sprintf.o)
                              Middlewares/Third_Party/FreeRTOS/Source/tasks.o (sprintf)
/opt/st/stm32cubeide_1.5.0/plugins/com.st.stm32cube.ide.mcu.externaltools.gnu-tools-for-stm32.7-2018-q2-update.linux64_1.5.0.202011040924/tools/bin/../lib/gcc/arm-none-eabi/7.3.1/../../../../arm-none-eabi/lib/thumb/v7e-m/fpv4-sp/hard/libc.a(lib_a-strcpy.o)
                              Middlewares/Third_Party/FreeRTOS/Source/tasks.o (strcpy)
/opt/st/stm32cubeide_1.5.0/plugins/com.st.stm32cube.ide.mcu.externaltools.gnu-tools-for-stm32.7-2018-q2-update.linux64_1.5.0.202011040924/tools/bin/../lib/gcc/arm-none-eabi/7.3.1/../../../../arm-none-eabi/lib/thumb/v7e-m/fpv4-sp/hard/libc.a(lib_a-strlen.o)
                              Middlewares/Third_Party/FreeRTOS/Source/tasks.o (strlen)
/opt/st/stm32cubeide_1.5.0/plugins/com.st.stm32cube.ide.mcu.externaltools.gnu-tools-for-stm32.7-2018-q2-update.linux64_1.5.0.202011040924/tools/bin/../lib/gcc/arm-none-eabi/7.3.1/../../../../arm-none-eabi/lib/thumb/v7e-m/fpv4-sp/hard/libc.a(lib_a-svfprintf.o)
                              /opt/st/stm32cubeide_1.5.0/plugins/com.st.stm32cube.ide.mcu.externaltools.gnu-tools-for-stm32.7-2018-q2-update.linux64_1.5.0.202011040924/tools/bin/../lib/gcc/arm-none-eabi/7.3.1/../../../../arm-none-eabi/lib/thumb/v7e-m/fpv4-sp/hard/libc.a(lib_a-sprintf.o) (_svfprintf_r)
[...]
Memory Configuration

Name             Origin             Length             Attributes
RAM              0x0000000020000000 0x00000000000a0000 xrw
FLASH            0x0000000008000000 0x0000000000100000 xr
*default*        0x0000000000000000 0xffffffffffffffff

Linker script and memory map

LOAD /opt/st/stm32cubeide_1.5.0/plugins/com.st.stm32cube.ide.mcu.externaltools.gnu-tools-for-stm32.7-2018-q2-update.linux64_1.5.0.202011040924/tools/bin/../lib/gcc/arm-none-eabi/7.3.1/thumb/v7e-m/fpv4-sp/hard/crti.o
LOAD /opt/st/stm32cubeide_1.5.0/plugins/com.st.stm32cube.ide.mcu.externaltools.gnu-tools-for-stm32.7-2018-q2-update.linux64_1.5.0.202011040924/tools/bin/../lib/gcc/arm-none-eabi/7.3.1/thumb/v7e-m/fpv4-sp/hard/crtbegin.o
LOAD /opt/st/stm32cubeide_1.5.0/plugins/com.st.stm32cube.ide.mcu.externaltools.gnu-tools-for-stm32.7-2018-q2-update.linux64_1.5.0.202011040924/tools/bin/../lib/gcc/arm-none-eabi/7.3.1/../../../../arm-none-eabi/lib/thumb/v7e-m/fpv4-sp/hard/crt0.o
LOAD Core/Src/adc.o
LOAD Core/Src/can.o
LOAD Core/Src/crc.o
LOAD Core/Src/dma.o
LOAD Core/Src/freertos.o
LOAD Core/Src/gpio.o
LOAD Core/Src/i2c.o
LOAD Core/Src/main.o
LOAD Core/Src/rng.o
LOAD Core/Src/spi.o
LOAD Core/Src/stm32l4xx_hal_msp.o
LOAD Core/Src/stm32l4xx_hal_timebase_tim.o
LOAD Core/Src/stm32l4xx_it.o
LOAD Core/Src/syscalls.o
LOAD Core/Src/sysmem.o
LOAD Core/Src/system_stm32l4xx.o
LOAD Core/Src/tim.o
LOAD Core/Src/usart.o
LOAD Core/Startup/startup_stm32l4r9vgtx.o
LOAD Drivers/STM32L4xx_HAL_Driver/Src/stm32l4xx_hal.o
LOAD Drivers/STM32L4xx_HAL_Driver/Src/stm32l4xx_hal_adc.o
LOAD Drivers/STM32L4xx_HAL_Driver/Src/stm32l4xx_hal_adc_ex.o
LOAD Drivers/STM32L4xx_HAL_Driver/Src/stm32l4xx_hal_can.o
LOAD Drivers/STM32L4xx_HAL_Driver/Src/stm32l4xx_hal_cortex.o
LOAD Drivers/STM32L4xx_HAL_Driver/Src/stm32l4xx_hal_crc.o
LOAD Drivers/STM32L4xx_HAL_Driver/Src/stm32l4xx_hal_crc_ex.o
LOAD Drivers/STM32L4xx_HAL_Driver/Src/stm32l4xx_hal_dma.o
LOAD Drivers/STM32L4xx_HAL_Driver/Src/stm32l4xx_hal_dma_ex.o
LOAD Drivers/STM32L4xx_HAL_Driver/Src/stm32l4xx_hal_exti.o
LOAD Drivers/STM32L4xx_HAL_Driver/Src/stm32l4xx_hal_flash.o
LOAD Drivers/STM32L4xx_HAL_Driver/Src/stm32l4xx_hal_flash_ex.o
LOAD Drivers/STM32L4xx_HAL_Driver/Src/stm32l4xx_hal_flash_ramfunc.o
LOAD Drivers/STM32L4xx_HAL_Driver/Src/stm32l4xx_hal_gpio.o
LOAD Drivers/STM32L4xx_HAL_Driver/Src/stm32l4xx_hal_i2c.o
LOAD Drivers/STM32L4xx_HAL_Driver/Src/stm32l4xx_hal_i2c_ex.o
LOAD Drivers/STM32L4xx_HAL_Driver/Src/stm32l4xx_hal_pwr.o
LOAD Drivers/STM32L4xx_HAL_Driver/Src/stm32l4xx_hal_pwr_ex.o
LOAD Drivers/STM32L4xx_HAL_Driver/Src/stm32l4xx_hal_rcc.o
LOAD Drivers/STM32L4xx_HAL_Driver/Src/stm32l4xx_hal_rcc_ex.o
LOAD Drivers/STM32L4xx_HAL_Driver/Src/stm32l4xx_hal_rng.o
LOAD Drivers/STM32L4xx_HAL_Driver/Src/stm32l4xx_hal_rng_ex.o
LOAD Drivers/STM32L4xx_HAL_Driver/Src/stm32l4xx_hal_spi.o
LOAD Drivers/STM32L4xx_HAL_Driver/Src/stm32l4xx_hal_spi_ex.o
LOAD Drivers/STM32L4xx_HAL_Driver/Src/stm32l4xx_hal_tim.o
LOAD Drivers/STM32L4xx_HAL_Driver/Src/stm32l4xx_hal_tim_ex.o
LOAD Drivers/STM32L4xx_HAL_Driver/Src/stm32l4xx_hal_uart.o
LOAD Drivers/STM32L4xx_HAL_Driver/Src/stm32l4xx_hal_uart_ex.o
LOAD Middlewares/Third_Party/FreeRTOS/Source/CMSIS_RTOS_V2/cmsis_os2.o
LOAD Middlewares/Third_Party/FreeRTOS/Source/croutine.o
LOAD Middlewares/Third_Party/FreeRTOS/Source/event_groups.o
LOAD Middlewares/Third_Party/FreeRTOS/Source/list.o
LOAD Middlewares/Third_Party/FreeRTOS/Source/queue.o
LOAD Middlewares/Third_Party/FreeRTOS/Source/stream_buffer.o
LOAD Middlewares/Third_Party/FreeRTOS/Source/tasks.o
LOAD Middlewares/Third_Party/FreeRTOS/Source/timers.o
LOAD Middlewares/Third_Party/FreeRTOS/Source/portable/GCC/ARM_CM4F/port.o
LOAD Middlewares/Third_Party/FreeRTOS/Source/portable/MemMang/heap_5.o
START GROUP
LOAD /opt/st/stm32cubeide_1.5.0/plugins/com.st.stm32cube.ide.mcu.externaltools.gnu-tools-for-stm32.7-2018-q2-update.linux64_1.5.0.202011040924/tools/bin/../lib/gcc/arm-none-eabi/7.3.1/../../../../arm-none-eabi/lib/thumb/v7e-m/fpv4-sp/hard/libstdc++.a
LOAD /opt/st/stm32cubeide_1.5.0/plugins/com.st.stm32cube.ide.mcu.externaltools.gnu-tools-for-stm32.7-2018-q2-update.linux64_1.5.0.202011040924/tools/bin/../lib/gcc/arm-none-eabi/7.3.1/../../../../arm-none-eabi/lib/thumb/v7e-m/fpv4-sp/hard/libsupc++.a
END GROUP
LOAD /opt/st/stm32cubeide_1.5.0/plugins/com.st.stm32cube.ide.mcu.externaltools.gnu-tools-for-stm32.7-2018-q2-update.linux64_1.5.0.202011040924/tools/bin/../lib/gcc/arm-none-eabi/7.3.1/../../../../arm-none-eabi/lib/thumb/v7e-m/fpv4-sp/hard/libstdc++.a
LOAD /opt/st/stm32cubeide_1.5.0/plugins/com.st.stm32cube.ide.mcu.externaltools.gnu-tools-for-stm32.7-2018-q2-update.linux64_1.5.0.202011040924/tools/bin/../lib/gcc/arm-none-eabi/7.3.1/../../../../arm-none-eabi/lib/thumb/v7e-m/fpv4-sp/hard/libm.a
LOAD /opt/st/stm32cubeide_1.5.0/plugins/com.st.stm32cube.ide.mcu.externaltools.gnu-tools-for-stm32.7-2018-q2-update.linux64_1.5.0.202011040924/tools/bin/../lib/gcc/arm-none-eabi/7.3.1/../../../../arm-none-eabi/lib/thumb/v7e-m/fpv4-sp/hard/libc.a
START GROUP
LOAD /opt/st/stm32cubeide_1.5.0/plugins/com.st.stm32cube.ide.mcu.externaltools.gnu-tools-for-stm32.7-2018-q2-update.linux64_1.5.0.202011040924/tools/bin/../lib/gcc/arm-none-eabi/7.3.1/thumb/v7e-m/fpv4-sp/hard/libgcc.a
LOAD /opt/st/stm32cubeide_1.5.0/plugins/com.st.stm32cube.ide.mcu.externaltools.gnu-tools-for-stm32.7-2018-q2-update.linux64_1.5.0.202011040924/tools/bin/../lib/gcc/arm-none-eabi/7.3.1/../../../../arm-none-eabi/lib/thumb/v7e-m/fpv4-sp/hard/libc.a
END GROUP
START GROUP
LOAD /opt/st/stm32cubeide_1.5.0/plugins/com.st.stm32cube.ide.mcu.externaltools.gnu-tools-for-stm32.7-2018-q2-update.linux64_1.5.0.202011040924/tools/bin/../lib/gcc/arm-none-eabi/7.3.1/thumb/v7e-m/fpv4-sp/hard/libgcc.a
LOAD /opt/st/stm32cubeide_1.5.0/plugins/com.st.stm32cube.ide.mcu.externaltools.gnu-tools-for-stm32.7-2018-q2-update.linux64_1.5.0.202011040924/tools/bin/../lib/gcc/arm-none-eabi/7.3.1/../../../../arm-none-eabi/lib/thumb/v7e-m/fpv4-sp/hard/libc.a
LOAD /opt/st/stm32cubeide_1.5.0/plugins/com.st.stm32cube.ide.mcu.externaltools.gnu-tools-for-stm32.7-2018-q2-update.linux64_1.5.0.202011040924/tools/bin/../lib/gcc/arm-none-eabi/7.3.1/../../../../arm-none-eabi/lib/thumb/v7e-m/fpv4-sp/hard/libnosys.a
END GROUP
LOAD /opt/st/stm32cubeide_1.5.0/plugins/com.st.stm32cube.ide.mcu.externaltools.gnu-tools-for-stm32.7-2018-q2-update.linux64_1.5.0.202011040924/tools/bin/../lib/gcc/arm-none-eabi/7.3.1/thumb/v7e-m/fpv4-sp/hard/crtend.o
LOAD /opt/st/stm32cubeide_1.5.0/plugins/com.st.stm32cube.ide.mcu.externaltools.gnu-tools-for-stm32.7-2018-q2-update.linux64_1.5.0.202011040924/tools/bin/../lib/gcc/arm-none-eabi/7.3.1/thumb/v7e-m/fpv4-sp/hard/crtn.o
                0x00000000200a0000                _estack = (ORIGIN (RAM) + LENGTH (RAM))
                0x0000000000000200                _Min_Heap_Size = 0x200
                0x0000000000000400                _Min_Stack_Size = 0x400

.isr_vector     0x0000000008000000      0x1bc
                0x0000000008000000                . = ALIGN (0x4)
 *(.isr_vector)
 .isr_vector    0x0000000008000000      0x1bc Core/Startup/startup_stm32l4r9vgtx.o
                0x0000000008000000                g_pfnVectors
                0x00000000080001bc                . = ALIGN (0x4)

.text           0x00000000080001c0     0xe0ec
                0x00000000080001c0                . = ALIGN (0x4)
 *(.text)
 .text          0x00000000080001c0       0x40 /opt/st/stm32cubeide_1.5.0/plugins/com.st.stm32cube.ide.mcu.externaltools.gnu-tools-for-stm32.7-2018-q2-update.linux64_1.5.0.202011040924/tools/bin/../lib/gcc/arm-none-eabi/7.3.1/thumb/v7e-m/fpv4-sp/hard/crtbegin.o
 .text          0x0000000008000200       0x30 /opt/st/stm32cubeide_1.5.0/plugins/com.st.stm32cube.ide.mcu.externaltools.gnu-tools-for-stm32.7-2018-q2-update.linux64_1.5.0.202011040924/tools/bin/../lib/gcc/arm-none-eabi/7.3.1/thumb/v7e-m/fpv4-sp/hard/libgcc.a(_aeabi_uldivmod.o)
                0x0000000008000200                __aeabi_uldivmod
 .text          0x0000000008000230      0x2cc /opt/st/stm32cubeide_1.5.0/plugins/com.st.stm32cube.ide.mcu.externaltools.gnu-tools-for-stm32.7-2018-q2-update.linux64_1.5.0.202011040924/tools/bin/../lib/gcc/arm-none-eabi/7.3.1/thumb/v7e-m/fpv4-sp/hard/libgcc.a(_udivmoddi4.o)
                0x0000000008000230                __udivmoddi4
 .text          0x00000000080004fc        0x4 /opt/st/stm32cubeide_1.5.0/plugins/com.st.stm32cube.ide.mcu.externaltools.gnu-tools-for-stm32.7-2018-q2-update.linux64_1.5.0.202011040924/tools/bin/../lib/gcc/arm-none-eabi/7.3.1/thumb/v7e-m/fpv4-sp/hard/libgcc.a(_dvmd_tls.o)
                0x00000000080004fc                __aeabi_ldiv0
                0x00000000080004fc                __aeabi_idiv0
 *(.text*)
 .text.MX_ADC1_Init
                0x0000000008000500       0xec Core/Src/adc.o
                0x0000000008000500                MX_ADC1_Init
 .text.HAL_ADC_MspInit
                0x00000000080005ec      0x120 Core/Src/adc.o
                0x00000000080005ec                HAL_ADC_MspInit
 .text.MX_CAN1_Init
                0x000000000800070c       0x6c Core/Src/can.o
                0x000000000800070c                MX_CAN1_Init
 .text.HAL_CAN_MspInit
                0x0000000008000778       0xb8 Core/Src/can.o
                0x0000000008000778                HAL_CAN_MspInit
 .text.MX_CRC_Init
                0x0000000008000830       0x44 Core/Src/crc.o
                0x0000000008000830                MX_CRC_Init
 .text.HAL_CRC_MspInit
                0x0000000008000874       0x40 Core/Src/crc.o
                0x0000000008000874                HAL_CRC_MspInit
 .text.MX_DMA_Init
                0x00000000080008b4       0x54 Core/Src/dma.o
                0x00000000080008b4                MX_DMA_Init
 .text.configureTimerForRunTimeStats
                0x0000000008000908        0xe Core/Src/freertos.o
                0x0000000008000908                configureTimerForRunTimeStats
 .text.getRunTimeCounterValue
                0x0000000008000916       0x10 Core/Src/freertos.o
                0x0000000008000916                getRunTimeCounterValue
 *fill*         0x0000000008000926        0x2 
 .text._Z16MX_FREERTOS_Initv
                0x0000000008000928      0x21c Core/Src/freertos.o
                0x0000000008000928                MX_FREERTOS_Init()
 .text._Z14startMeasuringPv
                0x0000000008000b44       0x10 Core/Src/freertos.o
                0x0000000008000b44                startMeasuring(void*)
 .text._Z10startCANIOPv
                0x0000000008000b54       0x10 Core/Src/freertos.o
                0x0000000008000b54                startCANIO(void*)
 .text._Z15startMonitoringPv
                0x0000000008000b64       0x10 Core/Src/freertos.o
                0x0000000008000b64                startMonitoring(void*)
 .text._Z7startUIPv
                0x0000000008000b74       0x20 Core/Src/freertos.o
                0x0000000008000b74                startUI(void*)
 .text._Z11startUARTIOPv
                0x0000000008000b94       0x10 Core/Src/freertos.o
                0x0000000008000b94                startUARTIO(void*)
 .text._Z16startMeasurementPv
                0x0000000008000ba4       0x14 Core/Src/freertos.o
                0x0000000008000ba4                startMeasurement(void*)
 .text._Z8stopLEDsPv
                0x0000000008000bb8       0x14 Core/Src/freertos.o
                0x0000000008000bb8                stopLEDs(void*)
 .text._Z13LEDSlowTogglePv
                0x0000000008000bcc       0x14 Core/Src/freertos.o
                0x0000000008000bcc                LEDSlowToggle(void*)
 .text._Z13LEDFastTogglePv
                0x0000000008000be0       0x14 Core/Src/freertos.o
                0x0000000008000be0                LEDFastToggle(void*)
 .text._Z14ProcessButtonsPv
                0x0000000008000bf4       0x14 Core/Src/freertos.o
                0x0000000008000bf4                ProcessButtons(void*)
 .text.MX_GPIO_Init
                0x0000000008000c08      0x178 Core/Src/gpio.o
                0x0000000008000c08                MX_GPIO_Init
 .text.MX_I2C1_Init
                0x0000000008000d80       0x80 Core/Src/i2c.o
                0x0000000008000d80                MX_I2C1_Init
 .text.HAL_I2C_MspInit
                0x0000000008000e00       0x88 Core/Src/i2c.o
                0x0000000008000e00                HAL_I2C_MspInit
 .text.main     0x0000000008000e88       0x42 Core/Src/main.o
                0x0000000008000e88                main
 *fill*         0x0000000008000eca        0x2 
 .text._Z18SystemClock_Configv
                0x0000000008000ecc      0x14c Core/Src/main.o
                0x0000000008000ecc                SystemClock_Config()
 .text.HAL_TIM_PeriodElapsedCallback
                0x0000000008001018       0x24 Core/Src/main.o
                0x0000000008001018                HAL_TIM_PeriodElapsedCallback
 .text.Error_Handler
                0x000000000800103c        0x8 Core/Src/main.o
                0x000000000800103c                Error_Handler
 .text.assert_failed
                0x0000000008001044       0x16 Core/Src/main.o
                0x0000000008001044                assert_failed
 *fill*         0x000000000800105a        0x2 
 .text.MX_RNG_Init
                0x000000000800105c       0x2c Core/Src/rng.o
                0x000000000800105c                MX_RNG_Init
 .text.HAL_RNG_MspInit
                0x0000000008001088       0x40 Core/Src/rng.o
                0x0000000008001088                HAL_RNG_MspInit
 .text.MX_SPI1_Init
                0x00000000080010c8       0x7c Core/Src/spi.o
                0x00000000080010c8                MX_SPI1_Init
 .text.HAL_SPI_MspInit
                0x0000000008001144       0x94 Core/Src/spi.o
                0x0000000008001144                HAL_SPI_MspInit
 .text.HAL_MspInit
                0x00000000080011d8       0x50 Core/Src/stm32l4xx_hal_msp.o
                0x00000000080011d8                HAL_MspInit
 .text.HAL_InitTick
                0x0000000008001228       0xac Core/Src/stm32l4xx_hal_timebase_tim.o
                0x0000000008001228                HAL_InitTick
 .text.NMI_Handler
                0x00000000080012d4        0x6 Core/Src/stm32l4xx_it.o
                0x00000000080012d4                NMI_Handler
 .text.HardFault_Handler
                0x00000000080012da        0x6 Core/Src/stm32l4xx_it.o
                0x00000000080012da                HardFault_Handler
 .text.MemManage_Handler
                0x00000000080012e0        0x6 Core/Src/stm32l4xx_it.o
                0x00000000080012e0                MemManage_Handler
 .text.BusFault_Handler
                0x00000000080012e6        0x6 Core/Src/stm32l4xx_it.o
                0x00000000080012e6                BusFault_Handler
 .text.UsageFault_Handler
                0x00000000080012ec        0x6 Core/Src/stm32l4xx_it.o
                0x00000000080012ec                UsageFault_Handler
 .text.DebugMon_Handler
                0x00000000080012f2        0xe Core/Src/stm32l4xx_it.o
                0x00000000080012f2                DebugMon_Handler
 .text.DMA1_Channel1_IRQHandler
                0x0000000008001300       0x14 Core/Src/stm32l4xx_it.o
                0x0000000008001300                DMA1_Channel1_IRQHandler
 .text.ADC1_IRQHandler
                0x0000000008001314       0x14 Core/Src/stm32l4xx_it.o
                0x0000000008001314                ADC1_IRQHandler
 .text.CAN1_TX_IRQHandler
                0x0000000008001328       0x14 Core/Src/stm32l4xx_it.o
                0x0000000008001328                CAN1_TX_IRQHandler
 .text.CAN1_RX0_IRQHandler
                0x000000000800133c       0x14 Core/Src/stm32l4xx_it.o
                0x000000000800133c                CAN1_RX0_IRQHandler
 .text.CAN1_RX1_IRQHandler
                0x0000000008001350       0x14 Core/Src/stm32l4xx_it.o
                0x0000000008001350                CAN1_RX1_IRQHandler
 .text.TIM1_UP_TIM16_IRQHandler
                0x0000000008001364       0x14 Core/Src/stm32l4xx_it.o
                0x0000000008001364                TIM1_UP_TIM16_IRQHandler
 .text.TIM3_IRQHandler
                0x0000000008001378       0x14 Core/Src/stm32l4xx_it.o
                0x0000000008001378                TIM3_IRQHandler
 .text.SPI1_IRQHandler
                0x000000000800138c       0x14 Core/Src/stm32l4xx_it.o
                0x000000000800138c                SPI1_IRQHandler
 .text.USART1_IRQHandler
                0x00000000080013a0       0x14 Core/Src/stm32l4xx_it.o
                0x00000000080013a0                USART1_IRQHandler
 .text.EXTI15_10_IRQHandler
                0x00000000080013b4       0x10 Core/Src/stm32l4xx_it.o
                0x00000000080013b4                EXTI15_10_IRQHandler
 .text._sbrk    0x00000000080013c4       0x6c Core/Src/sysmem.o
                0x00000000080013c4                _sbrk
 .text.SystemInit
                0x0000000008001430       0x6c Core/Src/system_stm32l4xx.o
                0x0000000008001430                SystemInit
 .text.MX_TIM3_Init
                0x000000000800149c       0xa8 Core/Src/tim.o
                0x000000000800149c                MX_TIM3_Init
 .text.HAL_TIM_IC_MspInit
                0x0000000008001544       0x98 Core/Src/tim.o
                0x0000000008001544                HAL_TIM_IC_MspInit
 .text.MX_USART1_UART_Init
                0x00000000080015dc       0x98 Core/Src/usart.o
                0x00000000080015dc                MX_USART1_UART_Init
 .text.HAL_UART_MspInit
                0x0000000008001674       0x98 Core/Src/usart.o
                0x0000000008001674                HAL_UART_MspInit
 .text.Reset_Handler
                0x000000000800170c       0x50 Core/Startup/startup_stm32l4r9vgtx.o
                0x000000000800170c                Reset_Handler
 .text.Default_Handler
                0x000000000800175c        0x2 Core/Startup/startup_stm32l4r9vgtx.o
                0x000000000800175c                RTC_Alarm_IRQHandler
                0x000000000800175c                EXTI2_IRQHandler
                0x000000000800175c                TIM8_TRG_COM_IRQHandler
                0x000000000800175c                TIM8_CC_IRQHandler
                0x000000000800175c                TIM1_CC_IRQHandler
                0x000000000800175c                TSC_IRQHandler
                0x000000000800175c                TAMP_STAMP_IRQHandler
                0x000000000800175c                EXTI3_IRQHandler
                0x000000000800175c                LPTIM2_IRQHandler
                0x000000000800175c                DFSDM1_FLT1_IRQHandler
                0x000000000800175c                GFXMMU_IRQHandler
                0x000000000800175c                I2C3_ER_IRQHandler
                0x000000000800175c                DFSDM1_FLT2_IRQHandler
                0x000000000800175c                EXTI0_IRQHandler
                0x000000000800175c                I2C2_EV_IRQHandler
                0x000000000800175c                FPU_IRQHandler
                0x000000000800175c                LTDC_ER_IRQHandler
                0x000000000800175c                OCTOSPI1_IRQHandler
                0x000000000800175c                TIM6_DAC_IRQHandler
                0x000000000800175c                DCMI_IRQHandler
                0x000000000800175c                TIM8_UP_IRQHandler
                0x000000000800175c                OCTOSPI2_IRQHandler
                0x000000000800175c                DMA2_Channel2_IRQHandler
                0x000000000800175c                DMA1_Channel4_IRQHandler
                0x000000000800175c                SAI2_IRQHandler
                0x000000000800175c                DFSDM1_FLT3_IRQHandler
                0x000000000800175c                USART3_IRQHandler
                0x000000000800175c                DMA1_Channel7_IRQHandler
                0x000000000800175c                UART5_IRQHandler
                0x000000000800175c                TIM4_IRQHandler
                0x000000000800175c                DMA2_Channel1_IRQHandler
                0x000000000800175c                I2C1_EV_IRQHandler
                0x000000000800175c                DMAMUX1_OVR_IRQHandler
                0x000000000800175c                DMA1_Channel6_IRQHandler
                0x000000000800175c                UART4_IRQHandler
                0x000000000800175c                DMA2_Channel4_IRQHandler
                0x000000000800175c                RCC_IRQHandler
                0x000000000800175c                Default_Handler
                0x000000000800175c                DMA2_Channel7_IRQHandler
                0x000000000800175c                TIM7_IRQHandler
                0x000000000800175c                SDMMC1_IRQHandler
                0x000000000800175c                TIM5_IRQHandler
                0x000000000800175c                I2C3_EV_IRQHandler
                0x000000000800175c                EXTI9_5_IRQHandler
                0x000000000800175c                RTC_WKUP_IRQHandler
                0x000000000800175c                LTDC_IRQHandler
                0x000000000800175c                PVD_PVM_IRQHandler
                0x000000000800175c                SPI2_IRQHandler
                0x000000000800175c                DMA2_Channel5_IRQHandler
                0x000000000800175c                CRS_IRQHandler
                0x000000000800175c                DMA1_Channel5_IRQHandler
                0x000000000800175c                EXTI4_IRQHandler
                0x000000000800175c                RNG_IRQHandler
                0x000000000800175c                TIM1_TRG_COM_TIM17_IRQHandler
                0x000000000800175c                DMA1_Channel3_IRQHandler
                0x000000000800175c                COMP_IRQHandler
                0x000000000800175c                DSI_IRQHandler
                0x000000000800175c                WWDG_IRQHandler
                0x000000000800175c                I2C4_EV_IRQHandler
                0x000000000800175c                LPUART1_IRQHandler
                0x000000000800175c                DMA2_Channel6_IRQHandler
                0x000000000800175c                TIM2_IRQHandler
                0x000000000800175c                DMA2D_IRQHandler
                0x000000000800175c                EXTI1_IRQHandler
                0x000000000800175c                USART2_IRQHandler
                0x000000000800175c                DFSDM1_FLT0_IRQHandler
                0x000000000800175c                I2C2_ER_IRQHandler
                0x000000000800175c                DMA1_Channel2_IRQHandler
                0x000000000800175c                TIM8_BRK_IRQHandler
                0x000000000800175c                CAN1_SCE_IRQHandler
                0x000000000800175c                FLASH_IRQHandler
                0x000000000800175c                OTG_FS_IRQHandler
                0x000000000800175c                SPI3_IRQHandler
                0x000000000800175c                I2C1_ER_IRQHandler
                0x000000000800175c                FMC_IRQHandler
                0x000000000800175c                LPTIM1_IRQHandler
                0x000000000800175c                I2C4_ER_IRQHandler
                0x000000000800175c                SAI1_IRQHandler
                0x000000000800175c                DMA2_Channel3_IRQHandler
                0x000000000800175c                TIM1_BRK_TIM15_IRQHandler
 .text.HAL_Init
                0x000000000800175e       0x30 Drivers/STM32L4xx_HAL_Driver/Src/stm32l4xx_hal.o
                0x000000000800175e                HAL_Init
 *fill*         0x000000000800178e        0x2 
 .text.HAL_IncTick
                0x0000000008001790       0x28 Drivers/STM32L4xx_HAL_Driver/Src/stm32l4xx_hal.o
                0x0000000008001790                HAL_IncTick
 .text.HAL_GetTick
                0x00000000080017b8       0x18 Drivers/STM32L4xx_HAL_Driver/Src/stm32l4xx_hal.o
                0x00000000080017b8                HAL_GetTick
 .text.LL_ADC_SetCommonClock
                0x00000000080017d0       0x26 Drivers/STM32L4xx_HAL_Driver/Src/stm32l4xx_hal_adc.o
 .text.LL_ADC_SetCommonPathInternalCh
                0x00000000080017f6       0x26 Drivers/STM32L4xx_HAL_Driver/Src/stm32l4xx_hal_adc.o
 .text.LL_ADC_GetCommonPathInternalCh
                0x000000000800181c       0x1c Drivers/STM32L4xx_HAL_Driver/Src/stm32l4xx_hal_adc.o
 .text.LL_ADC_GetResolution
                0x0000000008001838       0x1c Drivers/STM32L4xx_HAL_Driver/Src/stm32l4xx_hal_adc.o
 .text.LL_ADC_SetOffset
                0x0000000008001854       0x48 Drivers/STM32L4xx_HAL_Driver/Src/stm32l4xx_hal_adc.o
 .text.LL_ADC_GetOffsetChannel
                0x000000000800189c       0x2c Drivers/STM32L4xx_HAL_Driver/Src/stm32l4xx_hal_adc.o
 .text.LL_ADC_SetOffsetState
                0x00000000080018c8       0x36 Drivers/STM32L4xx_HAL_Driver/Src/stm32l4xx_hal_adc.o
 .text.LL_ADC_SetSamplingTimeCommonConfig
                0x00000000080018fe       0x26 Drivers/STM32L4xx_HAL_Driver/Src/stm32l4xx_hal_adc.o
 .text.LL_ADC_REG_IsTriggerSourceSWStart
                0x0000000008001924       0x26 Drivers/STM32L4xx_HAL_Driver/Src/stm32l4xx_hal_adc.o
 .text.LL_ADC_REG_SetSequencerRanks
                0x000000000800194a       0x58 Drivers/STM32L4xx_HAL_Driver/Src/stm32l4xx_hal_adc.o
 .text.LL_ADC_INJ_IsTriggerSourceSWStart
                0x00000000080019a2       0x26 Drivers/STM32L4xx_HAL_Driver/Src/stm32l4xx_hal_adc.o
 .text.LL_ADC_SetChannelSamplingTime
                0x00000000080019c8       0x56 Drivers/STM32L4xx_HAL_Driver/Src/stm32l4xx_hal_adc.o
 *fill*         0x0000000008001a1e        0x2 
 .text.LL_ADC_SetChannelSingleDiff
                0x0000000008001a20       0x48 Drivers/STM32L4xx_HAL_Driver/Src/stm32l4xx_hal_adc.o
 .text.LL_ADC_DisableDeepPowerDown
                0x0000000008001a68       0x24 Drivers/STM32L4xx_HAL_Driver/Src/stm32l4xx_hal_adc.o
 .text.LL_ADC_IsDeepPowerDownEnabled
                0x0000000008001a8c       0x28 Drivers/STM32L4xx_HAL_Driver/Src/stm32l4xx_hal_adc.o
 .text.LL_ADC_EnableInternalRegulator
                0x0000000008001ab4       0x28 Drivers/STM32L4xx_HAL_Driver/Src/stm32l4xx_hal_adc.o
 .text.LL_ADC_IsInternalRegulatorEnabled
                0x0000000008001adc       0x28 Drivers/STM32L4xx_HAL_Driver/Src/stm32l4xx_hal_adc.o
 .text.LL_ADC_IsEnabled
                0x0000000008001b04       0x26 Drivers/STM32L4xx_HAL_Driver/Src/stm32l4xx_hal_adc.o
 .text.LL_ADC_REG_IsConversionOngoing
                0x0000000008001b2a       0x26 Drivers/STM32L4xx_HAL_Driver/Src/stm32l4xx_hal_adc.o
 .text.LL_ADC_INJ_IsConversionOngoing
                0x0000000008001b50       0x26 Drivers/STM32L4xx_HAL_Driver/Src/stm32l4xx_hal_adc.o
 *fill*         0x0000000008001b76        0x2 
 .text.HAL_ADC_Init
                0x0000000008001b78      0x72c Drivers/STM32L4xx_HAL_Driver/Src/stm32l4xx_hal_adc.o
                0x0000000008001b78                HAL_ADC_Init
 .text.HAL_ADC_IRQHandler
                0x00000000080022a4      0x3b4 Drivers/STM32L4xx_HAL_Driver/Src/stm32l4xx_hal_adc.o
                0x00000000080022a4                HAL_ADC_IRQHandler
 .text.HAL_ADC_ConvCpltCallback
                0x0000000008002658       0x14 Drivers/STM32L4xx_HAL_Driver/Src/stm32l4xx_hal_adc.o
                0x0000000008002658                HAL_ADC_ConvCpltCallback
 .text.HAL_ADC_ConvHalfCpltCallback
                0x000000000800266c       0x14 Drivers/STM32L4xx_HAL_Driver/Src/stm32l4xx_hal_adc.o
                0x000000000800266c                HAL_ADC_ConvHalfCpltCallback
 .text.HAL_ADC_LevelOutOfWindowCallback
                0x0000000008002680       0x14 Drivers/STM32L4xx_HAL_Driver/Src/stm32l4xx_hal_adc.o
                0x0000000008002680                HAL_ADC_LevelOutOfWindowCallback
 .text.HAL_ADC_ErrorCallback
                0x0000000008002694       0x14 Drivers/STM32L4xx_HAL_Driver/Src/stm32l4xx_hal_adc.o
                0x0000000008002694                HAL_ADC_ErrorCallback
 .text.HAL_ADC_ConfigChannel
                0x00000000080026a8      0xbbc Drivers/STM32L4xx_HAL_Driver/Src/stm32l4xx_hal_adc.o
                0x00000000080026a8                HAL_ADC_ConfigChannel
 .text.HAL_ADCEx_InjectedConvCpltCallback
                0x0000000008003264       0x14 Drivers/STM32L4xx_HAL_Driver/Src/stm32l4xx_hal_adc_ex.o
                0x0000000008003264                HAL_ADCEx_InjectedConvCpltCallback
 .text.HAL_ADCEx_InjectedQueueOverflowCallback
                0x0000000008003278       0x14 Drivers/STM32L4xx_HAL_Driver/Src/stm32l4xx_hal_adc_ex.o
                0x0000000008003278                HAL_ADCEx_InjectedQueueOverflowCallback
 .text.HAL_ADCEx_LevelOutOfWindow2Callback
                0x000000000800328c       0x14 Drivers/STM32L4xx_HAL_Driver/Src/stm32l4xx_hal_adc_ex.o
                0x000000000800328c                HAL_ADCEx_LevelOutOfWindow2Callback
 .text.HAL_ADCEx_LevelOutOfWindow3Callback
                0x00000000080032a0       0x14 Drivers/STM32L4xx_HAL_Driver/Src/stm32l4xx_hal_adc_ex.o
                0x00000000080032a0                HAL_ADCEx_LevelOutOfWindow3Callback
 .text.HAL_ADCEx_EndOfSamplingCallback
                0x00000000080032b4       0x14 Drivers/STM32L4xx_HAL_Driver/Src/stm32l4xx_hal_adc_ex.o
                0x00000000080032b4                HAL_ADCEx_EndOfSamplingCallback
 .text.HAL_CAN_Init
                0x00000000080032c8      0x4c4 Drivers/STM32L4xx_HAL_Driver/Src/stm32l4xx_hal_can.o
                0x00000000080032c8                HAL_CAN_Init
 .text.HAL_CAN_IRQHandler
                0x000000000800378c      0x37e Drivers/STM32L4xx_HAL_Driver/Src/stm32l4xx_hal_can.o
                0x000000000800378c                HAL_CAN_IRQHandler
 .text.HAL_CAN_TxMailbox0CompleteCallback
                0x0000000008003b0a       0x14 Drivers/STM32L4xx_HAL_Driver/Src/stm32l4xx_hal_can.o
                0x0000000008003b0a                HAL_CAN_TxMailbox0CompleteCallback
 .text.HAL_CAN_TxMailbox1CompleteCallback
                0x0000000008003b1e       0x14 Drivers/STM32L4xx_HAL_Driver/Src/stm32l4xx_hal_can.o
                0x0000000008003b1e                HAL_CAN_TxMailbox1CompleteCallback
 .text.HAL_CAN_TxMailbox2CompleteCallback
                0x0000000008003b32       0x14 Drivers/STM32L4xx_HAL_Driver/Src/stm32l4xx_hal_can.o
                0x0000000008003b32                HAL_CAN_TxMailbox2CompleteCallback
 .text.HAL_CAN_TxMailbox0AbortCallback
                0x0000000008003b46       0x14 Drivers/STM32L4xx_HAL_Driver/Src/stm32l4xx_hal_can.o
                0x0000000008003b46                HAL_CAN_TxMailbox0AbortCallback
 .text.HAL_CAN_TxMailbox1AbortCallback
                0x0000000008003b5a       0x14 Drivers/STM32L4xx_HAL_Driver/Src/stm32l4xx_hal_can.o
                0x0000000008003b5a                HAL_CAN_TxMailbox1AbortCallback
 .text.HAL_CAN_TxMailbox2AbortCallback
                0x0000000008003b6e       0x14 Drivers/STM32L4xx_HAL_Driver/Src/stm32l4xx_hal_can.o
                0x0000000008003b6e                HAL_CAN_TxMailbox2AbortCallback
 .text.HAL_CAN_RxFifo0MsgPendingCallback
                0x0000000008003b82       0x14 Drivers/STM32L4xx_HAL_Driver/Src/stm32l4xx_hal_can.o
                0x0000000008003b82                HAL_CAN_RxFifo0MsgPendingCallback
 .text.HAL_CAN_RxFifo0FullCallback
                0x0000000008003b96       0x14 Drivers/STM32L4xx_HAL_Driver/Src/stm32l4xx_hal_can.o
                0x0000000008003b96                HAL_CAN_RxFifo0FullCallback
 .text.HAL_CAN_RxFifo1MsgPendingCallback
                0x0000000008003baa       0x14 Drivers/STM32L4xx_HAL_Driver/Src/stm32l4xx_hal_can.o
                0x0000000008003baa                HAL_CAN_RxFifo1MsgPendingCallback
 .text.HAL_CAN_RxFifo1FullCallback
                0x0000000008003bbe       0x14 Drivers/STM32L4xx_HAL_Driver/Src/stm32l4xx_hal_can.o
                0x0000000008003bbe                HAL_CAN_RxFifo1FullCallback
 .text.HAL_CAN_SleepCallback
                0x0000000008003bd2       0x14 Drivers/STM32L4xx_HAL_Driver/Src/stm32l4xx_hal_can.o
                0x0000000008003bd2                HAL_CAN_SleepCallback
 .text.HAL_CAN_WakeUpFromRxMsgCallback
                0x0000000008003be6       0x14 Drivers/STM32L4xx_HAL_Driver/Src/stm32l4xx_hal_can.o
                0x0000000008003be6                HAL_CAN_WakeUpFromRxMsgCallback
 .text.HAL_CAN_ErrorCallback
                0x0000000008003bfa       0x14 Drivers/STM32L4xx_HAL_Driver/Src/stm32l4xx_hal_can.o
                0x0000000008003bfa                HAL_CAN_ErrorCallback
 *fill*         0x0000000008003c0e        0x2 
 .text.__NVIC_SetPriorityGrouping
                0x0000000008003c10       0x48 Drivers/STM32L4xx_HAL_Driver/Src/stm32l4xx_hal_cortex.o
 .text.__NVIC_GetPriorityGrouping
                0x0000000008003c58       0x1c Drivers/STM32L4xx_HAL_Driver/Src/stm32l4xx_hal_cortex.o
 .text.__NVIC_EnableIRQ
                0x0000000008003c74       0x3c Drivers/STM32L4xx_HAL_Driver/Src/stm32l4xx_hal_cortex.o
 .text.__NVIC_SetPriority
                0x0000000008003cb0       0x54 Drivers/STM32L4xx_HAL_Driver/Src/stm32l4xx_hal_cortex.o
 .text.NVIC_EncodePriority
                0x0000000008003d04       0x66 Drivers/STM32L4xx_HAL_Driver/Src/stm32l4xx_hal_cortex.o
 *fill*         0x0000000008003d6a        0x2 
 .text.HAL_NVIC_SetPriorityGrouping
                0x0000000008003d6c       0x40 Drivers/STM32L4xx_HAL_Driver/Src/stm32l4xx_hal_cortex.o
                0x0000000008003d6c                HAL_NVIC_SetPriorityGrouping
 .text.HAL_NVIC_SetPriority
                0x0000000008003dac       0x58 Drivers/STM32L4xx_HAL_Driver/Src/stm32l4xx_hal_cortex.o
                0x0000000008003dac                HAL_NVIC_SetPriority
 .text.HAL_NVIC_EnableIRQ
                0x0000000008003e04       0x30 Drivers/STM32L4xx_HAL_Driver/Src/stm32l4xx_hal_cortex.o
                0x0000000008003e04                HAL_NVIC_EnableIRQ
 .text.HAL_CRC_Init
                0x0000000008003e34      0x174 Drivers/STM32L4xx_HAL_Driver/Src/stm32l4xx_hal_crc.o
                0x0000000008003e34                HAL_CRC_Init
 .text.HAL_CRCEx_Polynomial_Set
                0x0000000008003fa8      0x12c Drivers/STM32L4xx_HAL_Driver/Src/stm32l4xx_hal_crc_ex.o
                0x0000000008003fa8                HAL_CRCEx_Polynomial_Set
 .text.HAL_DMA_Init
                0x00000000080040d4      0x314 Drivers/STM32L4xx_HAL_Driver/Src/stm32l4xx_hal_dma.o
                0x00000000080040d4                HAL_DMA_Init
 .text.HAL_DMA_Abort_IT
                0x00000000080043e8       0xbe Drivers/STM32L4xx_HAL_Driver/Src/stm32l4xx_hal_dma.o
                0x00000000080043e8                HAL_DMA_Abort_IT
 .text.HAL_DMA_IRQHandler
                0x00000000080044a6      0x15e Drivers/STM32L4xx_HAL_Driver/Src/stm32l4xx_hal_dma.o
                0x00000000080044a6                HAL_DMA_IRQHandler
 .text.DMA_CalcDMAMUXChannelBaseAndMask
                0x0000000008004604       0x7c Drivers/STM32L4xx_HAL_Driver/Src/stm32l4xx_hal_dma.o
 .text.DMA_CalcDMAMUXRequestGenBaseAndMask
                0x0000000008004680       0x48 Drivers/STM32L4xx_HAL_Driver/Src/stm32l4xx_hal_dma.o
 .text.HAL_GPIO_Init
                0x00000000080046c8      0x500 Drivers/STM32L4xx_HAL_Driver/Src/stm32l4xx_hal_gpio.o
                0x00000000080046c8                HAL_GPIO_Init
 .text.HAL_GPIO_WritePin
                0x0000000008004bc8       0x60 Drivers/STM32L4xx_HAL_Driver/Src/stm32l4xx_hal_gpio.o
                0x0000000008004bc8                HAL_GPIO_WritePin
 .text.HAL_GPIO_TogglePin
                0x0000000008004c28       0x50 Drivers/STM32L4xx_HAL_Driver/Src/stm32l4xx_hal_gpio.o
                0x0000000008004c28                HAL_GPIO_TogglePin
 .text.HAL_GPIO_EXTI_IRQHandler
                0x0000000008004c78       0x30 Drivers/STM32L4xx_HAL_Driver/Src/stm32l4xx_hal_gpio.o
                0x0000000008004c78                HAL_GPIO_EXTI_IRQHandler
 .text.HAL_GPIO_EXTI_Callback
                0x0000000008004ca8       0x16 Drivers/STM32L4xx_HAL_Driver/Src/stm32l4xx_hal_gpio.o
                0x0000000008004ca8                HAL_GPIO_EXTI_Callback
 *fill*         0x0000000008004cbe        0x2 
 .text.HAL_I2C_Init
                0x0000000008004cc0      0x2bc Drivers/STM32L4xx_HAL_Driver/Src/stm32l4xx_hal_i2c.o
                0x0000000008004cc0                HAL_I2C_Init
 .text.HAL_I2C_MasterTxCpltCallback
                0x0000000008004f7c       0x14 Drivers/STM32L4xx_HAL_Driver/Src/stm32l4xx_hal_i2c.o
                0x0000000008004f7c                HAL_I2C_MasterTxCpltCallback
 .text.HAL_I2C_MasterRxCpltCallback
                0x0000000008004f90       0x14 Drivers/STM32L4xx_HAL_Driver/Src/stm32l4xx_hal_i2c.o
                0x0000000008004f90                HAL_I2C_MasterRxCpltCallback
 .text.HAL_I2C_SlaveTxCpltCallback
                0x0000000008004fa4       0x14 Drivers/STM32L4xx_HAL_Driver/Src/stm32l4xx_hal_i2c.o
                0x0000000008004fa4                HAL_I2C_SlaveTxCpltCallback
 .text.HAL_I2C_SlaveRxCpltCallback
                0x0000000008004fb8       0x14 Drivers/STM32L4xx_HAL_Driver/Src/stm32l4xx_hal_i2c.o
                0x0000000008004fb8                HAL_I2C_SlaveRxCpltCallback
 .text.HAL_I2C_AddrCallback
                0x0000000008004fcc       0x1c Drivers/STM32L4xx_HAL_Driver/Src/stm32l4xx_hal_i2c.o
                0x0000000008004fcc                HAL_I2C_AddrCallback
 .text.HAL_I2C_ListenCpltCallback
                0x0000000008004fe8       0x14 Drivers/STM32L4xx_HAL_Driver/Src/stm32l4xx_hal_i2c.o
                0x0000000008004fe8                HAL_I2C_ListenCpltCallback
 .text.HAL_I2C_MemTxCpltCallback
                0x0000000008004ffc       0x14 Drivers/STM32L4xx_HAL_Driver/Src/stm32l4xx_hal_i2c.o
                0x0000000008004ffc                HAL_I2C_MemTxCpltCallback
 .text.HAL_I2C_MemRxCpltCallback
                0x0000000008005010       0x14 Drivers/STM32L4xx_HAL_Driver/Src/stm32l4xx_hal_i2c.o
                0x0000000008005010                HAL_I2C_MemRxCpltCallback
 .text.HAL_I2C_ErrorCallback
                0x0000000008005024       0x14 Drivers/STM32L4xx_HAL_Driver/Src/stm32l4xx_hal_i2c.o
                0x0000000008005024                HAL_I2C_ErrorCallback
 .text.HAL_I2C_AbortCpltCallback
                0x0000000008005038       0x14 Drivers/STM32L4xx_HAL_Driver/Src/stm32l4xx_hal_i2c.o
                0x0000000008005038                HAL_I2C_AbortCpltCallback
 .text.HAL_I2CEx_ConfigAnalogFilter
                0x000000000800504c       0xec Drivers/STM32L4xx_HAL_Driver/Src/stm32l4xx_hal_i2c_ex.o
                0x000000000800504c                HAL_I2CEx_ConfigAnalogFilter
 .text.HAL_I2CEx_ConfigDigitalFilter
                0x0000000008005138       0xe8 Drivers/STM32L4xx_HAL_Driver/Src/stm32l4xx_hal_i2c_ex.o
                0x0000000008005138                HAL_I2CEx_ConfigDigitalFilter
 .text.HAL_PWREx_GetVoltageRange
                0x0000000008005220       0x40 Drivers/STM32L4xx_HAL_Driver/Src/stm32l4xx_hal_pwr_ex.o
                0x0000000008005220                HAL_PWREx_GetVoltageRange
 .text.HAL_PWREx_ControlVoltageScaling
                0x0000000008005260      0x168 Drivers/STM32L4xx_HAL_Driver/Src/stm32l4xx_hal_pwr_ex.o
                0x0000000008005260                HAL_PWREx_ControlVoltageScaling
 .text.HAL_RCC_OscConfig
                0x00000000080053c8      0xaf8 Drivers/STM32L4xx_HAL_Driver/Src/stm32l4xx_hal_rcc.o
                0x00000000080053c8                HAL_RCC_OscConfig
 .text.HAL_RCC_ClockConfig
                0x0000000008005ec0      0x3dc Drivers/STM32L4xx_HAL_Driver/Src/stm32l4xx_hal_rcc.o
                0x0000000008005ec0                HAL_RCC_ClockConfig
 .text.HAL_RCC_GetSysClockFreq
                0x000000000800629c      0x114 Drivers/STM32L4xx_HAL_Driver/Src/stm32l4xx_hal_rcc.o
                0x000000000800629c                HAL_RCC_GetSysClockFreq
 .text.HAL_RCC_GetHCLKFreq
                0x00000000080063b0       0x18 Drivers/STM32L4xx_HAL_Driver/Src/stm32l4xx_hal_rcc.o
                0x00000000080063b0                HAL_RCC_GetHCLKFreq
 .text.HAL_RCC_GetPCLK1Freq
                0x00000000080063c8       0x2c Drivers/STM32L4xx_HAL_Driver/Src/stm32l4xx_hal_rcc.o
                0x00000000080063c8                HAL_RCC_GetPCLK1Freq
 .text.HAL_RCC_GetPCLK2Freq
                0x00000000080063f4       0x2c Drivers/STM32L4xx_HAL_Driver/Src/stm32l4xx_hal_rcc.o
                0x00000000080063f4                HAL_RCC_GetPCLK2Freq
 .text.HAL_RCC_GetClockConfig
                0x0000000008006420       0x84 Drivers/STM32L4xx_HAL_Driver/Src/stm32l4xx_hal_rcc.o
                0x0000000008006420                HAL_RCC_GetClockConfig
 .text.RCC_SetFlashLatencyFromMSIRange
                0x00000000080064a4       0xb4 Drivers/STM32L4xx_HAL_Driver/Src/stm32l4xx_hal_rcc.o
 .text.RCC_GetSysClockFreqFromPLLSource
                0x0000000008006558       0xd0 Drivers/STM32L4xx_HAL_Driver/Src/stm32l4xx_hal_rcc.o
 .text.HAL_RCCEx_PeriphCLKConfig
                0x0000000008006628      0xc88 Drivers/STM32L4xx_HAL_Driver/Src/stm32l4xx_hal_rcc_ex.o
                0x0000000008006628                HAL_RCCEx_PeriphCLKConfig
 .text.RCCEx_PLLSAI1_Config
                0x00000000080072b0      0x2f8 Drivers/STM32L4xx_HAL_Driver/Src/stm32l4xx_hal_rcc_ex.o
 .text.RCCEx_PLLSAI2_Config
                0x00000000080075a8      0x2f8 Drivers/STM32L4xx_HAL_Driver/Src/stm32l4xx_hal_rcc_ex.o
 .text.HAL_RNG_Init
                0x00000000080078a0      0x110 Drivers/STM32L4xx_HAL_Driver/Src/stm32l4xx_hal_rng.o
                0x00000000080078a0                HAL_RNG_Init
 .text.HAL_RNG_ReadyDataCallback
                0x00000000080079b0       0x16 Drivers/STM32L4xx_HAL_Driver/Src/stm32l4xx_hal_rng.o
                0x00000000080079b0                HAL_RNG_ReadyDataCallback
 .text.HAL_RNG_ErrorCallback
                0x00000000080079c6       0x14 Drivers/STM32L4xx_HAL_Driver/Src/stm32l4xx_hal_rng.o
                0x00000000080079c6                HAL_RNG_ErrorCallback
 *fill*         0x00000000080079da        0x2 
 .text.HAL_SPI_Init
                0x00000000080079dc      0x444 Drivers/STM32L4xx_HAL_Driver/Src/stm32l4xx_hal_spi.o
                0x00000000080079dc                HAL_SPI_Init
 .text.HAL_SPI_IRQHandler
                0x0000000008007e20      0x204 Drivers/STM32L4xx_HAL_Driver/Src/stm32l4xx_hal_spi.o
                0x0000000008007e20                HAL_SPI_IRQHandler
 .text.HAL_SPI_TxCpltCallback
                0x0000000008008024       0x14 Drivers/STM32L4xx_HAL_Driver/Src/stm32l4xx_hal_spi.o
                0x0000000008008024                HAL_SPI_TxCpltCallback
 .text.HAL_SPI_RxCpltCallback
                0x0000000008008038       0x14 Drivers/STM32L4xx_HAL_Driver/Src/stm32l4xx_hal_spi.o
                0x0000000008008038                HAL_SPI_RxCpltCallback
 .text.HAL_SPI_TxRxCpltCallback
                0x000000000800804c       0x14 Drivers/STM32L4xx_HAL_Driver/Src/stm32l4xx_hal_spi.o
                0x000000000800804c                HAL_SPI_TxRxCpltCallback
 .text.HAL_SPI_TxHalfCpltCallback
                0x0000000008008060       0x14 Drivers/STM32L4xx_HAL_Driver/Src/stm32l4xx_hal_spi.o
                0x0000000008008060                HAL_SPI_TxHalfCpltCallback
 .text.HAL_SPI_RxHalfCpltCallback
                0x0000000008008074       0x14 Drivers/STM32L4xx_HAL_Driver/Src/stm32l4xx_hal_spi.o
                0x0000000008008074                HAL_SPI_RxHalfCpltCallback
 .text.HAL_SPI_TxRxHalfCpltCallback
                0x0000000008008088       0x14 Drivers/STM32L4xx_HAL_Driver/Src/stm32l4xx_hal_spi.o
                0x0000000008008088                HAL_SPI_TxRxHalfCpltCallback
 .text.HAL_SPI_ErrorCallback
                0x000000000800809c       0x14 Drivers/STM32L4xx_HAL_Driver/Src/stm32l4xx_hal_spi.o
                0x000000000800809c                HAL_SPI_ErrorCallback
 .text.HAL_SPI_AbortCpltCallback
                0x00000000080080b0       0x14 Drivers/STM32L4xx_HAL_Driver/Src/stm32l4xx_hal_spi.o
                0x00000000080080b0                HAL_SPI_AbortCpltCallback
 .text.SPI_DMAAbortOnError
                0x00000000080080c4       0x2c Drivers/STM32L4xx_HAL_Driver/Src/stm32l4xx_hal_spi.o
 .text.HAL_TIM_Base_Init
                0x00000000080080f0      0x1e0 Drivers/STM32L4xx_HAL_Driver/Src/stm32l4xx_hal_tim.o
                0x00000000080080f0                HAL_TIM_Base_Init
 .text.HAL_TIM_Base_MspInit
                0x00000000080082d0       0x14 Drivers/STM32L4xx_HAL_Driver/Src/stm32l4xx_hal_tim.o
                0x00000000080082d0                HAL_TIM_Base_MspInit
 .text.HAL_TIM_Base_Start_IT
                0x00000000080082e4      0x168 Drivers/STM32L4xx_HAL_Driver/Src/stm32l4xx_hal_tim.o
                0x00000000080082e4                HAL_TIM_Base_Start_IT
 .text.HAL_TIM_IC_Init
                0x000000000800844c      0x1e0 Drivers/STM32L4xx_HAL_Driver/Src/stm32l4xx_hal_tim.o
                0x000000000800844c                HAL_TIM_IC_Init
 .text.HAL_TIM_IRQHandler
                0x000000000800862c      0x282 Drivers/STM32L4xx_HAL_Driver/Src/stm32l4xx_hal_tim.o
                0x000000000800862c                HAL_TIM_IRQHandler
 *fill*         0x00000000080088ae        0x2 
 .text.HAL_TIM_IC_ConfigChannel
                0x00000000080088b0      0x324 Drivers/STM32L4xx_HAL_Driver/Src/stm32l4xx_hal_tim.o
                0x00000000080088b0                HAL_TIM_IC_ConfigChannel
 .text.HAL_TIM_PeriodElapsedHalfCpltCallback
                0x0000000008008bd4       0x14 Drivers/STM32L4xx_HAL_Driver/Src/stm32l4xx_hal_tim.o
                0x0000000008008bd4                HAL_TIM_PeriodElapsedHalfCpltCallback
 .text.HAL_TIM_OC_DelayElapsedCallback
                0x0000000008008be8       0x14 Drivers/STM32L4xx_HAL_Driver/Src/stm32l4xx_hal_tim.o
                0x0000000008008be8                HAL_TIM_OC_DelayElapsedCallback
 .text.HAL_TIM_IC_CaptureCallback
                0x0000000008008bfc       0x14 Drivers/STM32L4xx_HAL_Driver/Src/stm32l4xx_hal_tim.o
                0x0000000008008bfc                HAL_TIM_IC_CaptureCallback
 .text.HAL_TIM_IC_CaptureHalfCpltCallback
                0x0000000008008c10       0x14 Drivers/STM32L4xx_HAL_Driver/Src/stm32l4xx_hal_tim.o
                0x0000000008008c10                HAL_TIM_IC_CaptureHalfCpltCallback
 .text.HAL_TIM_PWM_PulseFinishedCallback
                0x0000000008008c24       0x14 Drivers/STM32L4xx_HAL_Driver/Src/stm32l4xx_hal_tim.o
                0x0000000008008c24                HAL_TIM_PWM_PulseFinishedCallback
 .text.HAL_TIM_PWM_PulseFinishedHalfCpltCallback
                0x0000000008008c38       0x14 Drivers/STM32L4xx_HAL_Driver/Src/stm32l4xx_hal_tim.o
                0x0000000008008c38                HAL_TIM_PWM_PulseFinishedHalfCpltCallback
 .text.HAL_TIM_TriggerCallback
                0x0000000008008c4c       0x14 Drivers/STM32L4xx_HAL_Driver/Src/stm32l4xx_hal_tim.o
                0x0000000008008c4c                HAL_TIM_TriggerCallback
 .text.HAL_TIM_TriggerHalfCpltCallback
                0x0000000008008c60       0x14 Drivers/STM32L4xx_HAL_Driver/Src/stm32l4xx_hal_tim.o
                0x0000000008008c60                HAL_TIM_TriggerHalfCpltCallback
 .text.HAL_TIM_ErrorCallback
                0x0000000008008c74       0x14 Drivers/STM32L4xx_HAL_Driver/Src/stm32l4xx_hal_tim.o
                0x0000000008008c74                HAL_TIM_ErrorCallback
 .text.TIM_Base_SetConfig
                0x0000000008008c88      0x134 Drivers/STM32L4xx_HAL_Driver/Src/stm32l4xx_hal_tim.o
                0x0000000008008c88                TIM_Base_SetConfig
 .text.TIM_TI1_SetConfig
                0x0000000008008dbc       0xdc Drivers/STM32L4xx_HAL_Driver/Src/stm32l4xx_hal_tim.o
                0x0000000008008dbc                TIM_TI1_SetConfig
 .text.TIM_TI2_SetConfig
                0x0000000008008e98       0x7a Drivers/STM32L4xx_HAL_Driver/Src/stm32l4xx_hal_tim.o
 .text.TIM_TI3_SetConfig
                0x0000000008008f12       0x78 Drivers/STM32L4xx_HAL_Driver/Src/stm32l4xx_hal_tim.o
 .text.TIM_TI4_SetConfig
                0x0000000008008f8a       0x7a Drivers/STM32L4xx_HAL_Driver/Src/stm32l4xx_hal_tim.o
 .text.TIM_ResetCallback
                0x0000000008009004       0xbc Drivers/STM32L4xx_HAL_Driver/Src/stm32l4xx_hal_tim.o
                0x0000000008009004                TIM_ResetCallback
 .text.HAL_TIMEx_MasterConfigSynchronization
                0x00000000080090c0      0x290 Drivers/STM32L4xx_HAL_Driver/Src/stm32l4xx_hal_tim_ex.o
                0x00000000080090c0                HAL_TIMEx_MasterConfigSynchronization
 .text.HAL_TIMEx_CommutCallback
                0x0000000008009350       0x14 Drivers/STM32L4xx_HAL_Driver/Src/stm32l4xx_hal_tim_ex.o
                0x0000000008009350                HAL_TIMEx_CommutCallback
 .text.HAL_TIMEx_CommutHalfCpltCallback
                0x0000000008009364       0x14 Drivers/STM32L4xx_HAL_Driver/Src/stm32l4xx_hal_tim_ex.o
                0x0000000008009364                HAL_TIMEx_CommutHalfCpltCallback
 .text.HAL_TIMEx_BreakCallback
                0x0000000008009378       0x14 Drivers/STM32L4xx_HAL_Driver/Src/stm32l4xx_hal_tim_ex.o
                0x0000000008009378                HAL_TIMEx_BreakCallback
 .text.HAL_TIMEx_Break2Callback
                0x000000000800938c       0x14 Drivers/STM32L4xx_HAL_Driver/Src/stm32l4xx_hal_tim_ex.o
                0x000000000800938c                HAL_TIMEx_Break2Callback
 .text.HAL_UART_Init
                0x00000000080093a0      0x174 Drivers/STM32L4xx_HAL_Driver/Src/stm32l4xx_hal_uart.o
                0x00000000080093a0                HAL_UART_Init
 .text.HAL_UART_IRQHandler
                0x0000000008009514      0x318 Drivers/STM32L4xx_HAL_Driver/Src/stm32l4xx_hal_uart.o
                0x0000000008009514                HAL_UART_IRQHandler
 .text.HAL_UART_TxCpltCallback
                0x000000000800982c       0x14 Drivers/STM32L4xx_HAL_Driver/Src/stm32l4xx_hal_uart.o
                0x000000000800982c                HAL_UART_TxCpltCallback
 .text.HAL_UART_TxHalfCpltCallback
                0x0000000008009840       0x14 Drivers/STM32L4xx_HAL_Driver/Src/stm32l4xx_hal_uart.o
                0x0000000008009840                HAL_UART_TxHalfCpltCallback
 .text.HAL_UART_RxCpltCallback
                0x0000000008009854       0x14 Drivers/STM32L4xx_HAL_Driver/Src/stm32l4xx_hal_uart.o
                0x0000000008009854                HAL_UART_RxCpltCallback
 .text.HAL_UART_RxHalfCpltCallback
                0x0000000008009868       0x14 Drivers/STM32L4xx_HAL_Driver/Src/stm32l4xx_hal_uart.o
                0x0000000008009868                HAL_UART_RxHalfCpltCallback
 .text.HAL_UART_ErrorCallback
                0x000000000800987c       0x14 Drivers/STM32L4xx_HAL_Driver/Src/stm32l4xx_hal_uart.o
                0x000000000800987c                HAL_UART_ErrorCallback
 .text.HAL_UART_AbortCpltCallback
                0x0000000008009890       0x14 Drivers/STM32L4xx_HAL_Driver/Src/stm32l4xx_hal_uart.o
                0x0000000008009890                HAL_UART_AbortCpltCallback
 .text.HAL_UART_AbortTransmitCpltCallback
                0x00000000080098a4       0x14 Drivers/STM32L4xx_HAL_Driver/Src/stm32l4xx_hal_uart.o
                0x00000000080098a4                HAL_UART_AbortTransmitCpltCallback
 .text.HAL_UART_AbortReceiveCpltCallback
                0x00000000080098b8       0x14 Drivers/STM32L4xx_HAL_Driver/Src/stm32l4xx_hal_uart.o
                0x00000000080098b8                HAL_UART_AbortReceiveCpltCallback
 .text.UART_InitCallbacksToDefault
                0x00000000080098cc       0x98 Drivers/STM32L4xx_HAL_Driver/Src/stm32l4xx_hal_uart.o
                0x00000000080098cc                UART_InitCallbacksToDefault
 .text.UART_SetConfig
                0x0000000008009964      0x760 Drivers/STM32L4xx_HAL_Driver/Src/stm32l4xx_hal_uart.o
                0x0000000008009964                UART_SetConfig
 .text.UART_AdvFeatureConfig
                0x000000000800a0c4      0x2bc Drivers/STM32L4xx_HAL_Driver/Src/stm32l4xx_hal_uart.o
                0x000000000800a0c4                UART_AdvFeatureConfig
 .text.UART_CheckIdleState
                0x000000000800a380       0x90 Drivers/STM32L4xx_HAL_Driver/Src/stm32l4xx_hal_uart.o
                0x000000000800a380                UART_CheckIdleState
 .text.UART_WaitOnFlagUntilTimeout
                0x000000000800a410      0x100 Drivers/STM32L4xx_HAL_Driver/Src/stm32l4xx_hal_uart.o
                0x000000000800a410                UART_WaitOnFlagUntilTimeout
 .text.UART_EndRxTransfer
                0x000000000800a510       0x46 Drivers/STM32L4xx_HAL_Driver/Src/stm32l4xx_hal_uart.o
 .text.UART_DMAAbortOnError
                0x000000000800a556       0x30 Drivers/STM32L4xx_HAL_Driver/Src/stm32l4xx_hal_uart.o
 .text.UART_EndTransmit_IT
                0x000000000800a586       0x38 Drivers/STM32L4xx_HAL_Driver/Src/stm32l4xx_hal_uart.o
 .text.HAL_UARTEx_WakeupCallback
                0x000000000800a5be       0x14 Drivers/STM32L4xx_HAL_Driver/Src/stm32l4xx_hal_uart_ex.o
                0x000000000800a5be                HAL_UARTEx_WakeupCallback
 .text.HAL_UARTEx_RxFifoFullCallback
                0x000000000800a5d2       0x14 Drivers/STM32L4xx_HAL_Driver/Src/stm32l4xx_hal_uart_ex.o
                0x000000000800a5d2                HAL_UARTEx_RxFifoFullCallback
 .text.HAL_UARTEx_TxFifoEmptyCallback
                0x000000000800a5e6       0x14 Drivers/STM32L4xx_HAL_Driver/Src/stm32l4xx_hal_uart_ex.o
                0x000000000800a5e6                HAL_UARTEx_TxFifoEmptyCallback
 *fill*         0x000000000800a5fa        0x2 
 .text.HAL_UARTEx_DisableFifoMode
                0x000000000800a5fc       0xd0 Drivers/STM32L4xx_HAL_Driver/Src/stm32l4xx_hal_uart_ex.o
                0x000000000800a5fc                HAL_UARTEx_DisableFifoMode
 .text.HAL_UARTEx_SetTxFifoThreshold
                0x000000000800a6cc      0x118 Drivers/STM32L4xx_HAL_Driver/Src/stm32l4xx_hal_uart_ex.o
                0x000000000800a6cc                HAL_UARTEx_SetTxFifoThreshold
 .text.HAL_UARTEx_SetRxFifoThreshold
                0x000000000800a7e4      0x118 Drivers/STM32L4xx_HAL_Driver/Src/stm32l4xx_hal_uart_ex.o
                0x000000000800a7e4                HAL_UARTEx_SetRxFifoThreshold
 .text.UARTEx_SetNbDataToProcess
                0x000000000800a8fc       0xd0 Drivers/STM32L4xx_HAL_Driver/Src/stm32l4xx_hal_uart_ex.o
 .text.SVC_Setup
                0x000000000800a9cc        0xe Middlewares/Third_Party/FreeRTOS/Source/CMSIS_RTOS_V2/cmsis_os2.o
 *fill*         0x000000000800a9da        0x2 
 .text.osKernelInitialize
                0x000000000800a9dc       0x6c Middlewares/Third_Party/FreeRTOS/Source/CMSIS_RTOS_V2/cmsis_os2.o
                0x000000000800a9dc                osKernelInitialize
 .text.osKernelStart
                0x000000000800aa48       0x6c Middlewares/Third_Party/FreeRTOS/Source/CMSIS_RTOS_V2/cmsis_os2.o
                0x000000000800aa48                osKernelStart
 .text.osThreadNew
                0x000000000800aab4      0x14c Middlewares/Third_Party/FreeRTOS/Source/CMSIS_RTOS_V2/cmsis_os2.o
                0x000000000800aab4                osThreadNew
 .text.osDelay  0x000000000800ac00       0x5c Middlewares/Third_Party/FreeRTOS/Source/CMSIS_RTOS_V2/cmsis_os2.o
                0x000000000800ac00                osDelay
 .text.TimerCallback
                0x000000000800ac5c       0x2a Middlewares/Third_Party/FreeRTOS/Source/CMSIS_RTOS_V2/cmsis_os2.o
 *fill*         0x000000000800ac86        0x2 
 .text.osTimerNew
                0x000000000800ac88      0x108 Middlewares/Third_Party/FreeRTOS/Source/CMSIS_RTOS_V2/cmsis_os2.o
                0x000000000800ac88                osTimerNew
 .text.osEventFlagsNew
                0x000000000800ad90       0xa4 Middlewares/Third_Party/FreeRTOS/Source/CMSIS_RTOS_V2/cmsis_os2.o
                0x000000000800ad90                osEventFlagsNew
 .text.osMutexNew
                0x000000000800ae34      0x134 Middlewares/Third_Party/FreeRTOS/Source/CMSIS_RTOS_V2/cmsis_os2.o
                0x000000000800ae34                osMutexNew
 .text.osMessageQueueNew
                0x000000000800af68      0x10c Middlewares/Third_Party/FreeRTOS/Source/CMSIS_RTOS_V2/cmsis_os2.o
                0x000000000800af68                osMessageQueueNew
 .text.vApplicationIdleHook
                0x000000000800b074        0xe Middlewares/Third_Party/FreeRTOS/Source/CMSIS_RTOS_V2/cmsis_os2.o
                0x000000000800b074                vApplicationIdleHook
 .text.vApplicationTickHook
                0x000000000800b082        0xe Middlewares/Third_Party/FreeRTOS/Source/CMSIS_RTOS_V2/cmsis_os2.o
                0x000000000800b082                vApplicationTickHook
 .text.vApplicationMallocFailedHook
                0x000000000800b090        0xe Middlewares/Third_Party/FreeRTOS/Source/CMSIS_RTOS_V2/cmsis_os2.o
                0x000000000800b090                vApplicationMallocFailedHook
 .text.vApplicationStackOverflowHook
                0x000000000800b09e       0x16 Middlewares/Third_Party/FreeRTOS/Source/CMSIS_RTOS_V2/cmsis_os2.o
                0x000000000800b09e                vApplicationStackOverflowHook
 .text.vApplicationGetIdleTaskMemory
                0x000000000800b0b4       0x34 Middlewares/Third_Party/FreeRTOS/Source/CMSIS_RTOS_V2/cmsis_os2.o
                0x000000000800b0b4                vApplicationGetIdleTaskMemory
 .text.vApplicationGetTimerTaskMemory
                0x000000000800b0e8       0x34 Middlewares/Third_Party/FreeRTOS/Source/CMSIS_RTOS_V2/cmsis_os2.o
                0x000000000800b0e8                vApplicationGetTimerTaskMemory
 .text.xEventGroupCreateStatic
                0x000000000800b11c       0x6a Middlewares/Third_Party/FreeRTOS/Source/event_groups.o
                0x000000000800b11c                xEventGroupCreateStatic
 .text.xEventGroupCreate
                0x000000000800b186       0x34 Middlewares/Third_Party/FreeRTOS/Source/event_groups.o
                0x000000000800b186                xEventGroupCreate
 .text.vListInitialise
                0x000000000800b1ba       0x40 Middlewares/Third_Party/FreeRTOS/Source/list.o
                0x000000000800b1ba                vListInitialise
 .text.vListInitialiseItem
                0x000000000800b1fa       0x1a Middlewares/Third_Party/FreeRTOS/Source/list.o
                0x000000000800b1fa                vListInitialiseItem
 .text.vListInsertEnd
                0x000000000800b214       0x48 Middlewares/Third_Party/FreeRTOS/Source/list.o
                0x000000000800b214                vListInsertEnd
 .text.vListInsert
                0x000000000800b25c       0x72 Middlewares/Third_Party/FreeRTOS/Source/list.o
                0x000000000800b25c                vListInsert
 .text.uxListRemove
                0x000000000800b2ce       0x54 Middlewares/Third_Party/FreeRTOS/Source/list.o
                0x000000000800b2ce                uxListRemove
 *fill*         0x000000000800b322        0x2 
 .text.xQueueGenericReset
                0x000000000800b324       0xd0 Middlewares/Third_Party/FreeRTOS/Source/queue.o
                0x000000000800b324                xQueueGenericReset
 .text.xQueueGenericCreateStatic
                0x000000000800b3f4       0xe6 Middlewares/Third_Party/FreeRTOS/Source/queue.o
                0x000000000800b3f4                xQueueGenericCreateStatic
 .text.xQueueGenericCreate
                0x000000000800b4da       0x7e Middlewares/Third_Party/FreeRTOS/Source/queue.o
                0x000000000800b4da                xQueueGenericCreate
 .text.prvInitialiseNewQueue
                0x000000000800b558       0x46 Middlewares/Third_Party/FreeRTOS/Source/queue.o
 .text.prvInitialiseMutex
                0x000000000800b59e       0x34 Middlewares/Third_Party/FreeRTOS/Source/queue.o
 .text.xQueueCreateMutex
                0x000000000800b5d2       0x30 Middlewares/Third_Party/FreeRTOS/Source/queue.o
                0x000000000800b5d2                xQueueCreateMutex
 .text.xQueueCreateMutexStatic
                0x000000000800b602       0x36 Middlewares/Third_Party/FreeRTOS/Source/queue.o
                0x000000000800b602                xQueueCreateMutexStatic
 .text.xQueueGenericSend
                0x000000000800b638      0x1f4 Middlewares/Third_Party/FreeRTOS/Source/queue.o
                0x000000000800b638                xQueueGenericSend
 .text.xQueueGenericSendFromISR
                0x000000000800b82c      0x128 Middlewares/Third_Party/FreeRTOS/Source/queue.o
                0x000000000800b82c                xQueueGenericSendFromISR
 .text.xQueueReceive
                0x000000000800b954      0x1b8 Middlewares/Third_Party/FreeRTOS/Source/queue.o
                0x000000000800b954                xQueueReceive
 .text.prvCopyDataToQueue
                0x000000000800bb0c       0xd4 Middlewares/Third_Party/FreeRTOS/Source/queue.o
 .text.prvCopyDataFromQueue
                0x000000000800bbe0       0x4c Middlewares/Third_Party/FreeRTOS/Source/queue.o
 .text.prvUnlockQueue
                0x000000000800bc2c       0xa4 Middlewares/Third_Party/FreeRTOS/Source/queue.o
 .text.prvIsQueueEmpty
                0x000000000800bcd0       0x2c Middlewares/Third_Party/FreeRTOS/Source/queue.o
 .text.prvIsQueueFull
                0x000000000800bcfc       0x30 Middlewares/Third_Party/FreeRTOS/Source/queue.o
 .text.vQueueAddToRegistry
                0x000000000800bd2c       0x50 Middlewares/Third_Party/FreeRTOS/Source/queue.o
                0x000000000800bd2c                vQueueAddToRegistry
 .text.vQueueWaitForMessageRestricted
                0x000000000800bd7c       0x68 Middlewares/Third_Party/FreeRTOS/Source/queue.o
                0x000000000800bd7c                vQueueWaitForMessageRestricted
 .text.xTaskCreateStatic
                0x000000000800bde4       0xb8 Middlewares/Third_Party/FreeRTOS/Source/tasks.o
                0x000000000800bde4                xTaskCreateStatic
 .text.xTaskCreate
                0x000000000800be9c       0x8c Middlewares/Third_Party/FreeRTOS/Source/tasks.o
                0x000000000800be9c                xTaskCreate
 .text.prvInitialiseNewTask
                0x000000000800bf28      0x1b4 Middlewares/Third_Party/FreeRTOS/Source/tasks.o
 .text.prvAddNewTaskToReadyList
                0x000000000800c0dc       0xe0 Middlewares/Third_Party/FreeRTOS/Source/tasks.o
 .text.vTaskDelay
                0x000000000800c1bc       0x68 Middlewares/Third_Party/FreeRTOS/Source/tasks.o
                0x000000000800c1bc                vTaskDelay
 .text.vTaskStartScheduler
                0x000000000800c224       0xe0 Middlewares/Third_Party/FreeRTOS/Source/tasks.o
                0x000000000800c224                vTaskStartScheduler
 .text.vTaskSuspendAll
                0x000000000800c304       0x1c Middlewares/Third_Party/FreeRTOS/Source/tasks.o
                0x000000000800c304                vTaskSuspendAll
 .text.xTaskResumeAll
                0x000000000800c320      0x138 Middlewares/Third_Party/FreeRTOS/Source/tasks.o
                0x000000000800c320                xTaskResumeAll
 .text.xTaskGetTickCount
                0x000000000800c458       0x20 Middlewares/Third_Party/FreeRTOS/Source/tasks.o
                0x000000000800c458                xTaskGetTickCount
 .text.xTaskIncrementTick
                0x000000000800c478      0x180 Middlewares/Third_Party/FreeRTOS/Source/tasks.o
                0x000000000800c478                xTaskIncrementTick
 .text.vTaskSwitchContext
                0x000000000800c5f8      0x168 Middlewares/Third_Party/FreeRTOS/Source/tasks.o
                0x000000000800c5f8                vTaskSwitchContext
 .text.vTaskPlaceOnEventList
                0x000000000800c760       0x48 Middlewares/Third_Party/FreeRTOS/Source/tasks.o
                0x000000000800c760                vTaskPlaceOnEventList
 .text.vTaskPlaceOnEventListRestricted
                0x000000000800c7a8       0x54 Middlewares/Third_Party/FreeRTOS/Source/tasks.o
                0x000000000800c7a8                vTaskPlaceOnEventListRestricted
 .text.xTaskRemoveFromEventList
                0x000000000800c7fc       0xc4 Middlewares/Third_Party/FreeRTOS/Source/tasks.o
                0x000000000800c7fc                xTaskRemoveFromEventList
 .text.vTaskInternalSetTimeOutState
                0x000000000800c8c0       0x2c Middlewares/Third_Party/FreeRTOS/Source/tasks.o
                0x000000000800c8c0                vTaskInternalSetTimeOutState
 .text.xTaskCheckForTimeOut
                0x000000000800c8ec       0xe0 Middlewares/Third_Party/FreeRTOS/Source/tasks.o
                0x000000000800c8ec                xTaskCheckForTimeOut
 .text.vTaskMissedYield
                0x000000000800c9cc       0x18 Middlewares/Third_Party/FreeRTOS/Source/tasks.o
                0x000000000800c9cc                vTaskMissedYield
 .text.prvIdleTask
                0x000000000800c9e4       0x34 Middlewares/Third_Party/FreeRTOS/Source/tasks.o
 .text.prvInitialiseTaskLists
                0x000000000800ca18       0x80 Middlewares/Third_Party/FreeRTOS/Source/tasks.o
 .text.prvCheckTasksWaitingTermination
                0x000000000800ca98       0x58 Middlewares/Third_Party/FreeRTOS/Source/tasks.o
 .text.prvDeleteTCB
                0x000000000800caf0       0x66 Middlewares/Third_Party/FreeRTOS/Source/tasks.o
 *fill*         0x000000000800cb56        0x2 
 .text.prvResetNextTaskUnblockTime
                0x000000000800cb58       0x40 Middlewares/Third_Party/FreeRTOS/Source/tasks.o
 .text.xTaskGetSchedulerState
                0x000000000800cb98       0x3c Middlewares/Third_Party/FreeRTOS/Source/tasks.o
                0x000000000800cb98                xTaskGetSchedulerState
 .text.xTaskPriorityDisinherit
                0x000000000800cbd4       0xd8 Middlewares/Third_Party/FreeRTOS/Source/tasks.o
                0x000000000800cbd4                xTaskPriorityDisinherit
 .text.prvAddCurrentTaskToDelayedList
                0x000000000800ccac       0xb4 Middlewares/Third_Party/FreeRTOS/Source/tasks.o
 .text.xTimerCreateTimerTask
                0x000000000800cd60       0x90 Middlewares/Third_Party/FreeRTOS/Source/timers.o
                0x000000000800cd60                xTimerCreateTimerTask
 .text.xTimerCreate
                0x000000000800cdf0       0x42 Middlewares/Third_Party/FreeRTOS/Source/timers.o
                0x000000000800cdf0                xTimerCreate
 .text.xTimerCreateStatic
                0x000000000800ce32       0x78 Middlewares/Third_Party/FreeRTOS/Source/timers.o
                0x000000000800ce32                xTimerCreateStatic
 .text.prvInitialiseNewTimer
                0x000000000800ceaa       0x74 Middlewares/Third_Party/FreeRTOS/Source/timers.o
 *fill*         0x000000000800cf1e        0x2 
 .text.xTimerGenericCommand
                0x000000000800cf20       0x98 Middlewares/Third_Party/FreeRTOS/Source/timers.o
                0x000000000800cf20                xTimerGenericCommand
 .text.prvProcessExpiredTimer
                0x000000000800cfb8       0x98 Middlewares/Third_Party/FreeRTOS/Source/timers.o
 .text.prvTimerTask
                0x000000000800d050       0x24 Middlewares/Third_Party/FreeRTOS/Source/timers.o
 .text.prvProcessTimerOrBlockTask
                0x000000000800d074       0x9c Middlewares/Third_Party/FreeRTOS/Source/timers.o
 .text.prvGetNextExpireTime
                0x000000000800d110       0x48 Middlewares/Third_Party/FreeRTOS/Source/timers.o
 .text.prvSampleTimeNow
                0x000000000800d158       0x40 Middlewares/Third_Party/FreeRTOS/Source/timers.o
 .text.prvInsertTimerInActiveList
                0x000000000800d198       0x84 Middlewares/Third_Party/FreeRTOS/Source/timers.o
 .text.prvProcessReceivedCommands
                0x000000000800d21c      0x1b8 Middlewares/Third_Party/FreeRTOS/Source/timers.o
 .text.prvSwitchTimerLists
                0x000000000800d3d4       0xc8 Middlewares/Third_Party/FreeRTOS/Source/timers.o
 .text.prvCheckForValidListAndQueue
                0x000000000800d49c       0x80 Middlewares/Third_Party/FreeRTOS/Source/timers.o
 .text.pvTimerGetTimerID
                0x000000000800d51c       0x3e Middlewares/Third_Party/FreeRTOS/Source/timers.o
                0x000000000800d51c                pvTimerGetTimerID
 *fill*         0x000000000800d55a        0x2 
 .text.pxPortInitialiseStack
                0x000000000800d55c       0x68 Middlewares/Third_Party/FreeRTOS/Source/portable/GCC/ARM_CM4F/port.o
                0x000000000800d55c                pxPortInitialiseStack
 .text.prvTaskExitError
                0x000000000800d5c4       0x54 Middlewares/Third_Party/FreeRTOS/Source/portable/GCC/ARM_CM4F/port.o
 *fill*         0x000000000800d618        0x8 
 .text.SVC_Handler
                0x000000000800d620       0x28 Middlewares/Third_Party/FreeRTOS/Source/portable/GCC/ARM_CM4F/port.o
                0x000000000800d620                SVC_Handler
 .text.prvPortStartFirstTask
                0x000000000800d648       0x28 Middlewares/Third_Party/FreeRTOS/Source/portable/GCC/ARM_CM4F/port.o
 .text.xPortStartScheduler
                0x000000000800d670      0x13c Middlewares/Third_Party/FreeRTOS/Source/portable/GCC/ARM_CM4F/port.o
                0x000000000800d670                xPortStartScheduler
 .text.vPortEnterCritical
                0x000000000800d7ac       0x5c Middlewares/Third_Party/FreeRTOS/Source/portable/GCC/ARM_CM4F/port.o
                0x000000000800d7ac                vPortEnterCritical
 .text.vPortExitCritical
                0x000000000800d808       0x50 Middlewares/Third_Party/FreeRTOS/Source/portable/GCC/ARM_CM4F/port.o
                0x000000000800d808                vPortExitCritical
 *fill*         0x000000000800d858        0x8 
 .text.PendSV_Handler
                0x000000000800d860       0x68 Middlewares/Third_Party/FreeRTOS/Source/portable/GCC/ARM_CM4F/port.o
                0x000000000800d860                PendSV_Handler
 .text.SysTick_Handler
                0x000000000800d8c8       0x40 Middlewares/Third_Party/FreeRTOS/Source/portable/GCC/ARM_CM4F/port.o
                0x000000000800d8c8                SysTick_Handler
 .text.vPortSetupTimerInterrupt
                0x000000000800d908       0x48 Middlewares/Third_Party/FreeRTOS/Source/portable/GCC/ARM_CM4F/port.o
                0x000000000800d908                vPortSetupTimerInterrupt
 .text.vPortEnableVFP
                0x000000000800d950       0x14 Middlewares/Third_Party/FreeRTOS/Source/portable/GCC/ARM_CM4F/port.o
 .text.vPortValidateInterruptPriority
                0x000000000800d964       0x7c Middlewares/Third_Party/FreeRTOS/Source/portable/GCC/ARM_CM4F/port.o
                0x000000000800d964                vPortValidateInterruptPriority
 .text.pvPortMalloc
                0x000000000800d9e0      0x140 Middlewares/Third_Party/FreeRTOS/Source/portable/MemMang/heap_5.o
                0x000000000800d9e0                pvPortMalloc
 .text.vPortFree
                0x000000000800db20       0xb0 Middlewares/Third_Party/FreeRTOS/Source/portable/MemMang/heap_5.o
                0x000000000800db20                vPortFree
 .text.prvInsertBlockIntoFreeList
                0x000000000800dbd0       0xb4 Middlewares/Third_Party/FreeRTOS/Source/portable/MemMang/heap_5.o
 .text.vPortDefineHeapRegions
                0x000000000800dc84      0x18c Middlewares/Third_Party/FreeRTOS/Source/portable/MemMang/heap_5.o
                0x000000000800dc84                vPortDefineHeapRegions
 .text.__errno  0x000000000800de10        0xc /opt/st/stm32cubeide_1.5.0/plugins/com.st.stm32cube.ide.mcu.externaltools.gnu-tools-for-stm32.7-2018-q2-update.linux64_1.5.0.202011040924/tools/bin/../lib/gcc/arm-none-eabi/7.3.1/../../../../arm-none-eabi/lib/thumb/v7e-m/fpv4-sp/hard/libc.a(lib_a-errno.o)
                0x000000000800de10                __errno
 .text.__libc_init_array
                0x000000000800de1c       0x48 /opt/st/stm32cubeide_1.5.0/plugins/com.st.stm32cube.ide.mcu.externaltools.gnu-tools-for-stm32.7-2018-q2-update.linux64_1.5.0.202011040924/tools/bin/../lib/gcc/arm-none-eabi/7.3.1/../../../../arm-none-eabi/lib/thumb/v7e-m/fpv4-sp/hard/libc.a(lib_a-init.o)
                0x000000000800de1c                __libc_init_array
 .text.memcpy   0x000000000800de64       0x16 /opt/st/stm32cubeide_1.5.0/plugins/com.st.stm32cube.ide.mcu.externaltools.gnu-tools-for-stm32.7-2018-q2-update.linux64_1.5.0.202011040924/tools/bin/../lib/gcc/arm-none-eabi/7.3.1/../../../../arm-none-eabi/lib/thumb/v7e-m/fpv4-sp/hard/libc.a(lib_a-memcpy-stub.o)
                0x000000000800de64                memcpy
 .text.memset   0x000000000800de7a       0x10 /opt/st/stm32cubeide_1.5.0/plugins/com.st.stm32cube.ide.mcu.externaltools.gnu-tools-for-stm32.7-2018-q2-update.linux64_1.5.0.202011040924/tools/bin/../lib/gcc/arm-none-eabi/7.3.1/../../../../arm-none-eabi/lib/thumb/v7e-m/fpv4-sp/hard/libc.a(lib_a-memset.o)
                0x000000000800de7a                memset
 .text.cleanup_glue
                0x000000000800de8a       0x1a /opt/st/stm32cubeide_1.5.0/plugins/com.st.stm32cube.ide.mcu.externaltools.gnu-tools-for-stm32.7-2018-q2-update.linux64_1.5.0.202011040924/tools/bin/../lib/gcc/arm-none-eabi/7.3.1/../../../../arm-none-eabi/lib/thumb/v7e-m/fpv4-sp/hard/libc.a(lib_a-reent.o)
                0x000000000800de8a                cleanup_glue
 .text._reclaim_reent
                0x000000000800dea4       0x84 /opt/st/stm32cubeide_1.5.0/plugins/com.st.stm32cube.ide.mcu.externaltools.gnu-tools-for-stm32.7-2018-q2-update.linux64_1.5.0.202011040924/tools/bin/../lib/gcc/arm-none-eabi/7.3.1/../../../../arm-none-eabi/lib/thumb/v7e-m/fpv4-sp/hard/libc.a(lib_a-reent.o)
                0x000000000800dea4                _reclaim_reent
 .text.startup.register_fini
                0x000000000800df28       0x14 /opt/st/stm32cubeide_1.5.0/plugins/com.st.stm32cube.ide.mcu.externaltools.gnu-tools-for-stm32.7-2018-q2-update.linux64_1.5.0.202011040924/tools/bin/../lib/gcc/arm-none-eabi/7.3.1/../../../../arm-none-eabi/lib/thumb/v7e-m/fpv4-sp/hard/libc.a(lib_a-__call_atexit.o)
 .text.atexit   0x000000000800df3c        0xc /opt/st/stm32cubeide_1.5.0/plugins/com.st.stm32cube.ide.mcu.externaltools.gnu-tools-for-stm32.7-2018-q2-update.linux64_1.5.0.202011040924/tools/bin/../lib/gcc/arm-none-eabi/7.3.1/../../../../arm-none-eabi/lib/thumb/v7e-m/fpv4-sp/hard/libc.a(lib_a-atexit.o)
                0x000000000800df3c                atexit
 .text.__libc_fini_array
                0x000000000800df48       0x28 /opt/st/stm32cubeide_1.5.0/plugins/com.st.stm32cube.ide.mcu.externaltools.gnu-tools-for-stm32.7-2018-q2-update.linux64_1.5.0.202011040924/tools/bin/../lib/gcc/arm-none-eabi/7.3.1/../../../../arm-none-eabi/lib/thumb/v7e-m/fpv4-sp/hard/libc.a(lib_a-fini.o)
                0x000000000800df48                __libc_fini_array
 .text._malloc_trim_r
                0x000000000800df70       0xa8 /opt/st/stm32cubeide_1.5.0/plugins/com.st.stm32cube.ide.mcu.externaltools.gnu-tools-for-stm32.7-2018-q2-update.linux64_1.5.0.202011040924/tools/bin/../lib/gcc/arm-none-eabi/7.3.1/../../../../arm-none-eabi/lib/thumb/v7e-m/fpv4-sp/hard/libc.a(lib_a-freer.o)
                0x000000000800df70                _malloc_trim_r
 .text._free_r  0x000000000800e018      0x178 /opt/st/stm32cubeide_1.5.0/plugins/com.st.stm32cube.ide.mcu.externaltools.gnu-tools-for-stm32.7-2018-q2-update.linux64_1.5.0.202011040924/tools/bin/../lib/gcc/arm-none-eabi/7.3.1/../../../../arm-none-eabi/lib/thumb/v7e-m/fpv4-sp/hard/libc.a(lib_a-freer.o)
                0x000000000800e018                _free_r
 .text.__retarget_lock_acquire_recursive
                0x000000000800e190        0x2 /opt/st/stm32cubeide_1.5.0/plugins/com.st.stm32cube.ide.mcu.externaltools.gnu-tools-for-stm32.7-2018-q2-update.linux64_1.5.0.202011040924/tools/bin/../lib/gcc/arm-none-eabi/7.3.1/../../../../arm-none-eabi/lib/thumb/v7e-m/fpv4-sp/hard/libc.a(lib_a-lock.o)
                0x000000000800e190                __retarget_lock_acquire_recursive
 .text.__retarget_lock_release_recursive
                0x000000000800e192        0x2 /opt/st/stm32cubeide_1.5.0/plugins/com.st.stm32cube.ide.mcu.externaltools.gnu-tools-for-stm32.7-2018-q2-update.linux64_1.5.0.202011040924/tools/bin/../lib/gcc/arm-none-eabi/7.3.1/../../../../arm-none-eabi/lib/thumb/v7e-m/fpv4-sp/hard/libc.a(lib_a-lock.o)
                0x000000000800e192                __retarget_lock_release_recursive
 .text.__malloc_lock
                0x000000000800e194        0xc /opt/st/stm32cubeide_1.5.0/plugins/com.st.stm32cube.ide.mcu.externaltools.gnu-tools-for-stm32.7-2018-q2-update.linux64_1.5.0.202011040924/tools/bin/../lib/gcc/arm-none-eabi/7.3.1/../../../../arm-none-eabi/lib/thumb/v7e-m/fpv4-sp/hard/libc.a(lib_a-mlock.o)
                0x000000000800e194                __malloc_lock
 .text.__malloc_unlock
                0x000000000800e1a0        0xc /opt/st/stm32cubeide_1.5.0/plugins/com.st.stm32cube.ide.mcu.externaltools.gnu-tools-for-stm32.7-2018-q2-update.linux64_1.5.0.202011040924/tools/bin/../lib/gcc/arm-none-eabi/7.3.1/../../../../arm-none-eabi/lib/thumb/v7e-m/fpv4-sp/hard/libc.a(lib_a-mlock.o)
                0x000000000800e1a0                __malloc_unlock
 .text._sbrk_r  0x000000000800e1ac       0x20 /opt/st/stm32cubeide_1.5.0/plugins/com.st.stm32cube.ide.mcu.externaltools.gnu-tools-for-stm32.7-2018-q2-update.linux64_1.5.0.202011040924/tools/bin/../lib/gcc/arm-none-eabi/7.3.1/../../../../arm-none-eabi/lib/thumb/v7e-m/fpv4-sp/hard/libc.a(lib_a-sbrkr.o)
                0x000000000800e1ac                _sbrk_r
 .text.sysconf  0x000000000800e1cc       0x1a /opt/st/stm32cubeide_1.5.0/plugins/com.st.stm32cube.ide.mcu.externaltools.gnu-tools-for-stm32.7-2018-q2-update.linux64_1.5.0.202011040924/tools/bin/../lib/gcc/arm-none-eabi/7.3.1/../../../../arm-none-eabi/lib/thumb/v7e-m/fpv4-sp/hard/libc.a(lib_a-sysconf.o)
                0x000000000800e1cc                sysconf
 *fill*         0x000000000800e1e6        0x2 
 .text.__register_exitproc
                0x000000000800e1e8       0xac /opt/st/stm32cubeide_1.5.0/plugins/com.st.stm32cube.ide.mcu.externaltools.gnu-tools-for-stm32.7-2018-q2-update.linux64_1.5.0.202011040924/tools/bin/../lib/gcc/arm-none-eabi/7.3.1/../../../../arm-none-eabi/lib/thumb/v7e-m/fpv4-sp/hard/libc.a(lib_a-__atexit.o)
                0x000000000800e1e8                __register_exitproc
 *(.glue_7)
 .glue_7        0x000000000800e294        0x0 linker stubs
 *(.glue_7t)
 .glue_7t       0x000000000800e294        0x0 linker stubs
 *(.eh_frame)
 .eh_frame      0x000000000800e294        0x0 /opt/st/stm32cubeide_1.5.0/plugins/com.st.stm32cube.ide.mcu.externaltools.gnu-tools-for-stm32.7-2018-q2-update.linux64_1.5.0.202011040924/tools/bin/../lib/gcc/arm-none-eabi/7.3.1/thumb/v7e-m/fpv4-sp/hard/crtbegin.o
 *(.init)
 .init          0x000000000800e294        0x4 /opt/st/stm32cubeide_1.5.0/plugins/com.st.stm32cube.ide.mcu.externaltools.gnu-tools-for-stm32.7-2018-q2-update.linux64_1.5.0.202011040924/tools/bin/../lib/gcc/arm-none-eabi/7.3.1/thumb/v7e-m/fpv4-sp/hard/crti.o
                0x000000000800e294                _init
 .init          0x000000000800e298        0x8 /opt/st/stm32cubeide_1.5.0/plugins/com.st.stm32cube.ide.mcu.externaltools.gnu-tools-for-stm32.7-2018-q2-update.linux64_1.5.0.202011040924/tools/bin/../lib/gcc/arm-none-eabi/7.3.1/thumb/v7e-m/fpv4-sp/hard/crtn.o
 *(.fini)
 .fini          0x000000000800e2a0        0x4 /opt/st/stm32cubeide_1.5.0/plugins/com.st.stm32cube.ide.mcu.externaltools.gnu-tools-for-stm32.7-2018-q2-update.linux64_1.5.0.202011040924/tools/bin/../lib/gcc/arm-none-eabi/7.3.1/thumb/v7e-m/fpv4-sp/hard/crti.o
                0x000000000800e2a0                _fini
 .fini          0x000000000800e2a4        0x8 /opt/st/stm32cubeide_1.5.0/plugins/com.st.stm32cube.ide.mcu.externaltools.gnu-tools-for-stm32.7-2018-q2-update.linux64_1.5.0.202011040924/tools/bin/../lib/gcc/arm-none-eabi/7.3.1/thumb/v7e-m/fpv4-sp/hard/crtn.o
                0x000000000800e2ac                . = ALIGN (0x4)
                0x000000000800e2ac                _etext = .

.vfp11_veneer   0x000000000800e2ac        0x0
 .vfp11_veneer  0x000000000800e2ac        0x0 linker stubs

.v4_bx          0x000000000800e2ac        0x0
 .v4_bx         0x000000000800e2ac        0x0 linker stubs

.iplt           0x000000000800e2ac        0x0
 .iplt          0x000000000800e2ac        0x0 /opt/st/stm32cubeide_1.5.0/plugins/com.st.stm32cube.ide.mcu.externaltools.gnu-tools-for-stm32.7-2018-q2-update.linux64_1.5.0.202011040924/tools/bin/../lib/gcc/arm-none-eabi/7.3.1/thumb/v7e-m/fpv4-sp/hard/crtbegin.o

.rodata         0x000000000800e2ac      0x688
                0x000000000800e2ac                . = ALIGN (0x4)
 *(.rodata)
 .rodata        0x000000000800e2ac       0xd8 Core/Src/freertos.o
 .rodata        0x000000000800e384       0x38 Drivers/STM32L4xx_HAL_Driver/Src/stm32l4xx_hal_adc.o
 .rodata        0x000000000800e3bc       0x38 Drivers/STM32L4xx_HAL_Driver/Src/stm32l4xx_hal_can.o
 .rodata        0x000000000800e3f4       0x3b Drivers/STM32L4xx_HAL_Driver/Src/stm32l4xx_hal_cortex.o
 *fill*         0x000000000800e42f        0x1 
 .rodata        0x000000000800e430       0x38 Drivers/STM32L4xx_HAL_Driver/Src/stm32l4xx_hal_crc.o
 .rodata        0x000000000800e468       0x3b Drivers/STM32L4xx_HAL_Driver/Src/stm32l4xx_hal_crc_ex.o
 *fill*         0x000000000800e4a3        0x1 
 .rodata        0x000000000800e4a4       0x38 Drivers/STM32L4xx_HAL_Driver/Src/stm32l4xx_hal_dma.o
 .rodata        0x000000000800e4dc       0x39 Drivers/STM32L4xx_HAL_Driver/Src/stm32l4xx_hal_gpio.o
 *fill*         0x000000000800e515        0x3 
 .rodata        0x000000000800e518       0x38 Drivers/STM32L4xx_HAL_Driver/Src/stm32l4xx_hal_i2c.o
 .rodata        0x000000000800e550       0x3b Drivers/STM32L4xx_HAL_Driver/Src/stm32l4xx_hal_i2c_ex.o
 *fill*         0x000000000800e58b        0x1 
 .rodata        0x000000000800e58c       0x3b Drivers/STM32L4xx_HAL_Driver/Src/stm32l4xx_hal_pwr_ex.o
 *fill*         0x000000000800e5c7        0x1 
 .rodata        0x000000000800e5c8       0x38 Drivers/STM32L4xx_HAL_Driver/Src/stm32l4xx_hal_rcc.o
 .rodata        0x000000000800e600       0x3b Drivers/STM32L4xx_HAL_Driver/Src/stm32l4xx_hal_rcc_ex.o
 *fill*         0x000000000800e63b        0x1 
 .rodata        0x000000000800e63c       0x38 Drivers/STM32L4xx_HAL_Driver/Src/stm32l4xx_hal_rng.o
 .rodata        0x000000000800e674       0x38 Drivers/STM32L4xx_HAL_Driver/Src/stm32l4xx_hal_spi.o
 .rodata        0x000000000800e6ac       0x38 Drivers/STM32L4xx_HAL_Driver/Src/stm32l4xx_hal_tim.o
 .rodata        0x000000000800e6e4       0x3b Drivers/STM32L4xx_HAL_Driver/Src/stm32l4xx_hal_tim_ex.o
 *fill*         0x000000000800e71f        0x1 
 .rodata        0x000000000800e720       0x39 Drivers/STM32L4xx_HAL_Driver/Src/stm32l4xx_hal_uart.o
 *fill*         0x000000000800e759        0x3 
 .rodata        0x000000000800e75c       0x4c Drivers/STM32L4xx_HAL_Driver/Src/stm32l4xx_hal_uart_ex.o
 .rodata        0x000000000800e7a8       0x30 Middlewares/Third_Party/FreeRTOS/Source/tasks.o
 .rodata        0x000000000800e7d8        0xd Middlewares/Third_Party/FreeRTOS/Source/timers.o
 *(.rodata*)
 *fill*         0x000000000800e7e5        0x3 
 .rodata._ZL19CANInbox_attributes
                0x000000000800e7e8       0x18 Core/Src/freertos.o
 .rodata._ZL20CANOutbox_attributes
                0x000000000800e800       0x18 Core/Src/freertos.o
 .rodata._ZL21UARTOutbox_attributes
                0x000000000800e818       0x18 Core/Src/freertos.o
 .rodata._ZL23MeasureTimer_attributes
                0x000000000800e830       0x10 Core/Src/freertos.o
 .rodata._ZL21LEDTimeout_attributes
                0x000000000800e840       0x10 Core/Src/freertos.o
 .rodata._ZL18LEDSlow_attributes
                0x000000000800e850       0x10 Core/Src/freertos.o
 .rodata._ZL18LEDFast_attributes
                0x000000000800e860       0x10 Core/Src/freertos.o
 .rodata._ZL24ButtonTimeout_attributes
                0x000000000800e870       0x10 Core/Src/freertos.o
 .rodata._ZL22BME280_lock_attributes
                0x000000000800e880       0x10 Core/Src/freertos.o
 .rodata._ZL24SerialID_lock_attributes
                0x000000000800e890       0x10 Core/Src/freertos.o
 .rodata._ZL23MeasureEvent_attributes
                0x000000000800e8a0       0x10 Core/Src/freertos.o
 .rodata._ZL19LEDEvent_attributes
                0x000000000800e8b0       0x10 Core/Src/freertos.o
 .rodata._ZL22ButtonEvent_attributes
                0x000000000800e8c0       0x10 Core/Src/freertos.o
 .rodata.AHBPrescTable
                0x000000000800e8d0       0x10 Core/Src/system_stm32l4xx.o
                0x000000000800e8d0                AHBPrescTable
 .rodata.APBPrescTable
                0x000000000800e8e0        0x8 Core/Src/system_stm32l4xx.o
                0x000000000800e8e0                APBPrescTable
 .rodata.MSIRangeTable
                0x000000000800e8e8       0x30 Core/Src/system_stm32l4xx.o
                0x000000000800e8e8                MSIRangeTable
 .rodata.UARTPrescTable
                0x000000000800e918       0x18 Drivers/STM32L4xx_HAL_Driver/Src/stm32l4xx_hal_uart.o
                0x000000000800e918                UARTPrescTable
 .rodata._global_impure_ptr
                0x000000000800e930        0x4 /opt/st/stm32cubeide_1.5.0/plugins/com.st.stm32cube.ide.mcu.externaltools.gnu-tools-for-stm32.7-2018-q2-update.linux64_1.5.0.202011040924/tools/bin/../lib/gcc/arm-none-eabi/7.3.1/../../../../arm-none-eabi/lib/thumb/v7e-m/fpv4-sp/hard/libc.a(lib_a-impure.o)
                0x000000000800e930                _global_impure_ptr
                0x000000000800e934                . = ALIGN (0x4)

.ARM.extab      0x000000000800e934        0x0
                0x000000000800e934                . = ALIGN (0x4)
 *(.ARM.extab* .gnu.linkonce.armextab.*)
                0x000000000800e934                . = ALIGN (0x4)

.ARM            0x000000000800e934        0x8
                0x000000000800e934                . = ALIGN (0x4)
                0x000000000800e934                __exidx_start = .
 *(.ARM.exidx*)
 .ARM.exidx     0x000000000800e934        0x8 /opt/st/stm32cubeide_1.5.0/plugins/com.st.stm32cube.ide.mcu.externaltools.gnu-tools-for-stm32.7-2018-q2-update.linux64_1.5.0.202011040924/tools/bin/../lib/gcc/arm-none-eabi/7.3.1/thumb/v7e-m/fpv4-sp/hard/libgcc.a(_udivmoddi4.o)
                0x000000000800e93c                __exidx_end = .
                0x000000000800e93c                . = ALIGN (0x4)

.rel.dyn        0x000000000800e93c        0x0
 .rel.iplt      0x000000000800e93c        0x0 /opt/st/stm32cubeide_1.5.0/plugins/com.st.stm32cube.ide.mcu.externaltools.gnu-tools-for-stm32.7-2018-q2-update.linux64_1.5.0.202011040924/tools/bin/../lib/gcc/arm-none-eabi/7.3.1/thumb/v7e-m/fpv4-sp/hard/crtbegin.o

.preinit_array  0x000000000800e93c        0x0
                0x000000000800e93c                . = ALIGN (0x4)
                0x000000000800e93c                PROVIDE (__preinit_array_start = .)
 *(.preinit_array*)
                0x000000000800e93c                PROVIDE (__preinit_array_end = .)
                0x000000000800e93c                . = ALIGN (0x4)

.init_array     0x000000000800e93c        0x8
                0x000000000800e93c                . = ALIGN (0x4)
                0x000000000800e93c                PROVIDE (__init_array_start = .)
 *(SORT_BY_NAME(.init_array.*))
 .init_array.00000
                0x000000000800e93c        0x4 /opt/st/stm32cubeide_1.5.0/plugins/com.st.stm32cube.ide.mcu.externaltools.gnu-tools-for-stm32.7-2018-q2-update.linux64_1.5.0.202011040924/tools/bin/../lib/gcc/arm-none-eabi/7.3.1/../../../../arm-none-eabi/lib/thumb/v7e-m/fpv4-sp/hard/libc.a(lib_a-__call_atexit.o)
 *(.init_array*)
 .init_array    0x000000000800e940        0x4 /opt/st/stm32cubeide_1.5.0/plugins/com.st.stm32cube.ide.mcu.externaltools.gnu-tools-for-stm32.7-2018-q2-update.linux64_1.5.0.202011040924/tools/bin/../lib/gcc/arm-none-eabi/7.3.1/thumb/v7e-m/fpv4-sp/hard/crtbegin.o
                0x000000000800e944                PROVIDE (__init_array_end = .)
                0x000000000800e944                . = ALIGN (0x4)

.fini_array     0x000000000800e944        0x4
                0x000000000800e944                . = ALIGN (0x4)
                0x000000000800e944                PROVIDE (__fini_array_start = .)
 *(SORT_BY_NAME(.fini_array.*))
 *(.fini_array*)
 .fini_array    0x000000000800e944        0x4 /opt/st/stm32cubeide_1.5.0/plugins/com.st.stm32cube.ide.mcu.externaltools.gnu-tools-for-stm32.7-2018-q2-update.linux64_1.5.0.202011040924/tools/bin/../lib/gcc/arm-none-eabi/7.3.1/thumb/v7e-m/fpv4-sp/hard/crtbegin.o
                0x000000000800e948                PROVIDE (__fini_array_end = .)
                0x000000000800e948                . = ALIGN (0x4)
                0x000000000800e948                _sidata = LOADADDR (.data)

.data           0x0000000020000000      0x914 load address 0x000000000800e948
                0x0000000020000000                . = ALIGN (0x4)
                0x0000000020000000                _sdata = .
 *(.data)
 *(.data*)
 .data.MeasureTask_attributes
                0x0000000020000000       0x24 Core/Src/freertos.o
                0x0000000020000000                MeasureTask_attributes
 .data.ProcessCAN_attributes
                0x0000000020000024       0x24 Core/Src/freertos.o
                0x0000000020000024                ProcessCAN_attributes
 .data.SysMonitor_attributes
                0x0000000020000048       0x24 Core/Src/freertos.o
                0x0000000020000048                SysMonitor_attributes
 .data.UI_attributes
                0x000000002000006c       0x24 Core/Src/freertos.o
                0x000000002000006c                UI_attributes
 .data.ProcessUART_attributes
                0x0000000020000090       0x24 Core/Src/freertos.o
                0x0000000020000090                ProcessUART_attributes
 .data.SystemCoreClock
                0x00000000200000b4        0x4 Core/Src/system_stm32l4xx.o
                0x00000000200000b4                SystemCoreClock
 .data.uwTickPrio
                0x00000000200000b8        0x4 Drivers/STM32L4xx_HAL_Driver/Src/stm32l4xx_hal.o
                0x00000000200000b8                uwTickPrio
 .data.uwTickFreq
                0x00000000200000bc        0x1 Drivers/STM32L4xx_HAL_Driver/Src/stm32l4xx_hal.o
                0x00000000200000bc                uwTickFreq
 *fill*         0x00000000200000bd        0x3 
 .data.xHeapRegions
                0x00000000200000c0       0x10 Middlewares/Third_Party/FreeRTOS/Source/CMSIS_RTOS_V2/cmsis_os2.o
 .data.uxCriticalNesting
                0x00000000200000d0        0x4 Middlewares/Third_Party/FreeRTOS/Source/portable/GCC/ARM_CM4F/port.o
 .data._impure_ptr
                0x00000000200000d4        0x4 /opt/st/stm32cubeide_1.5.0/plugins/com.st.stm32cube.ide.mcu.externaltools.gnu-tools-for-stm32.7-2018-q2-update.linux64_1.5.0.202011040924/tools/bin/../lib/gcc/arm-none-eabi/7.3.1/../../../../arm-none-eabi/lib/thumb/v7e-m/fpv4-sp/hard/libc.a(lib_a-impure.o)
                0x00000000200000d4                _impure_ptr
 .data.impure_data
                0x00000000200000d8      0x428 /opt/st/stm32cubeide_1.5.0/plugins/com.st.stm32cube.ide.mcu.externaltools.gnu-tools-for-stm32.7-2018-q2-update.linux64_1.5.0.202011040924/tools/bin/../lib/gcc/arm-none-eabi/7.3.1/../../../../arm-none-eabi/lib/thumb/v7e-m/fpv4-sp/hard/libc.a(lib_a-impure.o)
 .data.__atexit_recursive_mutex
                0x0000000020000500        0x4 /opt/st/stm32cubeide_1.5.0/plugins/com.st.stm32cube.ide.mcu.externaltools.gnu-tools-for-stm32.7-2018-q2-update.linux64_1.5.0.202011040924/tools/bin/../lib/gcc/arm-none-eabi/7.3.1/../../../../arm-none-eabi/lib/thumb/v7e-m/fpv4-sp/hard/libc.a(lib_a-__call_atexit.o)
                0x0000000020000500                __atexit_recursive_mutex
 .data.__malloc_av_
                0x0000000020000504      0x408 /opt/st/stm32cubeide_1.5.0/plugins/com.st.stm32cube.ide.mcu.externaltools.gnu-tools-for-stm32.7-2018-q2-update.linux64_1.5.0.202011040924/tools/bin/../lib/gcc/arm-none-eabi/7.3.1/../../../../arm-none-eabi/lib/thumb/v7e-m/fpv4-sp/hard/libc.a(lib_a-mallocr.o)
                0x0000000020000504                __malloc_av_
 .data.__malloc_sbrk_base
                0x000000002000090c        0x4 /opt/st/stm32cubeide_1.5.0/plugins/com.st.stm32cube.ide.mcu.externaltools.gnu-tools-for-stm32.7-2018-q2-update.linux64_1.5.0.202011040924/tools/bin/../lib/gcc/arm-none-eabi/7.3.1/../../../../arm-none-eabi/lib/thumb/v7e-m/fpv4-sp/hard/libc.a(lib_a-mallocr.o)
                0x000000002000090c                __malloc_sbrk_base
 .data.__malloc_trim_threshold
                0x0000000020000910        0x4 /opt/st/stm32cubeide_1.5.0/plugins/com.st.stm32cube.ide.mcu.externaltools.gnu-tools-for-stm32.7-2018-q2-update.linux64_1.5.0.202011040924/tools/bin/../lib/gcc/arm-none-eabi/7.3.1/../../../../arm-none-eabi/lib/thumb/v7e-m/fpv4-sp/hard/libc.a(lib_a-mallocr.o)
                0x0000000020000910                __malloc_trim_threshold
 *(.RamFunc)
 *(.RamFunc*)
                0x0000000020000914                . = ALIGN (0x4)
                0x0000000020000914                _edata = .

.igot.plt       0x0000000020000914        0x0 load address 0x000000000800f25c
 .igot.plt      0x0000000020000914        0x0 /opt/st/stm32cubeide_1.5.0/plugins/com.st.stm32cube.ide.mcu.externaltools.gnu-tools-for-stm32.7-2018-q2-update.linux64_1.5.0.202011040924/tools/bin/../lib/gcc/arm-none-eabi/7.3.1/thumb/v7e-m/fpv4-sp/hard/crtbegin.o
                0x0000000020000914                . = ALIGN (0x4)

.bss            0x0000000020000914    0x332f4 load address 0x000000000800f25c
                0x0000000020000914                _sbss = .
                0x0000000020000914                __bss_start__ = _sbss
 *(.bss)
 .bss           0x0000000020000914       0x1c /opt/st/stm32cubeide_1.5.0/plugins/com.st.stm32cube.ide.mcu.externaltools.gnu-tools-for-stm32.7-2018-q2-update.linux64_1.5.0.202011040924/tools/bin/../lib/gcc/arm-none-eabi/7.3.1/thumb/v7e-m/fpv4-sp/hard/crtbegin.o
 *(.bss*)
 .bss.MeasureTaskHandle
                0x0000000020000930        0x4 Core/Src/freertos.o
                0x0000000020000930                MeasureTaskHandle
 .bss.ProcessCANHandle
                0x0000000020000934        0x4 Core/Src/freertos.o
                0x0000000020000934                ProcessCANHandle
 .bss.SysMonitorHandle
                0x0000000020000938        0x4 Core/Src/freertos.o
                0x0000000020000938                SysMonitorHandle
 .bss.UIHandle  0x000000002000093c        0x4 Core/Src/freertos.o
                0x000000002000093c                UIHandle
 .bss.ProcessUARTHandle
                0x0000000020000940        0x4 Core/Src/freertos.o