Archive member included to satisfy reference by file (symbol)

/opt/st/stm32cubeide_1.7.0/plugins/com.st.stm32cube.ide.mcu.externaltools.gnu-tools-for-stm32.9-2020-q2-update.linux64_2.0.0.202105311346/tools/bin/../lib/gcc/arm-none-eabi/9.3.1/../../../../arm-none-eabi/lib/thumb/v7e-m+fp/hard/libstdc++_nano.a(del_ops.o)
                              ./Core/Src/BME280.o (operator delete(void*, unsigned int))
/opt/st/stm32cubeide_1.7.0/plugins/com.st.stm32cube.ide.mcu.externaltools.gnu-tools-for-stm32.9-2020-q2-update.linux64_2.0.0.202105311346/tools/bin/../lib/gcc/arm-none-eabi/9.3.1/../../../../arm-none-eabi/lib/thumb/v7e-m+fp/hard/libstdc++_nano.a(del_op.o)
                              /opt/st/stm32cubeide_1.7.0/plugins/com.st.stm32cube.ide.mcu.externaltools.gnu-tools-for-stm32.9-2020-q2-update.linux64_2.0.0.202105311346/tools/bin/../lib/gcc/arm-none-eabi/9.3.1/../../../../arm-none-eabi/lib/thumb/v7e-m+fp/hard/libstdc++_nano.a(del_ops.o) (operator delete(void*))
/opt/st/stm32cubeide_1.7.0/plugins/com.st.stm32cube.ide.mcu.externaltools.gnu-tools-for-stm32.9-2020-q2-update.linux64_2.0.0.202105311346/tools/bin/../lib/gcc/arm-none-eabi/9.3.1/../../../../arm-none-eabi/lib/thumb/v7e-m+fp/hard/libm.a(lib_a-w_pow.o)
                              ./Core/Src/BME280.o (pow)
/opt/st/stm32cubeide_1.7.0/plugins/com.st.stm32cube.ide.mcu.externaltools.gnu-tools-for-stm32.9-2020-q2-update.linux64_2.0.0.202105311346/tools/bin/../lib/gcc/arm-none-eabi/9.3.1/../../../../arm-none-eabi/lib/thumb/v7e-m+fp/hard/libm.a(lib_a-e_pow.o)
                              /opt/st/stm32cubeide_1.7.0/plugins/com.st.stm32cube.ide.mcu.externaltools.gnu-tools-for-stm32.9-2020-q2-update.linux64_2.0.0.202105311346/tools/bin/../lib/gcc/arm-none-eabi/9.3.1/../../../../arm-none-eabi/lib/thumb/v7e-m+fp/hard/libm.a(lib_a-w_pow.o) (__ieee754_pow)
/opt/st/stm32cubeide_1.7.0/plugins/com.st.stm32cube.ide.mcu.externaltools.gnu-tools-for-stm32.9-2020-q2-update.linux64_2.0.0.202105311346/tools/bin/../lib/gcc/arm-none-eabi/9.3.1/../../../../arm-none-eabi/lib/thumb/v7e-m+fp/hard/libm.a(lib_a-e_sqrt.o)
                              /opt/st/stm32cubeide_1.7.0/plugins/com.st.stm32cube.ide.mcu.externaltools.gnu-tools-for-stm32.9-2020-q2-update.linux64_2.0.0.202105311346/tools/bin/../lib/gcc/arm-none-eabi/9.3.1/../../../../arm-none-eabi/lib/thumb/v7e-m+fp/hard/libm.a(lib_a-e_pow.o) (__ieee754_sqrt)
/opt/st/stm32cubeide_1.7.0/plugins/com.st.stm32cube.ide.mcu.externaltools.gnu-tools-for-stm32.9-2020-q2-update.linux64_2.0.0.202105311346/tools/bin/../lib/gcc/arm-none-eabi/9.3.1/../../../../arm-none-eabi/lib/thumb/v7e-m+fp/hard/libm.a(lib_a-s_fabs.o)
                              /opt/st/stm32cubeide_1.7.0/plugins/com.st.stm32cube.ide.mcu.externaltools.gnu-tools-for-stm32.9-2020-q2-update.linux64_2.0.0.202105311346/tools/bin/../lib/gcc/arm-none-eabi/9.3.1/../../../../arm-none-eabi/lib/thumb/v7e-m+fp/hard/libm.a(lib_a-e_pow.o) (fabs)
/opt/st/stm32cubeide_1.7.0/plugins/com.st.stm32cube.ide.mcu.externaltools.gnu-tools-for-stm32.9-2020-q2-update.linux64_2.0.0.202105311346/tools/bin/../lib/gcc/arm-none-eabi/9.3.1/../../../../arm-none-eabi/lib/thumb/v7e-m+fp/hard/libm.a(lib_a-s_finite.o)
                              /opt/st/stm32cubeide_1.7.0/plugins/com.st.stm32cube.ide.mcu.externaltools.gnu-tools-for-stm32.9-2020-q2-update.linux64_2.0.0.202105311346/tools/bin/../lib/gcc/arm-none-eabi/9.3.1/../../../../arm-none-eabi/lib/thumb/v7e-m+fp/hard/libm.a(lib_a-w_pow.o) (finite)
/opt/st/stm32cubeide_1.7.0/plugins/com.st.stm32cube.ide.mcu.externaltools.gnu-tools-for-stm32.9-2020-q2-update.linux64_2.0.0.202105311346/tools/bin/../lib/gcc/arm-none-eabi/9.3.1/../../../../arm-none-eabi/lib/thumb/v7e-m+fp/hard/libm.a(lib_a-s_lib_ver.o)
                              /opt/st/stm32cubeide_1.7.0/plugins/com.st.stm32cube.ide.mcu.externaltools.gnu-tools-for-stm32.9-2020-q2-update.linux64_2.0.0.202105311346/tools/bin/../lib/gcc/arm-none-eabi/9.3.1/../../../../arm-none-eabi/lib/thumb/v7e-m+fp/hard/libm.a(lib_a-w_pow.o) (__fdlib_version)
/opt/st/stm32cubeide_1.7.0/plugins/com.st.stm32cube.ide.mcu.externaltools.gnu-tools-for-stm32.9-2020-q2-update.linux64_2.0.0.202105311346/tools/bin/../lib/gcc/arm-none-eabi/9.3.1/../../../../arm-none-eabi/lib/thumb/v7e-m+fp/hard/libm.a(lib_a-s_nan.o)
                              /opt/st/stm32cubeide_1.7.0/plugins/com.st.stm32cube.ide.mcu.externaltools.gnu-tools-for-stm32.9-2020-q2-update.linux64_2.0.0.202105311346/tools/bin/../lib/gcc/arm-none-eabi/9.3.1/../../../../arm-none-eabi/lib/thumb/v7e-m+fp/hard/libm.a(lib_a-e_pow.o) (nan)
/opt/st/stm32cubeide_1.7.0/plugins/com.st.stm32cube.ide.mcu.externaltools.gnu-tools-for-stm32.9-2020-q2-update.linux64_2.0.0.202105311346/tools/bin/../lib/gcc/arm-none-eabi/9.3.1/../../../../arm-none-eabi/lib/thumb/v7e-m+fp/hard/libm.a(lib_a-s_rint.o)
[...]
Memory Configuration

Name             Origin             Length             Attributes
RAM              0x0000000020000000 0x00000000000a0000 xrw
FLASH            0x0000000008000000 0x0000000000100000 xr
*default*        0x0000000000000000 0xffffffffffffffff

Linker script and memory map

LOAD /opt/st/stm32cubeide_1.7.0/plugins/com.st.stm32cube.ide.mcu.externaltools.gnu-tools-for-stm32.9-2020-q2-update.linux64_2.0.0.202105311346/tools/bin/../lib/gcc/arm-none-eabi/9.3.1/thumb/v7e-m+fp/hard/crti.o
LOAD /opt/st/stm32cubeide_1.7.0/plugins/com.st.stm32cube.ide.mcu.externaltools.gnu-tools-for-stm32.9-2020-q2-update.linux64_2.0.0.202105311346/tools/bin/../lib/gcc/arm-none-eabi/9.3.1/thumb/v7e-m+fp/hard/crtbegin.o
LOAD /opt/st/stm32cubeide_1.7.0/plugins/com.st.stm32cube.ide.mcu.externaltools.gnu-tools-for-stm32.9-2020-q2-update.linux64_2.0.0.202105311346/tools/bin/../lib/gcc/arm-none-eabi/9.3.1/../../../../arm-none-eabi/lib/thumb/v7e-m+fp/hard/crt0.o
LOAD ./Core/Src/BME280.o
LOAD ./Core/Src/DS28CM00ID.o
LOAD ./Core/Src/adc.o
LOAD ./Core/Src/can.o
LOAD ./Core/Src/crc.o
LOAD ./Core/Src/dma.o
LOAD ./Core/Src/freertos.o
LOAD ./Core/Src/gpio.o
LOAD ./Core/Src/i2c.o
LOAD ./Core/Src/main.o
LOAD ./Core/Src/rng.o
LOAD ./Core/Src/spi.o
LOAD ./Core/Src/stm32l4xx_hal_msp.o
LOAD ./Core/Src/stm32l4xx_hal_timebase_tim.o
LOAD ./Core/Src/stm32l4xx_it.o
LOAD ./Core/Src/syscalls.o
LOAD ./Core/Src/sysmem.o
LOAD ./Core/Src/system_stm32l4xx.o
LOAD ./Core/Src/tim.o
LOAD ./Core/Src/usart.o
LOAD ./Core/Startup/startup_stm32l4r9vgtx.o
LOAD ./Drivers/STM32L4xx_HAL_Driver/Src/stm32l4xx_hal.o
LOAD ./Drivers/STM32L4xx_HAL_Driver/Src/stm32l4xx_hal_adc.o
LOAD ./Drivers/STM32L4xx_HAL_Driver/Src/stm32l4xx_hal_adc_ex.o
LOAD ./Drivers/STM32L4xx_HAL_Driver/Src/stm32l4xx_hal_can.o
LOAD ./Drivers/STM32L4xx_HAL_Driver/Src/stm32l4xx_hal_cortex.o
LOAD ./Drivers/STM32L4xx_HAL_Driver/Src/stm32l4xx_hal_crc.o
LOAD ./Drivers/STM32L4xx_HAL_Driver/Src/stm32l4xx_hal_crc_ex.o
LOAD ./Drivers/STM32L4xx_HAL_Driver/Src/stm32l4xx_hal_dma.o
LOAD ./Drivers/STM32L4xx_HAL_Driver/Src/stm32l4xx_hal_dma_ex.o
LOAD ./Drivers/STM32L4xx_HAL_Driver/Src/stm32l4xx_hal_exti.o
LOAD ./Drivers/STM32L4xx_HAL_Driver/Src/stm32l4xx_hal_flash.o
LOAD ./Drivers/STM32L4xx_HAL_Driver/Src/stm32l4xx_hal_flash_ex.o
LOAD ./Drivers/STM32L4xx_HAL_Driver/Src/stm32l4xx_hal_flash_ramfunc.o
LOAD ./Drivers/STM32L4xx_HAL_Driver/Src/stm32l4xx_hal_gpio.o
LOAD ./Drivers/STM32L4xx_HAL_Driver/Src/stm32l4xx_hal_i2c.o
LOAD ./Drivers/STM32L4xx_HAL_Driver/Src/stm32l4xx_hal_i2c_ex.o
LOAD ./Drivers/STM32L4xx_HAL_Driver/Src/stm32l4xx_hal_pwr.o
LOAD ./Drivers/STM32L4xx_HAL_Driver/Src/stm32l4xx_hal_pwr_ex.o
LOAD ./Drivers/STM32L4xx_HAL_Driver/Src/stm32l4xx_hal_rcc.o
LOAD ./Drivers/STM32L4xx_HAL_Driver/Src/stm32l4xx_hal_rcc_ex.o
LOAD ./Drivers/STM32L4xx_HAL_Driver/Src/stm32l4xx_hal_rng.o
LOAD ./Drivers/STM32L4xx_HAL_Driver/Src/stm32l4xx_hal_rng_ex.o
LOAD ./Drivers/STM32L4xx_HAL_Driver/Src/stm32l4xx_hal_spi.o
LOAD ./Drivers/STM32L4xx_HAL_Driver/Src/stm32l4xx_hal_spi_ex.o
LOAD ./Drivers/STM32L4xx_HAL_Driver/Src/stm32l4xx_hal_tim.o
LOAD ./Drivers/STM32L4xx_HAL_Driver/Src/stm32l4xx_hal_tim_ex.o
LOAD ./Drivers/STM32L4xx_HAL_Driver/Src/stm32l4xx_hal_uart.o
LOAD ./Drivers/STM32L4xx_HAL_Driver/Src/stm32l4xx_hal_uart_ex.o
LOAD ./Middlewares/Third_Party/FreeRTOS/Source/CMSIS_RTOS_V2/cmsis_os2.o
LOAD ./Middlewares/Third_Party/FreeRTOS/Source/croutine.o
LOAD ./Middlewares/Third_Party/FreeRTOS/Source/event_groups.o
LOAD ./Middlewares/Third_Party/FreeRTOS/Source/list.o
LOAD ./Middlewares/Third_Party/FreeRTOS/Source/queue.o
LOAD ./Middlewares/Third_Party/FreeRTOS/Source/stream_buffer.o
LOAD ./Middlewares/Third_Party/FreeRTOS/Source/tasks.o
LOAD ./Middlewares/Third_Party/FreeRTOS/Source/timers.o
LOAD ./Middlewares/Third_Party/FreeRTOS/Source/portable/GCC/ARM_CM4F/port.o
LOAD ./Middlewares/Third_Party/FreeRTOS/Source/portable/MemMang/heap_5.o
START GROUP
LOAD /opt/st/stm32cubeide_1.7.0/plugins/com.st.stm32cube.ide.mcu.externaltools.gnu-tools-for-stm32.9-2020-q2-update.linux64_2.0.0.202105311346/tools/bin/../lib/gcc/arm-none-eabi/9.3.1/../../../../arm-none-eabi/lib/thumb/v7e-m+fp/hard/libstdc++_nano.a
LOAD /opt/st/stm32cubeide_1.7.0/plugins/com.st.stm32cube.ide.mcu.externaltools.gnu-tools-for-stm32.9-2020-q2-update.linux64_2.0.0.202105311346/tools/bin/../lib/gcc/arm-none-eabi/9.3.1/../../../../arm-none-eabi/lib/thumb/v7e-m+fp/hard/libsupc++_nano.a
END GROUP
LOAD /opt/st/stm32cubeide_1.7.0/plugins/com.st.stm32cube.ide.mcu.externaltools.gnu-tools-for-stm32.9-2020-q2-update.linux64_2.0.0.202105311346/tools/bin/../lib/gcc/arm-none-eabi/9.3.1/../../../../arm-none-eabi/lib/thumb/v7e-m+fp/hard/libstdc++_nano.a
LOAD /opt/st/stm32cubeide_1.7.0/plugins/com.st.stm32cube.ide.mcu.externaltools.gnu-tools-for-stm32.9-2020-q2-update.linux64_2.0.0.202105311346/tools/bin/../lib/gcc/arm-none-eabi/9.3.1/../../../../arm-none-eabi/lib/thumb/v7e-m+fp/hard/libm.a
LOAD /opt/st/stm32cubeide_1.7.0/plugins/com.st.stm32cube.ide.mcu.externaltools.gnu-tools-for-stm32.9-2020-q2-update.linux64_2.0.0.202105311346/tools/bin/../lib/gcc/arm-none-eabi/9.3.1/../../../../arm-none-eabi/lib/thumb/v7e-m+fp/hard/libc_nano.a
START GROUP
LOAD /opt/st/stm32cubeide_1.7.0/plugins/com.st.stm32cube.ide.mcu.externaltools.gnu-tools-for-stm32.9-2020-q2-update.linux64_2.0.0.202105311346/tools/bin/../lib/gcc/arm-none-eabi/9.3.1/thumb/v7e-m+fp/hard/libgcc.a
LOAD /opt/st/stm32cubeide_1.7.0/plugins/com.st.stm32cube.ide.mcu.externaltools.gnu-tools-for-stm32.9-2020-q2-update.linux64_2.0.0.202105311346/tools/bin/../lib/gcc/arm-none-eabi/9.3.1/../../../../arm-none-eabi/lib/thumb/v7e-m+fp/hard/libc_nano.a
END GROUP
START GROUP
LOAD /opt/st/stm32cubeide_1.7.0/plugins/com.st.stm32cube.ide.mcu.externaltools.gnu-tools-for-stm32.9-2020-q2-update.linux64_2.0.0.202105311346/tools/bin/../lib/gcc/arm-none-eabi/9.3.1/thumb/v7e-m+fp/hard/libgcc.a
LOAD /opt/st/stm32cubeide_1.7.0/plugins/com.st.stm32cube.ide.mcu.externaltools.gnu-tools-for-stm32.9-2020-q2-update.linux64_2.0.0.202105311346/tools/bin/../lib/gcc/arm-none-eabi/9.3.1/../../../../arm-none-eabi/lib/thumb/v7e-m+fp/hard/libc_nano.a
END GROUP
LOAD /opt/st/stm32cubeide_1.7.0/plugins/com.st.stm32cube.ide.mcu.externaltools.gnu-tools-for-stm32.9-2020-q2-update.linux64_2.0.0.202105311346/tools/bin/../lib/gcc/arm-none-eabi/9.3.1/thumb/v7e-m+fp/hard/crtend.o
LOAD /opt/st/stm32cubeide_1.7.0/plugins/com.st.stm32cube.ide.mcu.externaltools.gnu-tools-for-stm32.9-2020-q2-update.linux64_2.0.0.202105311346/tools/bin/../lib/gcc/arm-none-eabi/9.3.1/thumb/v7e-m+fp/hard/crtn.o
                0x00000000200a0000                _estack = (ORIGIN (RAM) + LENGTH (RAM))
                0x0000000000000200                _Min_Heap_Size = 0x200
                0x0000000000000400                _Min_Stack_Size = 0x400

.isr_vector     0x0000000008000000      0x1bc
                0x0000000008000000                . = ALIGN (0x4)
 *(.isr_vector)
 .isr_vector    0x0000000008000000      0x1bc ./Core/Startup/startup_stm32l4r9vgtx.o
                0x0000000008000000                g_pfnVectors
                0x00000000080001bc                . = ALIGN (0x4)

.text           0x00000000080001c0     0xb9e0
                0x00000000080001c0                . = ALIGN (0x4)
 *(.text)
 .text          0x00000000080001c0       0x40 /opt/st/stm32cubeide_1.7.0/plugins/com.st.stm32cube.ide.mcu.externaltools.gnu-tools-for-stm32.9-2020-q2-update.linux64_2.0.0.202105311346/tools/bin/../lib/gcc/arm-none-eabi/9.3.1/thumb/v7e-m+fp/hard/crtbegin.o
 .text          0x0000000008000200       0x30 /opt/st/stm32cubeide_1.7.0/plugins/com.st.stm32cube.ide.mcu.externaltools.gnu-tools-for-stm32.9-2020-q2-update.linux64_2.0.0.202105311346/tools/bin/../lib/gcc/arm-none-eabi/9.3.1/thumb/v7e-m+fp/hard/libgcc.a(_aeabi_uldivmod.o)
                0x0000000008000200                __aeabi_uldivmod
 .text          0x0000000008000230      0x2c4 /opt/st/stm32cubeide_1.7.0/plugins/com.st.stm32cube.ide.mcu.externaltools.gnu-tools-for-stm32.9-2020-q2-update.linux64_2.0.0.202105311346/tools/bin/../lib/gcc/arm-none-eabi/9.3.1/thumb/v7e-m+fp/hard/libgcc.a(_udivmoddi4.o)
                0x0000000008000230                __udivmoddi4
 .text          0x00000000080004f4        0x4 /opt/st/stm32cubeide_1.7.0/plugins/com.st.stm32cube.ide.mcu.externaltools.gnu-tools-for-stm32.9-2020-q2-update.linux64_2.0.0.202105311346/tools/bin/../lib/gcc/arm-none-eabi/9.3.1/thumb/v7e-m+fp/hard/libgcc.a(_dvmd_tls.o)
                0x00000000080004f4                __aeabi_ldiv0
                0x00000000080004f4                __aeabi_idiv0
 *(.text*)
 .text.MX_ADC1_Init
                0x00000000080004f8       0xf0 ./Core/Src/adc.o
                0x00000000080004f8                MX_ADC1_Init
 .text.HAL_ADC_MspInit
                0x00000000080005e8      0x120 ./Core/Src/adc.o
                0x00000000080005e8                HAL_ADC_MspInit
 .text.MX_CAN1_Init
                0x0000000008000708       0x6c ./Core/Src/can.o
                0x0000000008000708                MX_CAN1_Init
 .text.HAL_CAN_MspInit
                0x0000000008000774       0xb8 ./Core/Src/can.o
                0x0000000008000774                HAL_CAN_MspInit
 .text.MX_CRC_Init
                0x000000000800082c       0x44 ./Core/Src/crc.o
                0x000000000800082c                MX_CRC_Init
 .text.HAL_CRC_MspInit
                0x0000000008000870       0x40 ./Core/Src/crc.o
                0x0000000008000870                HAL_CRC_MspInit
 .text.MX_DMA_Init
                0x00000000080008b0       0x54 ./Core/Src/dma.o
                0x00000000080008b0                MX_DMA_Init
 .text.configureTimerForRunTimeStats
                0x0000000008000904        0xe ./Core/Src/freertos.o
                0x0000000008000904                configureTimerForRunTimeStats
 .text.getRunTimeCounterValue
                0x0000000008000912       0x10 ./Core/Src/freertos.o
                0x0000000008000912                getRunTimeCounterValue
 *fill*         0x0000000008000922        0x2 
 .text._Z16MX_FREERTOS_Initv
                0x0000000008000924      0x27c ./Core/Src/freertos.o
                0x0000000008000924                MX_FREERTOS_Init()
 .text._Z16StartCANMesgTaskPv
                0x0000000008000ba0       0x10 ./Core/Src/freertos.o
                0x0000000008000ba0                StartCANMesgTask(void*)
 .text._Z16StartMeasureTaskPv
                0x0000000008000bb0       0x10 ./Core/Src/freertos.o
                0x0000000008000bb0                StartMeasureTask(void*)
 .text._Z12startMonitorPv
                0x0000000008000bc0       0x10 ./Core/Src/freertos.o
                0x0000000008000bc0                startMonitor(void*)
 .text._Z7startUIPv
                0x0000000008000bd0       0x10 ./Core/Src/freertos.o
                0x0000000008000bd0                startUI(void*)
 .text._Z9startUARTPv
                0x0000000008000be0       0x10 ./Core/Src/freertos.o
                0x0000000008000be0                startUART(void*)
 .text._Z14MeasureRoutinePv
                0x0000000008000bf0       0x14 ./Core/Src/freertos.o
                0x0000000008000bf0                MeasureRoutine(void*)
 .text._Z17LEDTimeoutRoutinePv
                0x0000000008000c04       0x14 ./Core/Src/freertos.o
                0x0000000008000c04                LEDTimeoutRoutine(void*)
 .text._Z12processInputPv
                0x0000000008000c18       0x14 ./Core/Src/freertos.o
                0x0000000008000c18                processInput(void*)
 .text.MX_GPIO_Init
                0x0000000008000c2c      0x178 ./Core/Src/gpio.o
                0x0000000008000c2c                MX_GPIO_Init
 .text.MX_I2C1_Init
                0x0000000008000da4       0x80 ./Core/Src/i2c.o
                0x0000000008000da4                MX_I2C1_Init
 .text.HAL_I2C_MspInit
                0x0000000008000e24       0xbc ./Core/Src/i2c.o
                0x0000000008000e24                HAL_I2C_MspInit
 .text.main     0x0000000008000ee0       0x46 ./Core/Src/main.o
                0x0000000008000ee0                main
 .text._Z18SystemClock_Configv
                0x0000000008000f26       0xc2 ./Core/Src/main.o
                0x0000000008000f26                SystemClock_Config()
 .text._Z24PeriphCommonClock_Configv
                0x0000000008000fe8       0x6a ./Core/Src/main.o
                0x0000000008000fe8                PeriphCommonClock_Config()
 *fill*         0x0000000008001052        0x2 
 .text.HAL_TIM_PeriodElapsedCallback
                0x0000000008001054       0x24 ./Core/Src/main.o
                0x0000000008001054                HAL_TIM_PeriodElapsedCallback
 .text.Error_Handler
                0x0000000008001078        0xa ./Core/Src/main.o
                0x0000000008001078                Error_Handler
 *fill*         0x0000000008001082        0x2 
 .text.MX_RNG_Init
                0x0000000008001084       0x2c ./Core/Src/rng.o
                0x0000000008001084                MX_RNG_Init
 .text.HAL_RNG_MspInit
                0x00000000080010b0       0x40 ./Core/Src/rng.o
                0x00000000080010b0                HAL_RNG_MspInit
 .text.MX_SPI1_Init
                0x00000000080010f0       0x7c ./Core/Src/spi.o
                0x00000000080010f0                MX_SPI1_Init
 .text.HAL_SPI_MspInit
                0x000000000800116c       0x94 ./Core/Src/spi.o
                0x000000000800116c                HAL_SPI_MspInit
 .text.HAL_MspInit
                0x0000000008001200       0x50 ./Core/Src/stm32l4xx_hal_msp.o
                0x0000000008001200                HAL_MspInit
 .text.HAL_InitTick
                0x0000000008001250       0xac ./Core/Src/stm32l4xx_hal_timebase_tim.o
                0x0000000008001250                HAL_InitTick
 .text.NMI_Handler
                0x00000000080012fc        0x6 ./Core/Src/stm32l4xx_it.o
                0x00000000080012fc                NMI_Handler
 .text.HardFault_Handler
                0x0000000008001302        0x6 ./Core/Src/stm32l4xx_it.o
                0x0000000008001302                HardFault_Handler
 .text.MemManage_Handler
                0x0000000008001308        0x6 ./Core/Src/stm32l4xx_it.o
                0x0000000008001308                MemManage_Handler
 .text.BusFault_Handler
                0x000000000800130e        0x6 ./Core/Src/stm32l4xx_it.o
                0x000000000800130e                BusFault_Handler
 .text.UsageFault_Handler
                0x0000000008001314        0x6 ./Core/Src/stm32l4xx_it.o
                0x0000000008001314                UsageFault_Handler
 .text.DebugMon_Handler
                0x000000000800131a        0xe ./Core/Src/stm32l4xx_it.o
                0x000000000800131a                DebugMon_Handler
 .text.DMA1_Channel1_IRQHandler
                0x0000000008001328       0x14 ./Core/Src/stm32l4xx_it.o
                0x0000000008001328                DMA1_Channel1_IRQHandler
 .text.ADC1_IRQHandler
                0x000000000800133c       0x14 ./Core/Src/stm32l4xx_it.o
                0x000000000800133c                ADC1_IRQHandler
 .text.CAN1_TX_IRQHandler
                0x0000000008001350       0x14 ./Core/Src/stm32l4xx_it.o
                0x0000000008001350                CAN1_TX_IRQHandler
 .text.CAN1_RX0_IRQHandler
                0x0000000008001364       0x14 ./Core/Src/stm32l4xx_it.o
                0x0000000008001364                CAN1_RX0_IRQHandler
 .text.CAN1_RX1_IRQHandler
                0x0000000008001378       0x14 ./Core/Src/stm32l4xx_it.o
                0x0000000008001378                CAN1_RX1_IRQHandler
 .text.TIM1_UP_TIM16_IRQHandler
                0x000000000800138c       0x14 ./Core/Src/stm32l4xx_it.o
                0x000000000800138c                TIM1_UP_TIM16_IRQHandler
 .text.TIM3_IRQHandler
                0x00000000080013a0       0x14 ./Core/Src/stm32l4xx_it.o
                0x00000000080013a0                TIM3_IRQHandler
 .text.SPI1_IRQHandler
                0x00000000080013b4       0x14 ./Core/Src/stm32l4xx_it.o
                0x00000000080013b4                SPI1_IRQHandler
 .text.USART1_IRQHandler
                0x00000000080013c8       0x14 ./Core/Src/stm32l4xx_it.o
                0x00000000080013c8                USART1_IRQHandler
 .text.EXTI15_10_IRQHandler
                0x00000000080013dc       0x10 ./Core/Src/stm32l4xx_it.o
                0x00000000080013dc                EXTI15_10_IRQHandler
 .text.SystemInit
                0x00000000080013ec       0x64 ./Core/Src/system_stm32l4xx.o
                0x00000000080013ec                SystemInit
 .text.MX_TIM3_Init
                0x0000000008001450       0xe4 ./Core/Src/tim.o
                0x0000000008001450                MX_TIM3_Init
 .text.HAL_TIM_Base_MspInit
                0x0000000008001534       0x98 ./Core/Src/tim.o
                0x0000000008001534                HAL_TIM_Base_MspInit
 .text.MX_USART1_UART_Init
                0x00000000080015cc       0x98 ./Core/Src/usart.o
                0x00000000080015cc                MX_USART1_UART_Init
 .text.HAL_UART_MspInit
                0x0000000008001664       0xcc ./Core/Src/usart.o
                0x0000000008001664                HAL_UART_MspInit
 .text.Reset_Handler
                0x0000000008001730       0x50 ./Core/Startup/startup_stm32l4r9vgtx.o
                0x0000000008001730                Reset_Handler
 .text.Default_Handler
                0x0000000008001780        0x2 ./Core/Startup/startup_stm32l4r9vgtx.o
                0x0000000008001780                RTC_Alarm_IRQHandler
                0x0000000008001780                EXTI2_IRQHandler
                0x0000000008001780                TIM8_TRG_COM_IRQHandler
                0x0000000008001780                TIM8_CC_IRQHandler
                0x0000000008001780                TIM1_CC_IRQHandler
                0x0000000008001780                TSC_IRQHandler
                0x0000000008001780                TAMP_STAMP_IRQHandler
                0x0000000008001780                EXTI3_IRQHandler
                0x0000000008001780                LPTIM2_IRQHandler
                0x0000000008001780                DFSDM1_FLT1_IRQHandler
                0x0000000008001780                GFXMMU_IRQHandler
                0x0000000008001780                I2C3_ER_IRQHandler
                0x0000000008001780                DFSDM1_FLT2_IRQHandler
                0x0000000008001780                EXTI0_IRQHandler
                0x0000000008001780                I2C2_EV_IRQHandler
                0x0000000008001780                FPU_IRQHandler
                0x0000000008001780                LTDC_ER_IRQHandler
                0x0000000008001780                OCTOSPI1_IRQHandler
                0x0000000008001780                TIM6_DAC_IRQHandler
                0x0000000008001780                DCMI_IRQHandler
                0x0000000008001780                TIM8_UP_IRQHandler
                0x0000000008001780                OCTOSPI2_IRQHandler
                0x0000000008001780                DMA2_Channel2_IRQHandler
                0x0000000008001780                DMA1_Channel4_IRQHandler
                0x0000000008001780                SAI2_IRQHandler
                0x0000000008001780                DFSDM1_FLT3_IRQHandler
                0x0000000008001780                USART3_IRQHandler
                0x0000000008001780                DMA1_Channel7_IRQHandler
                0x0000000008001780                UART5_IRQHandler
                0x0000000008001780                TIM4_IRQHandler
                0x0000000008001780                DMA2_Channel1_IRQHandler
                0x0000000008001780                I2C1_EV_IRQHandler
                0x0000000008001780                DMAMUX1_OVR_IRQHandler
                0x0000000008001780                DMA1_Channel6_IRQHandler
                0x0000000008001780                UART4_IRQHandler
                0x0000000008001780                DMA2_Channel4_IRQHandler
                0x0000000008001780                RCC_IRQHandler
                0x0000000008001780                Default_Handler
                0x0000000008001780                DMA2_Channel7_IRQHandler
                0x0000000008001780                TIM7_IRQHandler
                0x0000000008001780                SDMMC1_IRQHandler
                0x0000000008001780                TIM5_IRQHandler
                0x0000000008001780                I2C3_EV_IRQHandler
                0x0000000008001780                EXTI9_5_IRQHandler
                0x0000000008001780                RTC_WKUP_IRQHandler
                0x0000000008001780                LTDC_IRQHandler
                0x0000000008001780                PVD_PVM_IRQHandler
                0x0000000008001780                SPI2_IRQHandler
                0x0000000008001780                DMA2_Channel5_IRQHandler
                0x0000000008001780                CRS_IRQHandler
                0x0000000008001780                DMA1_Channel5_IRQHandler
                0x0000000008001780                EXTI4_IRQHandler
                0x0000000008001780                RNG_IRQHandler
                0x0000000008001780                TIM1_TRG_COM_TIM17_IRQHandler
                0x0000000008001780                DMA1_Channel3_IRQHandler
                0x0000000008001780                COMP_IRQHandler
                0x0000000008001780                DSI_IRQHandler
                0x0000000008001780                WWDG_IRQHandler
                0x0000000008001780                I2C4_EV_IRQHandler
                0x0000000008001780                LPUART1_IRQHandler
                0x0000000008001780                DMA2_Channel6_IRQHandler
                0x0000000008001780                TIM2_IRQHandler
                0x0000000008001780                DMA2D_IRQHandler
                0x0000000008001780                EXTI1_IRQHandler
                0x0000000008001780                USART2_IRQHandler
                0x0000000008001780                DFSDM1_FLT0_IRQHandler
                0x0000000008001780                I2C2_ER_IRQHandler
                0x0000000008001780                DMA1_Channel2_IRQHandler
                0x0000000008001780                TIM8_BRK_IRQHandler
                0x0000000008001780                CAN1_SCE_IRQHandler
                0x0000000008001780                FLASH_IRQHandler
                0x0000000008001780                OTG_FS_IRQHandler
                0x0000000008001780                SPI3_IRQHandler
                0x0000000008001780                I2C1_ER_IRQHandler
                0x0000000008001780                FMC_IRQHandler
                0x0000000008001780                LPTIM1_IRQHandler
                0x0000000008001780                I2C4_ER_IRQHandler
                0x0000000008001780                SAI1_IRQHandler
                0x0000000008001780                DMA2_Channel3_IRQHandler
                0x0000000008001780                TIM1_BRK_TIM15_IRQHandler
 .text.HAL_Init
                0x0000000008001782       0x30 ./Drivers/STM32L4xx_HAL_Driver/Src/stm32l4xx_hal.o
                0x0000000008001782                HAL_Init
 *fill*         0x00000000080017b2        0x2 
 .text.HAL_IncTick
                0x00000000080017b4       0x28 ./Drivers/STM32L4xx_HAL_Driver/Src/stm32l4xx_hal.o
                0x00000000080017b4                HAL_IncTick
 .text.HAL_GetTick
                0x00000000080017dc       0x18 ./Drivers/STM32L4xx_HAL_Driver/Src/stm32l4xx_hal.o
                0x00000000080017dc                HAL_GetTick
 .text.LL_ADC_SetCommonClock
                0x00000000080017f4       0x26 ./Drivers/STM32L4xx_HAL_Driver/Src/stm32l4xx_hal_adc.o
 .text.LL_ADC_SetCommonPathInternalCh
                0x000000000800181a       0x26 ./Drivers/STM32L4xx_HAL_Driver/Src/stm32l4xx_hal_adc.o
 .text.LL_ADC_GetCommonPathInternalCh
                0x0000000008001840       0x1c ./Drivers/STM32L4xx_HAL_Driver/Src/stm32l4xx_hal_adc.o
 .text.LL_ADC_SetOffset
                0x000000000800185c       0x48 ./Drivers/STM32L4xx_HAL_Driver/Src/stm32l4xx_hal_adc.o
 .text.LL_ADC_GetOffsetChannel
                0x00000000080018a4       0x2c ./Drivers/STM32L4xx_HAL_Driver/Src/stm32l4xx_hal_adc.o
 .text.LL_ADC_SetOffsetState
                0x00000000080018d0       0x36 ./Drivers/STM32L4xx_HAL_Driver/Src/stm32l4xx_hal_adc.o
 .text.LL_ADC_SetSamplingTimeCommonConfig
                0x0000000008001906       0x26 ./Drivers/STM32L4xx_HAL_Driver/Src/stm32l4xx_hal_adc.o
 .text.LL_ADC_REG_IsTriggerSourceSWStart
                0x000000000800192c       0x26 ./Drivers/STM32L4xx_HAL_Driver/Src/stm32l4xx_hal_adc.o
 .text.LL_ADC_REG_SetSequencerRanks
                0x0000000008001952       0x58 ./Drivers/STM32L4xx_HAL_Driver/Src/stm32l4xx_hal_adc.o
 .text.LL_ADC_INJ_IsTriggerSourceSWStart
                0x00000000080019aa       0x26 ./Drivers/STM32L4xx_HAL_Driver/Src/stm32l4xx_hal_adc.o
 .text.LL_ADC_SetChannelSamplingTime
                0x00000000080019d0       0x56 ./Drivers/STM32L4xx_HAL_Driver/Src/stm32l4xx_hal_adc.o
 *fill*         0x0000000008001a26        0x2 
 .text.LL_ADC_SetChannelSingleDiff
                0x0000000008001a28       0x48 ./Drivers/STM32L4xx_HAL_Driver/Src/stm32l4xx_hal_adc.o
 .text.LL_ADC_DisableDeepPowerDown
                0x0000000008001a70       0x24 ./Drivers/STM32L4xx_HAL_Driver/Src/stm32l4xx_hal_adc.o
 .text.LL_ADC_IsDeepPowerDownEnabled
                0x0000000008001a94       0x28 ./Drivers/STM32L4xx_HAL_Driver/Src/stm32l4xx_hal_adc.o
 .text.LL_ADC_EnableInternalRegulator
                0x0000000008001abc       0x28 ./Drivers/STM32L4xx_HAL_Driver/Src/stm32l4xx_hal_adc.o
 .text.LL_ADC_IsInternalRegulatorEnabled
                0x0000000008001ae4       0x28 ./Drivers/STM32L4xx_HAL_Driver/Src/stm32l4xx_hal_adc.o
 .text.LL_ADC_IsEnabled
                0x0000000008001b0c       0x26 ./Drivers/STM32L4xx_HAL_Driver/Src/stm32l4xx_hal_adc.o
 .text.LL_ADC_REG_IsConversionOngoing
                0x0000000008001b32       0x26 ./Drivers/STM32L4xx_HAL_Driver/Src/stm32l4xx_hal_adc.o
 .text.LL_ADC_INJ_IsConversionOngoing
                0x0000000008001b58       0x26 ./Drivers/STM32L4xx_HAL_Driver/Src/stm32l4xx_hal_adc.o
 *fill*         0x0000000008001b7e        0x2 
 .text.HAL_ADC_Init
                0x0000000008001b80      0x310 ./Drivers/STM32L4xx_HAL_Driver/Src/stm32l4xx_hal_adc.o
                0x0000000008001b80                HAL_ADC_Init
 .text.HAL_ADC_IRQHandler
                0x0000000008001e90      0x37e ./Drivers/STM32L4xx_HAL_Driver/Src/stm32l4xx_hal_adc.o
                0x0000000008001e90                HAL_ADC_IRQHandler
 .text.HAL_ADC_ConvCpltCallback
                0x000000000800220e       0x14 ./Drivers/STM32L4xx_HAL_Driver/Src/stm32l4xx_hal_adc.o
                0x000000000800220e                HAL_ADC_ConvCpltCallback
 .text.HAL_ADC_ConvHalfCpltCallback
                0x0000000008002222       0x14 ./Drivers/STM32L4xx_HAL_Driver/Src/stm32l4xx_hal_adc.o
                0x0000000008002222                HAL_ADC_ConvHalfCpltCallback
 .text.HAL_ADC_LevelOutOfWindowCallback
                0x0000000008002236       0x14 ./Drivers/STM32L4xx_HAL_Driver/Src/stm32l4xx_hal_adc.o
                0x0000000008002236                HAL_ADC_LevelOutOfWindowCallback
 .text.HAL_ADC_ErrorCallback
                0x000000000800224a       0x14 ./Drivers/STM32L4xx_HAL_Driver/Src/stm32l4xx_hal_adc.o
                0x000000000800224a                HAL_ADC_ErrorCallback
 *fill*         0x000000000800225e        0x2 
 .text.HAL_ADC_ConfigChannel
                0x0000000008002260      0x7f8 ./Drivers/STM32L4xx_HAL_Driver/Src/stm32l4xx_hal_adc.o
                0x0000000008002260                HAL_ADC_ConfigChannel
 .text.HAL_ADCEx_InjectedConvCpltCallback
                0x0000000008002a58       0x14 ./Drivers/STM32L4xx_HAL_Driver/Src/stm32l4xx_hal_adc_ex.o
                0x0000000008002a58                HAL_ADCEx_InjectedConvCpltCallback
 .text.HAL_ADCEx_InjectedQueueOverflowCallback
                0x0000000008002a6c       0x14 ./Drivers/STM32L4xx_HAL_Driver/Src/stm32l4xx_hal_adc_ex.o
                0x0000000008002a6c                HAL_ADCEx_InjectedQueueOverflowCallback
 .text.HAL_ADCEx_LevelOutOfWindow2Callback
                0x0000000008002a80       0x14 ./Drivers/STM32L4xx_HAL_Driver/Src/stm32l4xx_hal_adc_ex.o
                0x0000000008002a80                HAL_ADCEx_LevelOutOfWindow2Callback
 .text.HAL_ADCEx_LevelOutOfWindow3Callback
                0x0000000008002a94       0x14 ./Drivers/STM32L4xx_HAL_Driver/Src/stm32l4xx_hal_adc_ex.o
                0x0000000008002a94                HAL_ADCEx_LevelOutOfWindow3Callback
 .text.HAL_ADCEx_EndOfSamplingCallback
                0x0000000008002aa8       0x14 ./Drivers/STM32L4xx_HAL_Driver/Src/stm32l4xx_hal_adc_ex.o
                0x0000000008002aa8                HAL_ADCEx_EndOfSamplingCallback
 .text.HAL_CAN_Init
                0x0000000008002abc      0x28c ./Drivers/STM32L4xx_HAL_Driver/Src/stm32l4xx_hal_can.o
                0x0000000008002abc                HAL_CAN_Init
 .text.HAL_CAN_IRQHandler
                0x0000000008002d48      0x38a ./Drivers/STM32L4xx_HAL_Driver/Src/stm32l4xx_hal_can.o
                0x0000000008002d48                HAL_CAN_IRQHandler
 .text.HAL_CAN_TxMailbox0CompleteCallback
                0x00000000080030d2       0x14 ./Drivers/STM32L4xx_HAL_Driver/Src/stm32l4xx_hal_can.o
                0x00000000080030d2                HAL_CAN_TxMailbox0CompleteCallback
 .text.HAL_CAN_TxMailbox1CompleteCallback
                0x00000000080030e6       0x14 ./Drivers/STM32L4xx_HAL_Driver/Src/stm32l4xx_hal_can.o
                0x00000000080030e6                HAL_CAN_TxMailbox1CompleteCallback
 .text.HAL_CAN_TxMailbox2CompleteCallback
                0x00000000080030fa       0x14 ./Drivers/STM32L4xx_HAL_Driver/Src/stm32l4xx_hal_can.o
                0x00000000080030fa                HAL_CAN_TxMailbox2CompleteCallback
 .text.HAL_CAN_TxMailbox0AbortCallback
                0x000000000800310e       0x14 ./Drivers/STM32L4xx_HAL_Driver/Src/stm32l4xx_hal_can.o
                0x000000000800310e                HAL_CAN_TxMailbox0AbortCallback
 .text.HAL_CAN_TxMailbox1AbortCallback
                0x0000000008003122       0x14 ./Drivers/STM32L4xx_HAL_Driver/Src/stm32l4xx_hal_can.o
                0x0000000008003122                HAL_CAN_TxMailbox1AbortCallback
 .text.HAL_CAN_TxMailbox2AbortCallback
                0x0000000008003136       0x14 ./Drivers/STM32L4xx_HAL_Driver/Src/stm32l4xx_hal_can.o
                0x0000000008003136                HAL_CAN_TxMailbox2AbortCallback
 .text.HAL_CAN_RxFifo0MsgPendingCallback
                0x000000000800314a       0x14 ./Drivers/STM32L4xx_HAL_Driver/Src/stm32l4xx_hal_can.o
                0x000000000800314a                HAL_CAN_RxFifo0MsgPendingCallback
 .text.HAL_CAN_RxFifo0FullCallback
                0x000000000800315e       0x14 ./Drivers/STM32L4xx_HAL_Driver/Src/stm32l4xx_hal_can.o
                0x000000000800315e                HAL_CAN_RxFifo0FullCallback
 .text.HAL_CAN_RxFifo1MsgPendingCallback
                0x0000000008003172       0x14 ./Drivers/STM32L4xx_HAL_Driver/Src/stm32l4xx_hal_can.o
                0x0000000008003172                HAL_CAN_RxFifo1MsgPendingCallback
 .text.HAL_CAN_RxFifo1FullCallback
                0x0000000008003186       0x14 ./Drivers/STM32L4xx_HAL_Driver/Src/stm32l4xx_hal_can.o
                0x0000000008003186                HAL_CAN_RxFifo1FullCallback
 .text.HAL_CAN_SleepCallback
                0x000000000800319a       0x14 ./Drivers/STM32L4xx_HAL_Driver/Src/stm32l4xx_hal_can.o
                0x000000000800319a                HAL_CAN_SleepCallback
 .text.HAL_CAN_WakeUpFromRxMsgCallback
                0x00000000080031ae       0x14 ./Drivers/STM32L4xx_HAL_Driver/Src/stm32l4xx_hal_can.o
                0x00000000080031ae                HAL_CAN_WakeUpFromRxMsgCallback
 .text.HAL_CAN_ErrorCallback
                0x00000000080031c2       0x14 ./Drivers/STM32L4xx_HAL_Driver/Src/stm32l4xx_hal_can.o
                0x00000000080031c2                HAL_CAN_ErrorCallback
 *fill*         0x00000000080031d6        0x2 
 .text.__NVIC_SetPriorityGrouping
                0x00000000080031d8       0x48 ./Drivers/STM32L4xx_HAL_Driver/Src/stm32l4xx_hal_cortex.o
 .text.__NVIC_GetPriorityGrouping
                0x0000000008003220       0x1c ./Drivers/STM32L4xx_HAL_Driver/Src/stm32l4xx_hal_cortex.o
 .text.__NVIC_EnableIRQ
                0x000000000800323c       0x3c ./Drivers/STM32L4xx_HAL_Driver/Src/stm32l4xx_hal_cortex.o
 .text.__NVIC_SetPriority
                0x0000000008003278       0x54 ./Drivers/STM32L4xx_HAL_Driver/Src/stm32l4xx_hal_cortex.o
 .text.NVIC_EncodePriority
                0x00000000080032cc       0x66 ./Drivers/STM32L4xx_HAL_Driver/Src/stm32l4xx_hal_cortex.o
 .text.HAL_NVIC_SetPriorityGrouping
                0x0000000008003332       0x16 ./Drivers/STM32L4xx_HAL_Driver/Src/stm32l4xx_hal_cortex.o
                0x0000000008003332                HAL_NVIC_SetPriorityGrouping
 .text.HAL_NVIC_SetPriority
                0x0000000008003348       0x38 ./Drivers/STM32L4xx_HAL_Driver/Src/stm32l4xx_hal_cortex.o
                0x0000000008003348                HAL_NVIC_SetPriority
 .text.HAL_NVIC_EnableIRQ
                0x0000000008003380       0x1c ./Drivers/STM32L4xx_HAL_Driver/Src/stm32l4xx_hal_cortex.o
                0x0000000008003380                HAL_NVIC_EnableIRQ
 .text.HAL_CRC_Init
                0x000000000800339c       0xc8 ./Drivers/STM32L4xx_HAL_Driver/Src/stm32l4xx_hal_crc.o
                0x000000000800339c                HAL_CRC_Init
 .text.HAL_CRCEx_Polynomial_Set
                0x0000000008003464      0x10c ./Drivers/STM32L4xx_HAL_Driver/Src/stm32l4xx_hal_crc_ex.o
                0x0000000008003464                HAL_CRCEx_Polynomial_Set
 .text.HAL_DMA_Init
                0x0000000008003570      0x150 ./Drivers/STM32L4xx_HAL_Driver/Src/stm32l4xx_hal_dma.o
                0x0000000008003570                HAL_DMA_Init
 .text.HAL_DMA_Abort
                0x00000000080036c0       0xb8 ./Drivers/STM32L4xx_HAL_Driver/Src/stm32l4xx_hal_dma.o
                0x00000000080036c0                HAL_DMA_Abort
 .text.HAL_DMA_Abort_IT
                0x0000000008003778       0xbe ./Drivers/STM32L4xx_HAL_Driver/Src/stm32l4xx_hal_dma.o
                0x0000000008003778                HAL_DMA_Abort_IT
 .text.HAL_DMA_IRQHandler
                0x0000000008003836      0x15e ./Drivers/STM32L4xx_HAL_Driver/Src/stm32l4xx_hal_dma.o
                0x0000000008003836                HAL_DMA_IRQHandler
 .text.DMA_CalcDMAMUXChannelBaseAndMask
                0x0000000008003994       0x7c ./Drivers/STM32L4xx_HAL_Driver/Src/stm32l4xx_hal_dma.o
 .text.DMA_CalcDMAMUXRequestGenBaseAndMask
                0x0000000008003a10       0x48 ./Drivers/STM32L4xx_HAL_Driver/Src/stm32l4xx_hal_dma.o
 .text.HAL_GPIO_Init
                0x0000000008003a58      0x324 ./Drivers/STM32L4xx_HAL_Driver/Src/stm32l4xx_hal_gpio.o
                0x0000000008003a58                HAL_GPIO_Init
 .text.HAL_GPIO_WritePin
                0x0000000008003d7c       0x30 ./Drivers/STM32L4xx_HAL_Driver/Src/stm32l4xx_hal_gpio.o
                0x0000000008003d7c                HAL_GPIO_WritePin
 .text.HAL_GPIO_EXTI_IRQHandler
                0x0000000008003dac       0x30 ./Drivers/STM32L4xx_HAL_Driver/Src/stm32l4xx_hal_gpio.o
                0x0000000008003dac                HAL_GPIO_EXTI_IRQHandler
 .text.HAL_GPIO_EXTI_Callback
                0x0000000008003ddc       0x16 ./Drivers/STM32L4xx_HAL_Driver/Src/stm32l4xx_hal_gpio.o
                0x0000000008003ddc                HAL_GPIO_EXTI_Callback
 *fill*         0x0000000008003df2        0x2 
 .text.HAL_I2C_Init
                0x0000000008003df4      0x198 ./Drivers/STM32L4xx_HAL_Driver/Src/stm32l4xx_hal_i2c.o
                0x0000000008003df4                HAL_I2C_Init
 .text.HAL_I2C_MasterTxCpltCallback
                0x0000000008003f8c       0x14 ./Drivers/STM32L4xx_HAL_Driver/Src/stm32l4xx_hal_i2c.o
                0x0000000008003f8c                HAL_I2C_MasterTxCpltCallback
 .text.HAL_I2C_MasterRxCpltCallback
                0x0000000008003fa0       0x14 ./Drivers/STM32L4xx_HAL_Driver/Src/stm32l4xx_hal_i2c.o
                0x0000000008003fa0                HAL_I2C_MasterRxCpltCallback
 .text.HAL_I2C_SlaveTxCpltCallback
                0x0000000008003fb4       0x14 ./Drivers/STM32L4xx_HAL_Driver/Src/stm32l4xx_hal_i2c.o
                0x0000000008003fb4                HAL_I2C_SlaveTxCpltCallback
 .text.HAL_I2C_SlaveRxCpltCallback
                0x0000000008003fc8       0x14 ./Drivers/STM32L4xx_HAL_Driver/Src/stm32l4xx_hal_i2c.o
                0x0000000008003fc8                HAL_I2C_SlaveRxCpltCallback
 .text.HAL_I2C_AddrCallback
                0x0000000008003fdc       0x1c ./Drivers/STM32L4xx_HAL_Driver/Src/stm32l4xx_hal_i2c.o
                0x0000000008003fdc                HAL_I2C_AddrCallback
 .text.HAL_I2C_ListenCpltCallback
                0x0000000008003ff8       0x14 ./Drivers/STM32L4xx_HAL_Driver/Src/stm32l4xx_hal_i2c.o
                0x0000000008003ff8                HAL_I2C_ListenCpltCallback
 .text.HAL_I2C_MemTxCpltCallback
                0x000000000800400c       0x14 ./Drivers/STM32L4xx_HAL_Driver/Src/stm32l4xx_hal_i2c.o
                0x000000000800400c                HAL_I2C_MemTxCpltCallback
 .text.HAL_I2C_MemRxCpltCallback
                0x0000000008004020       0x14 ./Drivers/STM32L4xx_HAL_Driver/Src/stm32l4xx_hal_i2c.o
                0x0000000008004020                HAL_I2C_MemRxCpltCallback
 .text.HAL_I2C_ErrorCallback
                0x0000000008004034       0x14 ./Drivers/STM32L4xx_HAL_Driver/Src/stm32l4xx_hal_i2c.o
                0x0000000008004034                HAL_I2C_ErrorCallback
 .text.HAL_I2C_AbortCpltCallback
                0x0000000008004048       0x14 ./Drivers/STM32L4xx_HAL_Driver/Src/stm32l4xx_hal_i2c.o
                0x0000000008004048                HAL_I2C_AbortCpltCallback
 .text.HAL_I2CEx_ConfigAnalogFilter
                0x000000000800405c       0x96 ./Drivers/STM32L4xx_HAL_Driver/Src/stm32l4xx_hal_i2c_ex.o
                0x000000000800405c                HAL_I2CEx_ConfigAnalogFilter
 .text.HAL_I2CEx_ConfigDigitalFilter
                0x00000000080040f2       0x98 ./Drivers/STM32L4xx_HAL_Driver/Src/stm32l4xx_hal_i2c_ex.o
                0x00000000080040f2                HAL_I2CEx_ConfigDigitalFilter
 *fill*         0x000000000800418a        0x2 
 .text.HAL_PWREx_GetVoltageRange
                0x000000000800418c       0x40 ./Drivers/STM32L4xx_HAL_Driver/Src/stm32l4xx_hal_pwr_ex.o
                0x000000000800418c                HAL_PWREx_GetVoltageRange
 .text.HAL_PWREx_ControlVoltageScaling
                0x00000000080041cc      0x148 ./Drivers/STM32L4xx_HAL_Driver/Src/stm32l4xx_hal_pwr_ex.o
                0x00000000080041cc                HAL_PWREx_ControlVoltageScaling
 .text.HAL_RCC_OscConfig
                0x0000000008004314      0x84c ./Drivers/STM32L4xx_HAL_Driver/Src/stm32l4xx_hal_rcc.o
                0x0000000008004314                HAL_RCC_OscConfig
 .text.HAL_RCC_ClockConfig
                0x0000000008004b60      0x258 ./Drivers/STM32L4xx_HAL_Driver/Src/stm32l4xx_hal_rcc.o
                0x0000000008004b60                HAL_RCC_ClockConfig
 .text.HAL_RCC_GetSysClockFreq
                0x0000000008004db8      0x118 ./Drivers/STM32L4xx_HAL_Driver/Src/stm32l4xx_hal_rcc.o
                0x0000000008004db8                HAL_RCC_GetSysClockFreq
 .text.HAL_RCC_GetHCLKFreq
                0x0000000008004ed0       0x18 ./Drivers/STM32L4xx_HAL_Driver/Src/stm32l4xx_hal_rcc.o
                0x0000000008004ed0                HAL_RCC_GetHCLKFreq
 .text.HAL_RCC_GetPCLK1Freq
                0x0000000008004ee8       0x2c ./Drivers/STM32L4xx_HAL_Driver/Src/stm32l4xx_hal_rcc.o
                0x0000000008004ee8                HAL_RCC_GetPCLK1Freq
 .text.HAL_RCC_GetPCLK2Freq
                0x0000000008004f14       0x2c ./Drivers/STM32L4xx_HAL_Driver/Src/stm32l4xx_hal_rcc.o
                0x0000000008004f14                HAL_RCC_GetPCLK2Freq
 .text.HAL_RCC_GetClockConfig
                0x0000000008004f40       0x64 ./Drivers/STM32L4xx_HAL_Driver/Src/stm32l4xx_hal_rcc.o
                0x0000000008004f40                HAL_RCC_GetClockConfig
 .text.RCC_SetFlashLatencyFromMSIRange
                0x0000000008004fa4       0xb4 ./Drivers/STM32L4xx_HAL_Driver/Src/stm32l4xx_hal_rcc.o
 .text.RCC_GetSysClockFreqFromPLLSource
                0x0000000008005058       0xd0 ./Drivers/STM32L4xx_HAL_Driver/Src/stm32l4xx_hal_rcc.o
 .text.HAL_RCCEx_PeriphCLKConfig
                0x0000000008005128      0x720 ./Drivers/STM32L4xx_HAL_Driver/Src/stm32l4xx_hal_rcc_ex.o
                0x0000000008005128                HAL_RCCEx_PeriphCLKConfig
 .text.RCCEx_PLLSAI1_Config
                0x0000000008005848      0x1e8 ./Drivers/STM32L4xx_HAL_Driver/Src/stm32l4xx_hal_rcc_ex.o
 .text.RCCEx_PLLSAI2_Config
                0x0000000008005a30      0x1e8 ./Drivers/STM32L4xx_HAL_Driver/Src/stm32l4xx_hal_rcc_ex.o
 .text.HAL_RNG_Init
                0x0000000008005c18       0xe0 ./Drivers/STM32L4xx_HAL_Driver/Src/stm32l4xx_hal_rng.o
                0x0000000008005c18                HAL_RNG_Init
 .text.HAL_RNG_ReadyDataCallback
                0x0000000008005cf8       0x16 ./Drivers/STM32L4xx_HAL_Driver/Src/stm32l4xx_hal_rng.o
                0x0000000008005cf8                HAL_RNG_ReadyDataCallback
 .text.HAL_RNG_ErrorCallback
                0x0000000008005d0e       0x14 ./Drivers/STM32L4xx_HAL_Driver/Src/stm32l4xx_hal_rng.o
                0x0000000008005d0e                HAL_RNG_ErrorCallback
 *fill*         0x0000000008005d22        0x2 
 .text.HAL_SPI_Init
                0x0000000008005d24      0x1b4 ./Drivers/STM32L4xx_HAL_Driver/Src/stm32l4xx_hal_spi.o
                0x0000000008005d24                HAL_SPI_Init
 .text.HAL_SPI_IRQHandler
                0x0000000008005ed8      0x200 ./Drivers/STM32L4xx_HAL_Driver/Src/stm32l4xx_hal_spi.o
                0x0000000008005ed8                HAL_SPI_IRQHandler
 .text.HAL_SPI_TxCpltCallback
                0x00000000080060d8       0x14 ./Drivers/STM32L4xx_HAL_Driver/Src/stm32l4xx_hal_spi.o
                0x00000000080060d8                HAL_SPI_TxCpltCallback
 .text.HAL_SPI_RxCpltCallback
                0x00000000080060ec       0x14 ./Drivers/STM32L4xx_HAL_Driver/Src/stm32l4xx_hal_spi.o
                0x00000000080060ec                HAL_SPI_RxCpltCallback
 .text.HAL_SPI_TxRxCpltCallback
                0x0000000008006100       0x14 ./Drivers/STM32L4xx_HAL_Driver/Src/stm32l4xx_hal_spi.o
                0x0000000008006100                HAL_SPI_TxRxCpltCallback
 .text.HAL_SPI_TxHalfCpltCallback
                0x0000000008006114       0x14 ./Drivers/STM32L4xx_HAL_Driver/Src/stm32l4xx_hal_spi.o
                0x0000000008006114                HAL_SPI_TxHalfCpltCallback
 .text.HAL_SPI_RxHalfCpltCallback
                0x0000000008006128       0x14 ./Drivers/STM32L4xx_HAL_Driver/Src/stm32l4xx_hal_spi.o
                0x0000000008006128                HAL_SPI_RxHalfCpltCallback
 .text.HAL_SPI_TxRxHalfCpltCallback
                0x000000000800613c       0x14 ./Drivers/STM32L4xx_HAL_Driver/Src/stm32l4xx_hal_spi.o
                0x000000000800613c                HAL_SPI_TxRxHalfCpltCallback
 .text.HAL_SPI_ErrorCallback
                0x0000000008006150       0x14 ./Drivers/STM32L4xx_HAL_Driver/Src/stm32l4xx_hal_spi.o
                0x0000000008006150                HAL_SPI_ErrorCallback
 .text.HAL_SPI_AbortCpltCallback
                0x0000000008006164       0x14 ./Drivers/STM32L4xx_HAL_Driver/Src/stm32l4xx_hal_spi.o
                0x0000000008006164                HAL_SPI_AbortCpltCallback
 .text.SPI_DMAAbortOnError
                0x0000000008006178       0x2c ./Drivers/STM32L4xx_HAL_Driver/Src/stm32l4xx_hal_spi.o
 .text.HAL_TIM_Base_Init
                0x00000000080061a4       0xc8 ./Drivers/STM32L4xx_HAL_Driver/Src/stm32l4xx_hal_tim.o
                0x00000000080061a4                HAL_TIM_Base_Init
 .text.HAL_TIM_Base_Start_IT
                0x000000000800626c       0xe0 ./Drivers/STM32L4xx_HAL_Driver/Src/stm32l4xx_hal_tim.o
                0x000000000800626c                HAL_TIM_Base_Start_IT
 .text.HAL_TIM_IC_Init
                0x000000000800634c       0xc8 ./Drivers/STM32L4xx_HAL_Driver/Src/stm32l4xx_hal_tim.o
                0x000000000800634c                HAL_TIM_IC_Init
 .text.HAL_TIM_IC_MspInit
                0x0000000008006414       0x14 ./Drivers/STM32L4xx_HAL_Driver/Src/stm32l4xx_hal_tim.o
                0x0000000008006414                HAL_TIM_IC_MspInit
 .text.HAL_TIM_IRQHandler
                0x0000000008006428      0x282 ./Drivers/STM32L4xx_HAL_Driver/Src/stm32l4xx_hal_tim.o
                0x0000000008006428                HAL_TIM_IRQHandler
 .text.HAL_TIM_IC_ConfigChannel
                0x00000000080066aa      0x128 ./Drivers/STM32L4xx_HAL_Driver/Src/stm32l4xx_hal_tim.o
                0x00000000080066aa                HAL_TIM_IC_ConfigChannel
 .text.HAL_TIM_ConfigClockSource
                0x00000000080067d2      0x18c ./Drivers/STM32L4xx_HAL_Driver/Src/stm32l4xx_hal_tim.o
                0x00000000080067d2                HAL_TIM_ConfigClockSource
 .text.HAL_TIM_PeriodElapsedHalfCpltCallback
                0x000000000800695e       0x14 ./Drivers/STM32L4xx_HAL_Driver/Src/stm32l4xx_hal_tim.o
                0x000000000800695e                HAL_TIM_PeriodElapsedHalfCpltCallback
 .text.HAL_TIM_OC_DelayElapsedCallback
                0x0000000008006972       0x14 ./Drivers/STM32L4xx_HAL_Driver/Src/stm32l4xx_hal_tim.o
                0x0000000008006972                HAL_TIM_OC_DelayElapsedCallback
 .text.HAL_TIM_IC_CaptureCallback
                0x0000000008006986       0x14 ./Drivers/STM32L4xx_HAL_Driver/Src/stm32l4xx_hal_tim.o
                0x0000000008006986                HAL_TIM_IC_CaptureCallback
 .text.HAL_TIM_IC_CaptureHalfCpltCallback
                0x000000000800699a       0x14 ./Drivers/STM32L4xx_HAL_Driver/Src/stm32l4xx_hal_tim.o
                0x000000000800699a                HAL_TIM_IC_CaptureHalfCpltCallback
 .text.HAL_TIM_PWM_PulseFinishedCallback
                0x00000000080069ae       0x14 ./Drivers/STM32L4xx_HAL_Driver/Src/stm32l4xx_hal_tim.o
                0x00000000080069ae                HAL_TIM_PWM_PulseFinishedCallback
 .text.HAL_TIM_PWM_PulseFinishedHalfCpltCallback
                0x00000000080069c2       0x14 ./Drivers/STM32L4xx_HAL_Driver/Src/stm32l4xx_hal_tim.o
                0x00000000080069c2                HAL_TIM_PWM_PulseFinishedHalfCpltCallback
 .text.HAL_TIM_TriggerCallback
                0x00000000080069d6       0x14 ./Drivers/STM32L4xx_HAL_Driver/Src/stm32l4xx_hal_tim.o
                0x00000000080069d6                HAL_TIM_TriggerCallback
 .text.HAL_TIM_TriggerHalfCpltCallback
                0x00000000080069ea       0x14 ./Drivers/STM32L4xx_HAL_Driver/Src/stm32l4xx_hal_tim.o
                0x00000000080069ea                HAL_TIM_TriggerHalfCpltCallback
 .text.HAL_TIM_ErrorCallback
                0x00000000080069fe       0x14 ./Drivers/STM32L4xx_HAL_Driver/Src/stm32l4xx_hal_tim.o
                0x00000000080069fe                HAL_TIM_ErrorCallback
 *fill*         0x0000000008006a12        0x2 
 .text.TIM_Base_SetConfig
                0x0000000008006a14      0x134 ./Drivers/STM32L4xx_HAL_Driver/Src/stm32l4xx_hal_tim.o
                0x0000000008006a14                TIM_Base_SetConfig
 .text.TIM_TI1_SetConfig
                0x0000000008006b48       0xdc ./Drivers/STM32L4xx_HAL_Driver/Src/stm32l4xx_hal_tim.o
                0x0000000008006b48                TIM_TI1_SetConfig
 .text.TIM_TI1_ConfigInputStage
                0x0000000008006c24       0x5e ./Drivers/STM32L4xx_HAL_Driver/Src/stm32l4xx_hal_tim.o
 .text.TIM_TI2_SetConfig
                0x0000000008006c82       0x7a ./Drivers/STM32L4xx_HAL_Driver/Src/stm32l4xx_hal_tim.o
 .text.TIM_TI2_ConfigInputStage
                0x0000000008006cfc       0x60 ./Drivers/STM32L4xx_HAL_Driver/Src/stm32l4xx_hal_tim.o
 .text.TIM_TI3_SetConfig
                0x0000000008006d5c       0x78 ./Drivers/STM32L4xx_HAL_Driver/Src/stm32l4xx_hal_tim.o
 .text.TIM_TI4_SetConfig
                0x0000000008006dd4       0x7a ./Drivers/STM32L4xx_HAL_Driver/Src/stm32l4xx_hal_tim.o
 .text.TIM_ITRx_SetConfig
                0x0000000008006e4e       0x36 ./Drivers/STM32L4xx_HAL_Driver/Src/stm32l4xx_hal_tim.o
 .text.TIM_ETR_SetConfig
                0x0000000008006e84       0x40 ./Drivers/STM32L4xx_HAL_Driver/Src/stm32l4xx_hal_tim.o
                0x0000000008006e84                TIM_ETR_SetConfig
 .text.TIM_ResetCallback
                0x0000000008006ec4       0xbc ./Drivers/STM32L4xx_HAL_Driver/Src/stm32l4xx_hal_tim.o
                0x0000000008006ec4                TIM_ResetCallback
 .text.HAL_TIMEx_MasterConfigSynchronization
                0x0000000008006f80      0x110 ./Drivers/STM32L4xx_HAL_Driver/Src/stm32l4xx_hal_tim_ex.o
                0x0000000008006f80                HAL_TIMEx_MasterConfigSynchronization
 .text.HAL_TIMEx_CommutCallback
                0x0000000008007090       0x14 ./Drivers/STM32L4xx_HAL_Driver/Src/stm32l4xx_hal_tim_ex.o
                0x0000000008007090                HAL_TIMEx_CommutCallback
 .text.HAL_TIMEx_CommutHalfCpltCallback
                0x00000000080070a4       0x14 ./Drivers/STM32L4xx_HAL_Driver/Src/stm32l4xx_hal_tim_ex.o
                0x00000000080070a4                HAL_TIMEx_CommutHalfCpltCallback
 .text.HAL_TIMEx_BreakCallback
                0x00000000080070b8       0x14 ./Drivers/STM32L4xx_HAL_Driver/Src/stm32l4xx_hal_tim_ex.o
                0x00000000080070b8                HAL_TIMEx_BreakCallback
 .text.HAL_TIMEx_Break2Callback
                0x00000000080070cc       0x14 ./Drivers/STM32L4xx_HAL_Driver/Src/stm32l4xx_hal_tim_ex.o
                0x00000000080070cc                HAL_TIMEx_Break2Callback
 .text.HAL_UART_Init
                0x00000000080070e0       0xc0 ./Drivers/STM32L4xx_HAL_Driver/Src/stm32l4xx_hal_uart.o
                0x00000000080070e0                HAL_UART_Init
 .text.HAL_UART_IRQHandler
                0x00000000080071a0      0x488 ./Drivers/STM32L4xx_HAL_Driver/Src/stm32l4xx_hal_uart.o
                0x00000000080071a0                HAL_UART_IRQHandler
 .text.HAL_UART_TxCpltCallback
                0x0000000008007628       0x14 ./Drivers/STM32L4xx_HAL_Driver/Src/stm32l4xx_hal_uart.o
                0x0000000008007628                HAL_UART_TxCpltCallback
 .text.HAL_UART_TxHalfCpltCallback
                0x000000000800763c       0x14 ./Drivers/STM32L4xx_HAL_Driver/Src/stm32l4xx_hal_uart.o
                0x000000000800763c                HAL_UART_TxHalfCpltCallback
 .text.HAL_UART_RxCpltCallback
                0x0000000008007650       0x14 ./Drivers/STM32L4xx_HAL_Driver/Src/stm32l4xx_hal_uart.o
                0x0000000008007650                HAL_UART_RxCpltCallback
 .text.HAL_UART_RxHalfCpltCallback
                0x0000000008007664       0x14 ./Drivers/STM32L4xx_HAL_Driver/Src/stm32l4xx_hal_uart.o
                0x0000000008007664                HAL_UART_RxHalfCpltCallback
 .text.HAL_UART_ErrorCallback
                0x0000000008007678       0x14 ./Drivers/STM32L4xx_HAL_Driver/Src/stm32l4xx_hal_uart.o
                0x0000000008007678                HAL_UART_ErrorCallback
 .text.HAL_UART_AbortCpltCallback
                0x000000000800768c       0x14 ./Drivers/STM32L4xx_HAL_Driver/Src/stm32l4xx_hal_uart.o
                0x000000000800768c                HAL_UART_AbortCpltCallback
 .text.HAL_UART_AbortTransmitCpltCallback
                0x00000000080076a0       0x14 ./Drivers/STM32L4xx_HAL_Driver/Src/stm32l4xx_hal_uart.o
                0x00000000080076a0                HAL_UART_AbortTransmitCpltCallback
 .text.HAL_UART_AbortReceiveCpltCallback
                0x00000000080076b4       0x14 ./Drivers/STM32L4xx_HAL_Driver/Src/stm32l4xx_hal_uart.o
                0x00000000080076b4                HAL_UART_AbortReceiveCpltCallback
 .text.HAL_UARTEx_RxEventCallback
                0x00000000080076c8       0x18 ./Drivers/STM32L4xx_HAL_Driver/Src/stm32l4xx_hal_uart.o
                0x00000000080076c8                HAL_UARTEx_RxEventCallback
 .text.UART_InitCallbacksToDefault
                0x00000000080076e0       0xa4 ./Drivers/STM32L4xx_HAL_Driver/Src/stm32l4xx_hal_uart.o
                0x00000000080076e0                UART_InitCallbacksToDefault
 .text.UART_SetConfig
                0x0000000008007784      0x594 ./Drivers/STM32L4xx_HAL_Driver/Src/stm32l4xx_hal_uart.o
                0x0000000008007784                UART_SetConfig
 .text.UART_AdvFeatureConfig
                0x0000000008007d18      0x144 ./Drivers/STM32L4xx_HAL_Driver/Src/stm32l4xx_hal_uart.o
                0x0000000008007d18                UART_AdvFeatureConfig
 .text.UART_CheckIdleState
                0x0000000008007e5c       0x96 ./Drivers/STM32L4xx_HAL_Driver/Src/stm32l4xx_hal_uart.o
                0x0000000008007e5c                UART_CheckIdleState
 .text.UART_WaitOnFlagUntilTimeout
                0x0000000008007ef2      0x100 ./Drivers/STM32L4xx_HAL_Driver/Src/stm32l4xx_hal_uart.o
                0x0000000008007ef2                UART_WaitOnFlagUntilTimeout
 .text.UART_EndRxTransfer
                0x0000000008007ff2       0x64 ./Drivers/STM32L4xx_HAL_Driver/Src/stm32l4xx_hal_uart.o
 .text.UART_DMAAbortOnError
                0x0000000008008056       0x30 ./Drivers/STM32L4xx_HAL_Driver/Src/stm32l4xx_hal_uart.o
 .text.UART_EndTransmit_IT
                0x0000000008008086       0x38 ./Drivers/STM32L4xx_HAL_Driver/Src/stm32l4xx_hal_uart.o
 .text.HAL_UARTEx_WakeupCallback
                0x00000000080080be       0x14 ./Drivers/STM32L4xx_HAL_Driver/Src/stm32l4xx_hal_uart_ex.o
                0x00000000080080be                HAL_UARTEx_WakeupCallback
 .text.HAL_UARTEx_RxFifoFullCallback
                0x00000000080080d2       0x14 ./Drivers/STM32L4xx_HAL_Driver/Src/stm32l4xx_hal_uart_ex.o
                0x00000000080080d2                HAL_UARTEx_RxFifoFullCallback
 .text.HAL_UARTEx_TxFifoEmptyCallback
                0x00000000080080e6       0x14 ./Drivers/STM32L4xx_HAL_Driver/Src/stm32l4xx_hal_uart_ex.o
                0x00000000080080e6                HAL_UARTEx_TxFifoEmptyCallback
 .text.HAL_UARTEx_DisableFifoMode
                0x00000000080080fa       0x72 ./Drivers/STM32L4xx_HAL_Driver/Src/stm32l4xx_hal_uart_ex.o
                0x00000000080080fa                HAL_UARTEx_DisableFifoMode
 .text.HAL_UARTEx_SetTxFifoThreshold
                0x000000000800816c       0x7c ./Drivers/STM32L4xx_HAL_Driver/Src/stm32l4xx_hal_uart_ex.o
                0x000000000800816c                HAL_UARTEx_SetTxFifoThreshold
 .text.HAL_UARTEx_SetRxFifoThreshold
                0x00000000080081e8       0x7c ./Drivers/STM32L4xx_HAL_Driver/Src/stm32l4xx_hal_uart_ex.o
                0x00000000080081e8                HAL_UARTEx_SetRxFifoThreshold
 .text.UARTEx_SetNbDataToProcess
                0x0000000008008264       0x9c ./Drivers/STM32L4xx_HAL_Driver/Src/stm32l4xx_hal_uart_ex.o
 .text.__NVIC_SetPriority
                0x0000000008008300       0x54 ./Middlewares/Third_Party/FreeRTOS/Source/CMSIS_RTOS_V2/cmsis_os2.o
 .text.SysTick_Handler
                0x0000000008008354       0x20 ./Middlewares/Third_Party/FreeRTOS/Source/CMSIS_RTOS_V2/cmsis_os2.o
                0x0000000008008354                SysTick_Handler
 .text.SVC_Setup
                0x0000000008008374       0x12 ./Middlewares/Third_Party/FreeRTOS/Source/CMSIS_RTOS_V2/cmsis_os2.o
 *fill*         0x0000000008008386        0x2 
 .text.osKernelInitialize
                0x0000000008008388       0x4c ./Middlewares/Third_Party/FreeRTOS/Source/CMSIS_RTOS_V2/cmsis_os2.o
                0x0000000008008388                osKernelInitialize
 .text.osKernelStart
                0x00000000080083d4       0x4c ./Middlewares/Third_Party/FreeRTOS/Source/CMSIS_RTOS_V2/cmsis_os2.o
                0x00000000080083d4                osKernelStart
 .text.osThreadNew
                0x0000000008008420      0x126 ./Middlewares/Third_Party/FreeRTOS/Source/CMSIS_RTOS_V2/cmsis_os2.o
                0x0000000008008420                osThreadNew
 .text.osDelay  0x0000000008008546       0x36 ./Middlewares/Third_Party/FreeRTOS/Source/CMSIS_RTOS_V2/cmsis_os2.o
                0x0000000008008546                osDelay
 .text.TimerCallback
                0x000000000800857c       0x2a ./Middlewares/Third_Party/FreeRTOS/Source/CMSIS_RTOS_V2/cmsis_os2.o
 *fill*         0x00000000080085a6        0x2 
 .text.osTimerNew
                0x00000000080085a8       0xf8 ./Middlewares/Third_Party/FreeRTOS/Source/CMSIS_RTOS_V2/cmsis_os2.o
                0x00000000080085a8                osTimerNew
 .text.osEventFlagsNew
                0x00000000080086a0       0x7e ./Middlewares/Third_Party/FreeRTOS/Source/CMSIS_RTOS_V2/cmsis_os2.o
                0x00000000080086a0                osEventFlagsNew
 .text.osMutexNew
                0x000000000800871e      0x10c ./Middlewares/Third_Party/FreeRTOS/Source/CMSIS_RTOS_V2/cmsis_os2.o
                0x000000000800871e                osMutexNew
 .text.osSemaphoreNew
                0x000000000800882a      0x112 ./Middlewares/Third_Party/FreeRTOS/Source/CMSIS_RTOS_V2/cmsis_os2.o
                0x000000000800882a                osSemaphoreNew
 .text.osMessageQueueNew
                0x000000000800893c       0xe6 ./Middlewares/Third_Party/FreeRTOS/Source/CMSIS_RTOS_V2/cmsis_os2.o
                0x000000000800893c                osMessageQueueNew
 .text.vApplicationIdleHook
                0x0000000008008a22        0xe ./Middlewares/Third_Party/FreeRTOS/Source/CMSIS_RTOS_V2/cmsis_os2.o
                0x0000000008008a22                vApplicationIdleHook
 .text.vApplicationTickHook
                0x0000000008008a30        0xe ./Middlewares/Third_Party/FreeRTOS/Source/CMSIS_RTOS_V2/cmsis_os2.o
                0x0000000008008a30                vApplicationTickHook
 .text.vApplicationMallocFailedHook
                0x0000000008008a3e        0xe ./Middlewares/Third_Party/FreeRTOS/Source/CMSIS_RTOS_V2/cmsis_os2.o
                0x0000000008008a3e                vApplicationMallocFailedHook
 .text.vApplicationStackOverflowHook
                0x0000000008008a4c       0x20 ./Middlewares/Third_Party/FreeRTOS/Source/CMSIS_RTOS_V2/cmsis_os2.o
                0x0000000008008a4c                vApplicationStackOverflowHook
 .text.vApplicationGetIdleTaskMemory
                0x0000000008008a6c       0x34 ./Middlewares/Third_Party/FreeRTOS/Source/CMSIS_RTOS_V2/cmsis_os2.o
                0x0000000008008a6c                vApplicationGetIdleTaskMemory
 .text.vApplicationGetTimerTaskMemory
                0x0000000008008aa0       0x34 ./Middlewares/Third_Party/FreeRTOS/Source/CMSIS_RTOS_V2/cmsis_os2.o
                0x0000000008008aa0                vApplicationGetTimerTaskMemory
 .text.xEventGroupCreateStatic
                0x0000000008008ad4       0x6e ./Middlewares/Third_Party/FreeRTOS/Source/event_groups.o
                0x0000000008008ad4                xEventGroupCreateStatic
 .text.xEventGroupCreate
                0x0000000008008b42       0x34 ./Middlewares/Third_Party/FreeRTOS/Source/event_groups.o
                0x0000000008008b42                xEventGroupCreate
 .text.vListInitialise
                0x0000000008008b76       0x40 ./Middlewares/Third_Party/FreeRTOS/Source/list.o
                0x0000000008008b76                vListInitialise
 .text.vListInitialiseItem
                0x0000000008008bb6       0x1a ./Middlewares/Third_Party/FreeRTOS/Source/list.o
                0x0000000008008bb6                vListInitialiseItem
 .text.vListInsertEnd
                0x0000000008008bd0       0x48 ./Middlewares/Third_Party/FreeRTOS/Source/list.o
                0x0000000008008bd0                vListInsertEnd
 .text.vListInsert
                0x0000000008008c18       0x72 ./Middlewares/Third_Party/FreeRTOS/Source/list.o
                0x0000000008008c18                vListInsert
 .text.uxListRemove
                0x0000000008008c8a       0x54 ./Middlewares/Third_Party/FreeRTOS/Source/list.o
                0x0000000008008c8a                uxListRemove
 *fill*         0x0000000008008cde        0x2 
 .text.xQueueGenericReset
                0x0000000008008ce0       0xd0 ./Middlewares/Third_Party/FreeRTOS/Source/queue.o
                0x0000000008008ce0                xQueueGenericReset
 .text.xQueueGenericCreateStatic
                0x0000000008008db0       0xf0 ./Middlewares/Third_Party/FreeRTOS/Source/queue.o
                0x0000000008008db0                xQueueGenericCreateStatic
 .text.xQueueGenericCreate
                0x0000000008008ea0       0x74 ./Middlewares/Third_Party/FreeRTOS/Source/queue.o
                0x0000000008008ea0                xQueueGenericCreate
 .text.prvInitialiseNewQueue
                0x0000000008008f14       0x46 ./Middlewares/Third_Party/FreeRTOS/Source/queue.o
 .text.prvInitialiseMutex
                0x0000000008008f5a       0x34 ./Middlewares/Third_Party/FreeRTOS/Source/queue.o
 .text.xQueueCreateMutex
                0x0000000008008f8e       0x30 ./Middlewares/Third_Party/FreeRTOS/Source/queue.o
                0x0000000008008f8e                xQueueCreateMutex
 .text.xQueueCreateMutexStatic
                0x0000000008008fbe       0x36 ./Middlewares/Third_Party/FreeRTOS/Source/queue.o
                0x0000000008008fbe                xQueueCreateMutexStatic
 .text.xQueueCreateCountingSemaphoreStatic
                0x0000000008008ff4       0x6e ./Middlewares/Third_Party/FreeRTOS/Source/queue.o
                0x0000000008008ff4                xQueueCreateCountingSemaphoreStatic
 .text.xQueueCreateCountingSemaphore
                0x0000000008009062       0x66 ./Middlewares/Third_Party/FreeRTOS/Source/queue.o
                0x0000000008009062                xQueueCreateCountingSemaphore
 .text.xQueueGenericSend
                0x00000000080090c8      0x1fc ./Middlewares/Third_Party/FreeRTOS/Source/queue.o
                0x00000000080090c8                xQueueGenericSend
 .text.xQueueGenericSendFromISR
                0x00000000080092c4      0x136 ./Middlewares/Third_Party/FreeRTOS/Source/queue.o
                0x00000000080092c4                xQueueGenericSendFromISR
 *fill*         0x00000000080093fa        0x2 
 .text.xQueueReceive
                0x00000000080093fc      0x1c0 ./Middlewares/Third_Party/FreeRTOS/Source/queue.o
                0x00000000080093fc                xQueueReceive
 .text.vQueueDelete
                0x00000000080095bc       0x46 ./Middlewares/Third_Party/FreeRTOS/Source/queue.o
                0x00000000080095bc                vQueueDelete
 .text.prvCopyDataToQueue
                0x0000000008009602       0xd4 ./Middlewares/Third_Party/FreeRTOS/Source/queue.o
 .text.prvCopyDataFromQueue
                0x00000000080096d6       0x4c ./Middlewares/Third_Party/FreeRTOS/Source/queue.o
 .text.prvUnlockQueue
                0x0000000008009722       0xa4 ./Middlewares/Third_Party/FreeRTOS/Source/queue.o
 .text.prvIsQueueEmpty
                0x00000000080097c6       0x2c ./Middlewares/Third_Party/FreeRTOS/Source/queue.o
 .text.prvIsQueueFull
                0x00000000080097f2       0x30 ./Middlewares/Third_Party/FreeRTOS/Source/queue.o
 *fill*         0x0000000008009822        0x2 
 .text.vQueueAddToRegistry
                0x0000000008009824       0x54 ./Middlewares/Third_Party/FreeRTOS/Source/queue.o
                0x0000000008009824                vQueueAddToRegistry
 .text.vQueueUnregisterQueue
                0x0000000008009878       0x54 ./Middlewares/Third_Party/FreeRTOS/Source/queue.o
                0x0000000008009878                vQueueUnregisterQueue
 .text.vQueueWaitForMessageRestricted
                0x00000000080098cc       0x68 ./Middlewares/Third_Party/FreeRTOS/Source/queue.o
                0x00000000080098cc                vQueueWaitForMessageRestricted
 .text.xTaskCreateStatic
                0x0000000008009934       0xba ./Middlewares/Third_Party/FreeRTOS/Source/tasks.o
                0x0000000008009934                xTaskCreateStatic
 .text.xTaskCreate
                0x00000000080099ee       0x8a ./Middlewares/Third_Party/FreeRTOS/Source/tasks.o
                0x00000000080099ee                xTaskCreate
 .text.prvInitialiseNewTask
                0x0000000008009a78      0x160 ./Middlewares/Third_Party/FreeRTOS/Source/tasks.o
 .text.prvAddNewTaskToReadyList
                0x0000000008009bd8       0xe0 ./Middlewares/Third_Party/FreeRTOS/Source/tasks.o
 .text.vTaskDelay
                0x0000000008009cb8       0x68 ./Middlewares/Third_Party/FreeRTOS/Source/tasks.o
                0x0000000008009cb8                vTaskDelay
 .text.vTaskStartScheduler
                0x0000000008009d20       0xe4 ./Middlewares/Third_Party/FreeRTOS/Source/tasks.o
                0x0000000008009d20                vTaskStartScheduler
 .text.vTaskSuspendAll
                0x0000000008009e04       0x1c ./Middlewares/Third_Party/FreeRTOS/Source/tasks.o
                0x0000000008009e04                vTaskSuspendAll
 .text.xTaskResumeAll
                0x0000000008009e20      0x13c ./Middlewares/Third_Party/FreeRTOS/Source/tasks.o
                0x0000000008009e20                xTaskResumeAll
 .text.xTaskGetTickCount
                0x0000000008009f5c       0x20 ./Middlewares/Third_Party/FreeRTOS/Source/tasks.o
                0x0000000008009f5c                xTaskGetTickCount
 .text.xTaskIncrementTick
                0x0000000008009f7c      0x184 ./Middlewares/Third_Party/FreeRTOS/Source/tasks.o
                0x0000000008009f7c                xTaskIncrementTick
 .text.vTaskSwitchContext
                0x000000000800a100      0x168 ./Middlewares/Third_Party/FreeRTOS/Source/tasks.o
                0x000000000800a100                vTaskSwitchContext
 .text.vTaskPlaceOnEventList
                0x000000000800a268       0x48 ./Middlewares/Third_Party/FreeRTOS/Source/tasks.o
                0x000000000800a268                vTaskPlaceOnEventList
 .text.vTaskPlaceOnEventListRestricted
                0x000000000800a2b0       0x58 ./Middlewares/Third_Party/FreeRTOS/Source/tasks.o
                0x000000000800a2b0                vTaskPlaceOnEventListRestricted
 .text.xTaskRemoveFromEventList
                0x000000000800a308       0xc8 ./Middlewares/Third_Party/FreeRTOS/Source/tasks.o
                0x000000000800a308                xTaskRemoveFromEventList
 .text.vTaskInternalSetTimeOutState
                0x000000000800a3d0       0x2c ./Middlewares/Third_Party/FreeRTOS/Source/tasks.o
                0x000000000800a3d0                vTaskInternalSetTimeOutState
 .text.xTaskCheckForTimeOut
                0x000000000800a3fc       0xe4 ./Middlewares/Third_Party/FreeRTOS/Source/tasks.o
                0x000000000800a3fc                xTaskCheckForTimeOut
 .text.vTaskMissedYield
                0x000000000800a4e0       0x18 ./Middlewares/Third_Party/FreeRTOS/Source/tasks.o
                0x000000000800a4e0                vTaskMissedYield
 .text.prvIdleTask
                0x000000000800a4f8       0x34 ./Middlewares/Third_Party/FreeRTOS/Source/tasks.o
 .text.prvInitialiseTaskLists
                0x000000000800a52c       0x80 ./Middlewares/Third_Party/FreeRTOS/Source/tasks.o
 .text.prvCheckTasksWaitingTermination
                0x000000000800a5ac       0x5c ./Middlewares/Third_Party/FreeRTOS/Source/tasks.o
 .text.prvDeleteTCB
                0x000000000800a608       0x68 ./Middlewares/Third_Party/FreeRTOS/Source/tasks.o
 .text.prvResetNextTaskUnblockTime
                0x000000000800a670       0x40 ./Middlewares/Third_Party/FreeRTOS/Source/tasks.o
 .text.xTaskGetSchedulerState
                0x000000000800a6b0       0x3c ./Middlewares/Third_Party/FreeRTOS/Source/tasks.o
                0x000000000800a6b0                xTaskGetSchedulerState
 .text.xTaskPriorityDisinherit
                0x000000000800a6ec       0xdc ./Middlewares/Third_Party/FreeRTOS/Source/tasks.o
                0x000000000800a6ec                xTaskPriorityDisinherit
 .text.prvAddCurrentTaskToDelayedList
                0x000000000800a7c8       0xb4 ./Middlewares/Third_Party/FreeRTOS/Source/tasks.o
 .text.xTimerCreateTimerTask
                0x000000000800a87c       0x90 ./Middlewares/Third_Party/FreeRTOS/Source/timers.o
                0x000000000800a87c                xTimerCreateTimerTask
 .text.xTimerCreate
                0x000000000800a90c       0x42 ./Middlewares/Third_Party/FreeRTOS/Source/timers.o
                0x000000000800a90c                xTimerCreate
 .text.xTimerCreateStatic
                0x000000000800a94e       0x7c ./Middlewares/Third_Party/FreeRTOS/Source/timers.o
                0x000000000800a94e                xTimerCreateStatic
 .text.prvInitialiseNewTimer
                0x000000000800a9ca       0x76 ./Middlewares/Third_Party/FreeRTOS/Source/timers.o
 .text.xTimerGenericCommand
                0x000000000800aa40       0x9c ./Middlewares/Third_Party/FreeRTOS/Source/timers.o
                0x000000000800aa40                xTimerGenericCommand
 .text.prvProcessExpiredTimer
                0x000000000800aadc       0x98 ./Middlewares/Third_Party/FreeRTOS/Source/timers.o
 .text.prvTimerTask
                0x000000000800ab74       0x24 ./Middlewares/Third_Party/FreeRTOS/Source/timers.o
 .text.prvProcessTimerOrBlockTask
                0x000000000800ab98       0x9c ./Middlewares/Third_Party/FreeRTOS/Source/timers.o
 .text.prvGetNextExpireTime
                0x000000000800ac34       0x48 ./Middlewares/Third_Party/FreeRTOS/Source/timers.o
 .text.prvSampleTimeNow
                0x000000000800ac7c       0x40 ./Middlewares/Third_Party/FreeRTOS/Source/timers.o
 .text.prvInsertTimerInActiveList
                0x000000000800acbc       0x84 ./Middlewares/Third_Party/FreeRTOS/Source/timers.o
 .text.prvProcessReceivedCommands
                0x000000000800ad40      0x1c4 ./Middlewares/Third_Party/FreeRTOS/Source/timers.o
 .text.prvSwitchTimerLists
                0x000000000800af04       0xc8 ./Middlewares/Third_Party/FreeRTOS/Source/timers.o
 .text.prvCheckForValidListAndQueue
                0x000000000800afcc       0x80 ./Middlewares/Third_Party/FreeRTOS/Source/timers.o
 .text.pvTimerGetTimerID
                0x000000000800b04c       0x40 ./Middlewares/Third_Party/FreeRTOS/Source/timers.o
                0x000000000800b04c                pvTimerGetTimerID
 .text.pxPortInitialiseStack
                0x000000000800b08c       0x68 ./Middlewares/Third_Party/FreeRTOS/Source/portable/GCC/ARM_CM4F/port.o
                0x000000000800b08c                pxPortInitialiseStack
 .text.prvTaskExitError
                0x000000000800b0f4       0x58 ./Middlewares/Third_Party/FreeRTOS/Source/portable/GCC/ARM_CM4F/port.o
 *fill*         0x000000000800b14c        0x4 
 .text.SVC_Handler
                0x000000000800b150       0x28 ./Middlewares/Third_Party/FreeRTOS/Source/portable/GCC/ARM_CM4F/port.o
                0x000000000800b150                SVC_Handler
 .text.prvPortStartFirstTask
                0x000000000800b178       0x28 ./Middlewares/Third_Party/FreeRTOS/Source/portable/GCC/ARM_CM4F/port.o
 .text.xPortStartScheduler
                0x000000000800b1a0      0x144 ./Middlewares/Third_Party/FreeRTOS/Source/portable/GCC/ARM_CM4F/port.o
                0x000000000800b1a0                xPortStartScheduler
 .text.vPortEnterCritical
                0x000000000800b2e4       0x60 ./Middlewares/Third_Party/FreeRTOS/Source/portable/GCC/ARM_CM4F/port.o
                0x000000000800b2e4                vPortEnterCritical
 .text.vPortExitCritical
                0x000000000800b344       0x54 ./Middlewares/Third_Party/FreeRTOS/Source/portable/GCC/ARM_CM4F/port.o
                0x000000000800b344                vPortExitCritical
 *fill*         0x000000000800b398        0x8 
 .text.PendSV_Handler
                0x000000000800b3a0       0x68 ./Middlewares/Third_Party/FreeRTOS/Source/portable/GCC/ARM_CM4F/port.o
                0x000000000800b3a0                PendSV_Handler
 .text.xPortSysTickHandler
                0x000000000800b408       0x44 ./Middlewares/Third_Party/FreeRTOS/Source/portable/GCC/ARM_CM4F/port.o
                0x000000000800b408                xPortSysTickHandler
 .text.vPortSetupTimerInterrupt
                0x000000000800b44c       0x48 ./Middlewares/Third_Party/FreeRTOS/Source/portable/GCC/ARM_CM4F/port.o
                0x000000000800b44c                vPortSetupTimerInterrupt
 .text.vPortEnableVFP
                0x000000000800b494       0x14 ./Middlewares/Third_Party/FreeRTOS/Source/portable/GCC/ARM_CM4F/port.o
 .text.vPortValidateInterruptPriority
                0x000000000800b4a8       0x80 ./Middlewares/Third_Party/FreeRTOS/Source/portable/GCC/ARM_CM4F/port.o
                0x000000000800b4a8                vPortValidateInterruptPriority
 .text.pvPortMalloc
                0x000000000800b528      0x150 ./Middlewares/Third_Party/FreeRTOS/Source/portable/MemMang/heap_5.o
                0x000000000800b528                pvPortMalloc
 .text.vPortFree
                0x000000000800b678       0xc4 ./Middlewares/Third_Party/FreeRTOS/Source/portable/MemMang/heap_5.o
                0x000000000800b678                vPortFree
 .text.prvInsertBlockIntoFreeList
                0x000000000800b73c       0xb4 ./Middlewares/Third_Party/FreeRTOS/Source/portable/MemMang/heap_5.o
 .text.vPortDefineHeapRegions
                0x000000000800b7f0      0x194 ./Middlewares/Third_Party/FreeRTOS/Source/portable/MemMang/heap_5.o
                0x000000000800b7f0                vPortDefineHeapRegions
 .text.__libc_init_array
                0x000000000800b984       0x48 /opt/st/stm32cubeide_1.7.0/plugins/com.st.stm32cube.ide.mcu.externaltools.gnu-tools-for-stm32.9-2020-q2-update.linux64_2.0.0.202105311346/tools/bin/../lib/gcc/arm-none-eabi/9.3.1/../../../../arm-none-eabi/lib/thumb/v7e-m+fp/hard/libc_nano.a(lib_a-init.o)
                0x000000000800b984                __libc_init_array
 .text.__retarget_lock_acquire_recursive
                0x000000000800b9cc        0x2 /opt/st/stm32cubeide_1.7.0/plugins/com.st.stm32cube.ide.mcu.externaltools.gnu-tools-for-stm32.9-2020-q2-update.linux64_2.0.0.202105311346/tools/bin/../lib/gcc/arm-none-eabi/9.3.1/../../../../arm-none-eabi/lib/thumb/v7e-m+fp/hard/libc_nano.a(lib_a-lock.o)
                0x000000000800b9cc                __retarget_lock_acquire_recursive
 .text.__retarget_lock_release_recursive
                0x000000000800b9ce        0x2 /opt/st/stm32cubeide_1.7.0/plugins/com.st.stm32cube.ide.mcu.externaltools.gnu-tools-for-stm32.9-2020-q2-update.linux64_2.0.0.202105311346/tools/bin/../lib/gcc/arm-none-eabi/9.3.1/../../../../arm-none-eabi/lib/thumb/v7e-m+fp/hard/libc_nano.a(lib_a-lock.o)
                0x000000000800b9ce                __retarget_lock_release_recursive
 .text.memcpy   0x000000000800b9d0       0x1c /opt/st/stm32cubeide_1.7.0/plugins/com.st.stm32cube.ide.mcu.externaltools.gnu-tools-for-stm32.9-2020-q2-update.linux64_2.0.0.202105311346/tools/bin/../lib/gcc/arm-none-eabi/9.3.1/../../../../arm-none-eabi/lib/thumb/v7e-m+fp/hard/libc_nano.a(lib_a-memcpy-stub.o)
                0x000000000800b9d0                memcpy
 .text.memset   0x000000000800b9ec       0x10 /opt/st/stm32cubeide_1.7.0/plugins/com.st.stm32cube.ide.mcu.externaltools.gnu-tools-for-stm32.9-2020-q2-update.linux64_2.0.0.202105311346/tools/bin/../lib/gcc/arm-none-eabi/9.3.1/../../../../arm-none-eabi/lib/thumb/v7e-m+fp/hard/libc_nano.a(lib_a-memset.o)
                0x000000000800b9ec                memset
 .text._free_r  0x000000000800b9fc       0xa0 /opt/st/stm32cubeide_1.7.0/plugins/com.st.stm32cube.ide.mcu.externaltools.gnu-tools-for-stm32.9-2020-q2-update.linux64_2.0.0.202105311346/tools/bin/../lib/gcc/arm-none-eabi/9.3.1/../../../../arm-none-eabi/lib/thumb/v7e-m+fp/hard/libc_nano.a(lib_a-nano-freer.o)
                0x000000000800b9fc                _free_r
 .text.cleanup_glue
                0x000000000800ba9c       0x1a /opt/st/stm32cubeide_1.7.0/plugins/com.st.stm32cube.ide.mcu.externaltools.gnu-tools-for-stm32.9-2020-q2-update.linux64_2.0.0.202105311346/tools/bin/../lib/gcc/arm-none-eabi/9.3.1/../../../../arm-none-eabi/lib/thumb/v7e-m+fp/hard/libc_nano.a(lib_a-reent.o)
                0x000000000800ba9c                cleanup_glue
 *fill*         0x000000000800bab6        0x2 
 .text._reclaim_reent
                0x000000000800bab8       0xb8 /opt/st/stm32cubeide_1.7.0/plugins/com.st.stm32cube.ide.mcu.externaltools.gnu-tools-for-stm32.9-2020-q2-update.linux64_2.0.0.202105311346/tools/bin/../lib/gcc/arm-none-eabi/9.3.1/../../../../arm-none-eabi/lib/thumb/v7e-m+fp/hard/libc_nano.a(lib_a-reent.o)
                0x000000000800bab8                _reclaim_reent
 .text.__malloc_lock
                0x000000000800bb70        0xc /opt/st/stm32cubeide_1.7.0/plugins/com.st.stm32cube.ide.mcu.externaltools.gnu-tools-for-stm32.9-2020-q2-update.linux64_2.0.0.202105311346/tools/bin/../lib/gcc/arm-none-eabi/9.3.1/../../../../arm-none-eabi/lib/thumb/v7e-m+fp/hard/libc_nano.a(lib_a-mlock.o)
                0x000000000800bb70                __malloc_lock
 .text.__malloc_unlock
                0x000000000800bb7c        0xc /opt/st/stm32cubeide_1.7.0/plugins/com.st.stm32cube.ide.mcu.externaltools.gnu-tools-for-stm32.9-2020-q2-update.linux64_2.0.0.202105311346/tools/bin/../lib/gcc/arm-none-eabi/9.3.1/../../../../arm-none-eabi/lib/thumb/v7e-m+fp/hard/libc_nano.a(lib_a-mlock.o)
                0x000000000800bb7c                __malloc_unlock
 *(.glue_7)
 .glue_7        0x000000000800bb88        0x0 linker stubs
 *(.glue_7t)
 .glue_7t       0x000000000800bb88        0x0 linker stubs
 *(.eh_frame)
 .eh_frame      0x000000000800bb88        0x0 /opt/st/stm32cubeide_1.7.0/plugins/com.st.stm32cube.ide.mcu.externaltools.gnu-tools-for-stm32.9-2020-q2-update.linux64_2.0.0.202105311346/tools/bin/../lib/gcc/arm-none-eabi/9.3.1/thumb/v7e-m+fp/hard/crtbegin.o
 *(.init)
 .init          0x000000000800bb88        0x4 /opt/st/stm32cubeide_1.7.0/plugins/com.st.stm32cube.ide.mcu.externaltools.gnu-tools-for-stm32.9-2020-q2-update.linux64_2.0.0.202105311346/tools/bin/../lib/gcc/arm-none-eabi/9.3.1/thumb/v7e-m+fp/hard/crti.o
                0x000000000800bb88                _init
 .init          0x000000000800bb8c        0x8 /opt/st/stm32cubeide_1.7.0/plugins/com.st.stm32cube.ide.mcu.externaltools.gnu-tools-for-stm32.9-2020-q2-update.linux64_2.0.0.202105311346/tools/bin/../lib/gcc/arm-none-eabi/9.3.1/thumb/v7e-m+fp/hard/crtn.o
 *(.fini)
 .fini          0x000000000800bb94        0x4 /opt/st/stm32cubeide_1.7.0/plugins/com.st.stm32cube.ide.mcu.externaltools.gnu-tools-for-stm32.9-2020-q2-update.linux64_2.0.0.202105311346/tools/bin/../lib/gcc/arm-none-eabi/9.3.1/thumb/v7e-m+fp/hard/crti.o
                0x000000000800bb94                _fini
 .fini          0x000000000800bb98        0x8 /opt/st/stm32cubeide_1.7.0/plugins/com.st.stm32cube.ide.mcu.externaltools.gnu-tools-for-stm32.9-2020-q2-update.linux64_2.0.0.202105311346/tools/bin/../lib/gcc/arm-none-eabi/9.3.1/thumb/v7e-m+fp/hard/crtn.o
                0x000000000800bba0                . = ALIGN (0x4)
                0x000000000800bba0                _etext = .

.vfp11_veneer   0x000000000800bba0        0x0
 .vfp11_veneer  0x000000000800bba0        0x0 linker stubs

.v4_bx          0x000000000800bba0        0x0
 .v4_bx         0x000000000800bba0        0x0 linker stubs

.iplt           0x000000000800bba0        0x0
 .iplt          0x000000000800bba0        0x0 /opt/st/stm32cubeide_1.7.0/plugins/com.st.stm32cube.ide.mcu.externaltools.gnu-tools-for-stm32.9-2020-q2-update.linux64_2.0.0.202105311346/tools/bin/../lib/gcc/arm-none-eabi/9.3.1/thumb/v7e-m+fp/hard/crtbegin.o

.rodata         0x000000000800bba0      0x1dc
                0x000000000800bba0                . = ALIGN (0x4)
 *(.rodata)
 .rodata        0x000000000800bba0       0xca ./Core/Src/freertos.o
 *fill*         0x000000000800bc6a        0x2 
 .rodata        0x000000000800bc6c       0x30 ./Middlewares/Third_Party/FreeRTOS/Source/tasks.o
 .rodata        0x000000000800bc9c        0xd ./Middlewares/Third_Party/FreeRTOS/Source/timers.o
 *(.rodata*)
 *fill*         0x000000000800bca9        0x3 
 .rodata.AHBPrescTable
                0x000000000800bcac       0x10 ./Core/Src/system_stm32l4xx.o
                0x000000000800bcac                AHBPrescTable
 .rodata.APBPrescTable
                0x000000000800bcbc        0x8 ./Core/Src/system_stm32l4xx.o
                0x000000000800bcbc                APBPrescTable
 .rodata.MSIRangeTable
                0x000000000800bcc4       0x30 ./Core/Src/system_stm32l4xx.o
                0x000000000800bcc4                MSIRangeTable
 .rodata.UARTPrescTable
                0x000000000800bcf4       0x18 ./Drivers/STM32L4xx_HAL_Driver/Src/stm32l4xx_hal_uart.o
                0x000000000800bcf4                UARTPrescTable
 .rodata.numerator.10788
                0x000000000800bd0c        0x8 ./Drivers/STM32L4xx_HAL_Driver/Src/stm32l4xx_hal_uart_ex.o
 .rodata.denominator.10789
                0x000000000800bd14        0x8 ./Drivers/STM32L4xx_HAL_Driver/Src/stm32l4xx_hal_uart_ex.o
 .rodata.__sf_fake_stderr
                0x000000000800bd1c       0x20 /opt/st/stm32cubeide_1.7.0/plugins/com.st.stm32cube.ide.mcu.externaltools.gnu-tools-for-stm32.9-2020-q2-update.linux64_2.0.0.202105311346/tools/bin/../lib/gcc/arm-none-eabi/9.3.1/../../../../arm-none-eabi/lib/thumb/v7e-m+fp/hard/libc_nano.a(lib_a-findfp.o)
                0x000000000800bd1c                __sf_fake_stderr
 .rodata.__sf_fake_stdin
                0x000000000800bd3c       0x20 /opt/st/stm32cubeide_1.7.0/plugins/com.st.stm32cube.ide.mcu.externaltools.gnu-tools-for-stm32.9-2020-q2-update.linux64_2.0.0.202105311346/tools/bin/../lib/gcc/arm-none-eabi/9.3.1/../../../../arm-none-eabi/lib/thumb/v7e-m+fp/hard/libc_nano.a(lib_a-findfp.o)
                0x000000000800bd3c                __sf_fake_stdin
 .rodata.__sf_fake_stdout
                0x000000000800bd5c       0x20 /opt/st/stm32cubeide_1.7.0/plugins/com.st.stm32cube.ide.mcu.externaltools.gnu-tools-for-stm32.9-2020-q2-update.linux64_2.0.0.202105311346/tools/bin/../lib/gcc/arm-none-eabi/9.3.1/../../../../arm-none-eabi/lib/thumb/v7e-m+fp/hard/libc_nano.a(lib_a-findfp.o)
                0x000000000800bd5c                __sf_fake_stdout
                0x000000000800bd7c                . = ALIGN (0x4)

.ARM.extab      0x000000000800bd7c        0x0
                0x000000000800bd7c                . = ALIGN (0x4)
 *(.ARM.extab* .gnu.linkonce.armextab.*)
                0x000000000800bd7c                . = ALIGN (0x4)

.ARM            0x000000000800bd7c        0x8
                0x000000000800bd7c                . = ALIGN (0x4)
                0x000000000800bd7c                __exidx_start = .
 *(.ARM.exidx*)
 .ARM.exidx     0x000000000800bd7c        0x8 /opt/st/stm32cubeide_1.7.0/plugins/com.st.stm32cube.ide.mcu.externaltools.gnu-tools-for-stm32.9-2020-q2-update.linux64_2.0.0.202105311346/tools/bin/../lib/gcc/arm-none-eabi/9.3.1/thumb/v7e-m+fp/hard/libgcc.a(_udivmoddi4.o)
                0x000000000800bd84                __exidx_end = .
                0x000000000800bd84                . = ALIGN (0x4)

.rel.dyn        0x000000000800bd84        0x0
 .rel.iplt      0x000000000800bd84        0x0 /opt/st/stm32cubeide_1.7.0/plugins/com.st.stm32cube.ide.mcu.externaltools.gnu-tools-for-stm32.9-2020-q2-update.linux64_2.0.0.202105311346/tools/bin/../lib/gcc/arm-none-eabi/9.3.1/thumb/v7e-m+fp/hard/crtbegin.o

.preinit_array  0x000000000800bd84        0x0
                0x000000000800bd84                . = ALIGN (0x4)
                0x000000000800bd84                PROVIDE (__preinit_array_start = .)
 *(.preinit_array*)
                0x000000000800bd84                PROVIDE (__preinit_array_end = .)
                0x000000000800bd84                . = ALIGN (0x4)

.init_array     0x000000000800bd84        0x4
                0x000000000800bd84                . = ALIGN (0x4)
                0x000000000800bd84                PROVIDE (__init_array_start = .)
 *(SORT_BY_NAME(.init_array.*))
 *(.init_array*)
 .init_array    0x000000000800bd84        0x4 /opt/st/stm32cubeide_1.7.0/plugins/com.st.stm32cube.ide.mcu.externaltools.gnu-tools-for-stm32.9-2020-q2-update.linux64_2.0.0.202105311346/tools/bin/../lib/gcc/arm-none-eabi/9.3.1/thumb/v7e-m+fp/hard/crtbegin.o
                0x000000000800bd88                PROVIDE (__init_array_end = .)
                0x000000000800bd88                . = ALIGN (0x4)

.fini_array     0x000000000800bd88        0x4
                0x000000000800bd88                . = ALIGN (0x4)
                [!provide]                        PROVIDE (__fini_array_start = .)
 *(SORT_BY_NAME(.fini_array.*))
 *(.fini_array*)
 .fini_array    0x000000000800bd88        0x4 /opt/st/stm32cubeide_1.7.0/plugins/com.st.stm32cube.ide.mcu.externaltools.gnu-tools-for-stm32.9-2020-q2-update.linux64_2.0.0.202105311346/tools/bin/../lib/gcc/arm-none-eabi/9.3.1/thumb/v7e-m+fp/hard/crtbegin.o
                [!provide]                        PROVIDE (__fini_array_end = .)
                0x000000000800bd8c                . = ALIGN (0x4)
                0x000000000800bd8c                _sidata = LOADADDR (.data)

.data           0x0000000020000000       0x84 load address 0x000000000800bd8c
                0x0000000020000000                . = ALIGN (0x4)
                0x0000000020000000                _sdata = .
 *(.data)
 *(.data*)
 .data.SystemCoreClock
                0x0000000020000000        0x4 ./Core/Src/system_stm32l4xx.o
                0x0000000020000000                SystemCoreClock
 .data.uwTickPrio
                0x0000000020000004        0x4 ./Drivers/STM32L4xx_HAL_Driver/Src/stm32l4xx_hal.o
                0x0000000020000004                uwTickPrio
 .data.uwTickFreq
                0x0000000020000008        0x1 ./Drivers/STM32L4xx_HAL_Driver/Src/stm32l4xx_hal.o
                0x0000000020000008                uwTickFreq
 *fill*         0x0000000020000009        0x3 
 .data.xHeapRegions
                0x000000002000000c       0x10 ./Middlewares/Third_Party/FreeRTOS/Source/CMSIS_RTOS_V2/cmsis_os2.o
 .data.uxCriticalNesting
                0x000000002000001c        0x4 ./Middlewares/Third_Party/FreeRTOS/Source/portable/GCC/ARM_CM4F/port.o
 .data._impure_ptr
                0x0000000020000020        0x4 /opt/st/stm32cubeide_1.7.0/plugins/com.st.stm32cube.ide.mcu.externaltools.gnu-tools-for-stm32.9-2020-q2-update.linux64_2.0.0.202105311346/tools/bin/../lib/gcc/arm-none-eabi/9.3.1/../../../../arm-none-eabi/lib/thumb/v7e-m+fp/hard/libc_nano.a(lib_a-impure.o)
                0x0000000020000020                _impure_ptr
 .data.impure_data
                0x0000000020000024       0x60 /opt/st/stm32cubeide_1.7.0/plugins/com.st.stm32cube.ide.mcu.externaltools.gnu-tools-for-stm32.9-2020-q2-update.linux64_2.0.0.202105311346/tools/bin/../lib/gcc/arm-none-eabi/9.3.1/../../../../arm-none-eabi/lib/thumb/v7e-m+fp/hard/libc_nano.a(lib_a-impure.o)
 *(.RamFunc)
 *(.RamFunc*)
                0x0000000020000084                . = ALIGN (0x4)
                0x0000000020000084                _edata = .

.igot.plt       0x0000000020000084        0x0 load address 0x000000000800be10
 .igot.plt      0x0000000020000084        0x0 /opt/st/stm32cubeide_1.7.0/plugins/com.st.stm32cube.ide.mcu.externaltools.gnu-tools-for-stm32.9-2020-q2-update.linux64_2.0.0.202105311346/tools/bin/../lib/gcc/arm-none-eabi/9.3.1/thumb/v7e-m+fp/hard/crtbegin.o
                0x0000000020000084                . = ALIGN (0x4)

.bss            0x0000000020000084    0x33448 load address 0x000000000800be10
                0x0000000020000084                _sbss = .
                0x0000000020000084                __bss_start__ = _sbss
 *(.bss)
 .bss           0x0000000020000084       0x1c /opt/st/stm32cubeide_1.7.0/plugins/com.st.stm32cube.ide.mcu.externaltools.gnu-tools-for-stm32.9-2020-q2-update.linux64_2.0.0.202105311346/tools/bin/../lib/gcc/arm-none-eabi/9.3.1/thumb/v7e-m+fp/hard/crtbegin.o
 *(.bss*)
 .bss.processCANMesgHandle
                0x00000000200000a0        0x4 ./Core/Src/freertos.o
                0x00000000200000a0                processCANMesgHandle
 .bss.processCANMesg_attributes
                0x00000000200000a4       0x24 ./Core/Src/freertos.o
                0x00000000200000a4                processCANMesg_attributes
 .bss.MeasureTaskHandle
                0x00000000200000c8        0x4 ./Core/Src/freertos.o
                0x00000000200000c8                MeasureTaskHandle
 .bss.MeasureTask_attributes
                0x00000000200000cc       0x24 ./Core/Src/freertos.o
                0x00000000200000cc                MeasureTask_attributes
 .bss.sysMonitorHandle
                0x00000000200000f0        0x4 ./Core/Src/freertos.o
                0x00000000200000f0                sysMonitorHandle
 .bss.sysMonitor_attributes
                0x00000000200000f4       0x24 ./Core/Src/freertos.o
                0x00000000200000f4                sysMonitor_attributes
 .bss.UIHandle  0x0000000020000118        0x4 ./Core/Src/freertos.o
                0x0000000020000118                UIHandle
 .bss.UI_attributes
                0x000000002000011c       0x24 ./Core/Src/freertos.o
                0x000000002000011c                UI_attributes
 .bss.processUARTHandle
                0x0000000020000140        0x4 ./Core/Src/freertos.o
                0x0000000020000140                processUARTHandle
 .bss.processUART_attributes
                0x0000000020000144       0x24 ./Core/Src/freertos.o
                0x0000000020000144                processUART_attributes
 .bss.CANInboxHandle
                0x0000000020000168        0x4 ./Core/Src/freertos.o
                0x0000000020000168                CANInboxHandle
 .bss.CANInbox_attributes
                0x000000002000016c       0x18 ./Core/Src/freertos.o
                0x000000002000016c                CANInbox_attributes
 .bss.CANOutboxHandle
                0x0000000020000184        0x4 ./Core/Src/freertos.o
                0x0000000020000184                CANOutboxHandle
 .bss.CANOutbox_attributes
                0x0000000020000188       0x18 ./Core/Src/freertos.o
                0x0000000020000188                CANOutbox_attributes
 .bss.UARTOutboxHandle
                0x00000000200001a0        0x4 ./Core/Src/freertos.o
                0x00000000200001a0                UARTOutboxHandle
 .bss.UARTOutbox_attributes
                0x00000000200001a4       0x18 ./Core/Src/freertos.o
                0x00000000200001a4                UARTOutbox_attributes
 .bss.MeasureTimerHandle
                0x00000000200001bc        0x4 ./Core/Src/freertos.o
                0x00000000200001bc                MeasureTimerHandle
 .bss.MeasureTimer_attributes
                0x00000000200001c0       0x10 ./Core/Src/freertos.o
                0x00000000200001c0                MeasureTimer_attributes
 .bss.LEDTimeoutTimerHandle
                0x00000000200001d0        0x4 ./Core/Src/freertos.o
                0x00000000200001d0                LEDTimeoutTimerHandle
 .bss.LEDTimeoutTimer_attributes
                0x00000000200001d4       0x10 ./Core/Src/freertos.o
                0x00000000200001d4                LEDTimeoutTimer_attributes
 .bss.InputTimeoutHandle
                0x00000000200001e4        0x4 ./Core/Src/freertos.o
                0x00000000200001e4                InputTimeoutHandle
 .bss.InputTimeout_attributes
                0x00000000200001e8       0x10 ./Core/Src/freertos.o
                0x00000000200001e8                InputTimeout_attributes
 .bss.BME280_lockHandle
                0x00000000200001f8        0x4 ./Core/Src/freertos.o
                0x00000000200001f8                BME280_lockHandle
 .bss.BME280_lock_attributes
                0x00000000200001fc       0x10 ./Core/Src/freertos.o
                0x00000000200001fc                BME280_lock_attributes
 .bss.SiliconID_lockHandle
                0x000000002000020c        0x4 ./Core/Src/freertos.o
                0x000000002000020c                SiliconID_lockHandle
 .bss.SiliconID_lock_attributes
                0x0000000020000210       0x10 ./Core/Src/freertos.o
                0x0000000020000210                SiliconID_lock_attributes
 .bss.startMeasurementHandle
                0x0000000020000220        0x4 ./Core/Src/freertos.o
                0x0000000020000220                startMeasurementHandle
 .bss.startMeasurement_attributes
                0x0000000020000224       0x10 ./Core/Src/freertos.o
                0x0000000020000224                startMeasurement_attributes
 .bss.LEDStateHandle
                0x0000000020000234        0x4 ./Core/Src/freertos.o
                0x0000000020000234                LEDStateHandle
 .bss.LEDState_attributes
                0x0000000020000238       0x10 ./Core/Src/freertos.o
                0x0000000020000238                LEDState_attributes
 .bss.ButtonCommandHandle
                0x0000000020000248        0x4 ./Core/Src/freertos.o
                0x0000000020000248                ButtonCommandHandle
 .bss.ButtonCommand_attributes
                0x000000002000024c       0x10 ./Core/Src/freertos.o
                0x000000002000024c                ButtonCommand_attributes
 .bss.KernelState
                0x000000002000025c        0x4 ./Middlewares/Third_Party/FreeRTOS/Source/CMSIS_RTOS_V2/cmsis_os2.o
 .bss.ucHeap    0x0000000020000260    0x30d40 ./Middlewares/Third_Party/FreeRTOS/Source/CMSIS_RTOS_V2/cmsis_os2.o
 .bss.Idle_TCB.12723
                0x0000000020030fa0       0xc8 ./Middlewares/Third_Party/FreeRTOS/Source/CMSIS_RTOS_V2/cmsis_os2.o
 .bss.Idle_Stack.12724
                0x0000000020031068      0x800 ./Middlewares/Third_Party/FreeRTOS/Source/CMSIS_RTOS_V2/cmsis_os2.o
 .bss.Timer_TCB.12730
                0x0000000020031868       0xc8 ./Middlewares/Third_Party/FreeRTOS/Source/CMSIS_RTOS_V2/cmsis_os2.o
 .bss.Timer_Stack.12731
                0x0000000020031930     0x1000 ./Middlewares/Third_Party/FreeRTOS/Source/CMSIS_RTOS_V2/cmsis_os2.o
 .bss.pxCurrentTCB
                0x0000000020032930        0x4 ./Middlewares/Third_Party/FreeRTOS/Source/tasks.o
                0x0000000020032930                pxCurrentTCB
 .bss.pxReadyTasksLists
                0x0000000020032934      0x460 ./Middlewares/Third_Party/FreeRTOS/Source/tasks.o
 .bss.xDelayedTaskList1
                0x0000000020032d94       0x14 ./Middlewares/Third_Party/FreeRTOS/Source/tasks.o
 .bss.xDelayedTaskList2
                0x0000000020032da8       0x14 ./Middlewares/Third_Party/FreeRTOS/Source/tasks.o
 .bss.pxDelayedTaskList