cmsis_os2.c:178:22:SVC_Setup	4	static
cmsis_os2.c:195:12:osKernelInitialize	24	static,ignoring_inline_asm
cmsis_os2.c:214:12:osKernelGetInfo	24	static
cmsis_os2.c:232:17:osKernelGetState	16	static
cmsis_os2.c:257:12:osKernelStart	24	static,ignoring_inline_asm
cmsis_os2.c:280:9:osKernelLock	24	static,ignoring_inline_asm
cmsis_os2.c:307:9:osKernelUnlock	24	static,ignoring_inline_asm
cmsis_os2.c:339:9:osKernelRestoreLock	32	static,ignoring_inline_asm
cmsis_os2.c:375:10:osKernelGetTickCount	24	static,ignoring_inline_asm
cmsis_os2.c:387:10:osKernelGetTickFreq	4	static
cmsis_os2.c:391:10:osKernelGetSysTimerCount	32	static,ignoring_inline_asm
cmsis_os2.c:408:10:osKernelGetSysTimerFreq	4	static
cmsis_os2.c:414:14:osThreadNew	72	static,ignoring_inline_asm
cmsis_os2.c:478:13:osThreadGetName	40	static,ignoring_inline_asm
cmsis_os2.c:491:14:osThreadGetId	16	static
cmsis_os2.c:499:17:osThreadGetState	40	static,ignoring_inline_asm
cmsis_os2.c:521:10:osThreadGetStackSpace	40	static,ignoring_inline_asm
cmsis_os2.c:534:12:osThreadSetPriority	40	static,ignoring_inline_asm
cmsis_os2.c:552:14:osThreadGetPriority	40	static,ignoring_inline_asm
cmsis_os2.c:565:12:osThreadYield	24	static,ignoring_inline_asm
cmsis_os2.c:578:12:osThreadSuspend	40	static,ignoring_inline_asm
cmsis_os2.c:596:12:osThreadResume	40	static,ignoring_inline_asm
cmsis_os2.c:614:18:osThreadExit	8	static
cmsis_os2.c:621:12:osThreadTerminate	40	static,ignoring_inline_asm
cmsis_os2.c:650:10:osThreadGetCount	24	static,ignoring_inline_asm
cmsis_os2.c:662:10:osThreadEnumerate	40	static,ignoring_inline_asm
cmsis_os2.c:690:10:osThreadFlagsSet	48	static,ignoring_inline_asm
cmsis_os2.c:718:10:osThreadFlagsClear	40	static,ignoring_inline_asm
cmsis_os2.c:748:10:osThreadFlagsGet	32	static,ignoring_inline_asm
cmsis_os2.c:766:10:osThreadFlagsWait	64	static,ignoring_inline_asm
cmsis_os2.c:841:12:osDelay	32	static,ignoring_inline_asm
cmsis_os2.c:858:12:osDelayUntil	40	static,ignoring_inline_asm
cmsis_os2.c:888:13:TimerCallback	24	static
cmsis_os2.c:898:13:osTimerNew	64	static,ignoring_inline_asm
cmsis_os2.c:956:13:osTimerGetName	40	static,ignoring_inline_asm
cmsis_os2.c:969:12:osTimerStart	48	static,ignoring_inline_asm
cmsis_os2.c:990:12:osTimerStop	48	static,ignoring_inline_asm
cmsis_os2.c:1016:10:osTimerIsRunning	40	static,ignoring_inline_asm
cmsis_os2.c:1029:12:osTimerDelete	48	static,ignoring_inline_asm
cmsis_os2.c:1060:18:osEventFlagsNew	40	static,ignoring_inline_asm
cmsis_os2.c:1096:10:osEventFlagsSet	40	static,ignoring_inline_asm
cmsis_os2.c:1121:10:osEventFlagsClear	40	static,ignoring_inline_asm
cmsis_os2.c:1142:10:osEventFlagsGet	40	static,ignoring_inline_asm
cmsis_os2.c:1159:10:osEventFlagsWait	64	static,ignoring_inline_asm
cmsis_os2.c:1209:12:osEventFlagsDelete	40	static,ignoring_inline_asm
cmsis_os2.c:1233:13:osMutexNew	48	static,ignoring_inline_asm
cmsis_os2.c:1312:12:osMutexAcquire	40	static,ignoring_inline_asm
cmsis_os2.c:1353:12:osMutexRelease	40	static,ignoring_inline_asm
cmsis_os2.c:1386:14:osMutexGetOwner	40	static,ignoring_inline_asm
cmsis_os2.c:1401:12:osMutexDelete	40	static,ignoring_inline_asm
cmsis_os2.c:1430:17:osSemaphoreNew	56	static,ignoring_inline_asm
cmsis_os2.c:1497:12:osSemaphoreAcquire	40	static,ignoring_inline_asm
cmsis_os2.c:1534:12:osSemaphoreRelease	40	static,ignoring_inline_asm
cmsis_os2.c:1562:10:osSemaphoreGetCount	40	static,ignoring_inline_asm
cmsis_os2.c:1578:12:osSemaphoreDelete	40	static,ignoring_inline_asm
cmsis_os2.c:1606:20:osMessageQueueNew	56	static,ignoring_inline_asm
cmsis_os2.c:1659:12:osMessageQueuePut	48	static,ignoring_inline_asm
cmsis_os2.c:1700:12:osMessageQueueGet	48	static,ignoring_inline_asm
cmsis_os2.c:1741:10:osMessageQueueGetCapacity	24	static
cmsis_os2.c:1755:10:osMessageQueueGetMsgSize	24	static
cmsis_os2.c:1769:10:osMessageQueueGetCount	40	static,ignoring_inline_asm
cmsis_os2.c:1786:10:osMessageQueueGetSpace	56	static,ignoring_inline_asm
cmsis_os2.c:1809:12:osMessageQueueReset	40	static,ignoring_inline_asm
cmsis_os2.c:1827:12:osMessageQueueDelete	40	static,ignoring_inline_asm
cmsis_os2.c:1866:13:vApplicationIdleHook	4	static
cmsis_os2.c:1873:14:vApplicationTickHook	4	static
cmsis_os2.c:1880:13:vApplicationMallocFailedHook	4	static
cmsis_os2.c:1894:13:vApplicationStackOverflowHook	16	static
cmsis_os2.c:1918:6:vApplicationGetIdleTaskMemory	24	static
cmsis_os2.c:1928:6:vApplicationGetTimerTaskMemory	24	static
