BME280.h:270:19:unsigned int BME280::config::get()	16	static
BME280.h:300:19:unsigned int BME280::ctrl_meas::get()	16	static
BME280.h:319:19:unsigned int BME280::ctrl_hum::get()	16	static
BME280.cpp:14:1:BME280::BME280(SPI_HandleTypeDef*, GPIO_TypeDef*, uint16_t)	24	static
BME280.cpp:20:1:BME280::~BME280()	16	static
BME280.cpp:20:1:virtual BME280::~BME280()	16	static
BME280.cpp:25:6:bool BME280::init()	32	static
BME280.cpp:46:6:void BME280::setSampling(BME280::sensor_mode, BME280::sensor_sampling, BME280::sensor_sampling, BME280::sensor_sampling, BME280::sensor_filter, BME280::standby_duration)	16	static
BME280.cpp:65:6:bool BME280::takeForcedMeasurement()	24	static
BME280.cpp:86:8:double BME280::readTemperature()	40	static
BME280.cpp:108:8:double BME280::readPressure()	152	static
BME280.cpp:142:8:double BME280::readHumidity()	32	static
BME280.cpp:172:8:double BME280::readAltitude(double)	32	static
BME280.cpp:185:8:double BME280::seaLevelForAltitude(double, double)	32	static
BME280.cpp:197:10:uint32_t BME280::sensorID()	16	static
BME280.cpp:202:8:double BME280::getTemperatureCompensation()	16	static
BME280.cpp:207:6:void BME280::setTemperatureCompensation(double)	24	static
BME280.cpp:213:6:void BME280::readCoefficients()	24	static
BME280.cpp:239:6:bool BME280::isReadingCalibration()	24	static
BME280.cpp:246:6:void BME280::write8(uint8_t, uint8_t)	16	static
BME280.cpp:257:9:uint8_t BME280::read8(uint8_t)	24	static
BME280.cpp:272:10:uint16_t BME280::read16(uint8_t)	24	static
BME280.cpp:291:10:uint32_t BME280::read24(uint8_t)	24	static
BME280.cpp:312:9:int16_t BME280::readS16(uint8_t)	16	static
BME280.cpp:317:10:uint16_t BME280::read16_LE(uint8_t)	24	static
BME280.cpp:323:9:int16_t BME280::readS16_LE(uint8_t)	16	static
