freertos.cpp:170:13:void configureTimerForRunTimeStats()	4	static
freertos.cpp:175:22:long unsigned int getRunTimeCounterValue()	4	static
freertos.cpp:182:6:void vApplicationIdleHook()	4	static
freertos.cpp:197:6:void vApplicationTickHook()	4	static
freertos.cpp:208:6:void vApplicationStackOverflowHook(TaskHandle_t, signed char*)	16	static
freertos.cpp:217:6:void vApplicationMallocFailedHook()	4	static
freertos.cpp:237:6:void MX_FREERTOS_Init()	8	static
freertos.cpp:348:6:void startMeasuring(void*)	16	static
freertos.cpp:366:6:void startCANIO(void*)	16	static
freertos.cpp:384:6:void startMonitoring(void*)	16	static
freertos.cpp:402:6:void startUI(void*)	16	static
freertos.cpp:422:6:void startUARTIO(void*)	16	static
freertos.cpp:434:6:void startMeasurement(void*)	16	static
freertos.cpp:442:6:void stopLEDs(void*)	16	static
freertos.cpp:450:6:void LEDSlowToggle(void*)	16	static
freertos.cpp:458:6:void LEDFastToggle(void*)	16	static
freertos.cpp:466:6:void ProcessButtons(void*)	16	static
