stm32l4xx_it.c:77:6:NMI_Handler	4	static
stm32l4xx_it.c:92:6:HardFault_Handler	4	static
stm32l4xx_it.c:107:6:MemManage_Handler	4	static
stm32l4xx_it.c:122:6:BusFault_Handler	4	static
stm32l4xx_it.c:137:6:UsageFault_Handler	4	static
stm32l4xx_it.c:152:6:DebugMon_Handler	4	static
stm32l4xx_it.c:172:6:DMA1_Channel1_IRQHandler	8	static
stm32l4xx_it.c:186:6:ADC1_IRQHandler	8	static
stm32l4xx_it.c:200:6:CAN1_TX_IRQHandler	8	static
stm32l4xx_it.c:214:6:CAN1_RX0_IRQHandler	8	static
stm32l4xx_it.c:228:6:CAN1_RX1_IRQHandler	8	static
stm32l4xx_it.c:242:6:TIM1_UP_TIM16_IRQHandler	8	static
stm32l4xx_it.c:256:6:TIM3_IRQHandler	8	static
stm32l4xx_it.c:270:6:SPI1_IRQHandler	8	static
stm32l4xx_it.c:284:6:USART1_IRQHandler	8	static
stm32l4xx_it.c:298:6:EXTI15_10_IRQHandler	8	static
